Archive member included to satisfy reference by file (symbol)

d:/mounriver/mounriver_studio/toolchain/risc-v embedded gcc/bin/../lib/gcc/riscv-none-embed/8.2.0/../../../../riscv-none-embed/lib/rv32imafc/ilp32f\libm.a(lib_a-s_cos.o)
                              ./zf_device/zf_device_gps_tau1201.o (cos)
d:/mounriver/mounriver_studio/toolchain/risc-v embedded gcc/bin/../lib/gcc/riscv-none-embed/8.2.0/../../../../riscv-none-embed/lib/rv32imafc/ilp32f\libm.a(lib_a-s_round.o)
                              ./user_c/main.o (round)
d:/mounriver/mounriver_studio/toolchain/risc-v embedded gcc/bin/../lib/gcc/riscv-none-embed/8.2.0/../../../../riscv-none-embed/lib/rv32imafc/ilp32f\libm.a(lib_a-s_sin.o)
                              ./zf_device/zf_device_gps_tau1201.o (sin)
d:/mounriver/mounriver_studio/toolchain/risc-v embedded gcc/bin/../lib/gcc/riscv-none-embed/8.2.0/../../../../riscv-none-embed/lib/rv32imafc/ilp32f\libm.a(lib_a-s_tan.o)
                              ./code/Control.o (tan)
d:/mounriver/mounriver_studio/toolchain/risc-v embedded gcc/bin/../lib/gcc/riscv-none-embed/8.2.0/../../../../riscv-none-embed/lib/rv32imafc/ilp32f\libm.a(lib_a-sf_atan.o)
                              ./user_c/main.o (atanf)
d:/mounriver/mounriver_studio/toolchain/risc-v embedded gcc/bin/../lib/gcc/riscv-none-embed/8.2.0/../../../../riscv-none-embed/lib/rv32imafc/ilp32f\libm.a(lib_a-sf_fabs.o)
                              d:/mounriver/mounriver_studio/toolchain/risc-v embedded gcc/bin/../lib/gcc/riscv-none-embed/8.2.0/../../../../riscv-none-embed/lib/rv32imafc/ilp32f\libm.a(lib_a-sf_atan.o) (fabsf)
d:/mounriver/mounriver_studio/toolchain/risc-v embedded gcc/bin/../lib/gcc/riscv-none-embed/8.2.0/../../../../riscv-none-embed/lib/rv32imafc/ilp32f\libm.a(lib_a-w_asin.o)
                              ./zf_device/zf_device_gps_tau1201.o (asin)
d:/mounriver/mounriver_studio/toolchain/risc-v embedded gcc/bin/../lib/gcc/riscv-none-embed/8.2.0/../../../../riscv-none-embed/lib/rv32imafc/ilp32f\libm.a(lib_a-w_atan2.o)
                              ./zf_device/zf_device_gps_tau1201.o (atan2)
d:/mounriver/mounriver_studio/toolchain/risc-v embedded gcc/bin/../lib/gcc/riscv-none-embed/8.2.0/../../../../riscv-none-embed/lib/rv32imafc/ilp32f\libm.a(lib_a-w_pow.o)
                              ./zf_device/zf_device_gps_tau1201.o (pow)
d:/mounriver/mounriver_studio/toolchain/risc-v embedded gcc/bin/../lib/gcc/riscv-none-embed/8.2.0/../../../../riscv-none-embed/lib/rv32imafc/ilp32f\libm.a(lib_a-w_sqrt.o)
                              ./zf_device/zf_device_gps_tau1201.o (sqrt)
d:/mounriver/mounriver_studio/toolchain/risc-v embedded gcc/bin/../lib/gcc/riscv-none-embed/8.2.0/../../../../riscv-none-embed/lib/rv32imafc/ilp32f\libm.a(lib_a-wf_atan2.o)
                              ./code/ZHONGXIAN.o (atan2f)
d:/mounriver/mounriver_studio/toolchain/risc-v embedded gcc/bin/../lib/gcc/riscv-none-embed/8.2.0/../../../../riscv-none-embed/lib/rv32imafc/ilp32f\libm.a(lib_a-wf_sqrt.o)
                              ./code/ZHONGXIAN.o (sqrtf)
d:/mounriver/mounriver_studio/toolchain/risc-v embedded gcc/bin/../lib/gcc/riscv-none-embed/8.2.0/../../../../riscv-none-embed/lib/rv32imafc/ilp32f\libm.a(lib_a-e_asin.o)
                              d:/mounriver/mounriver_studio/toolchain/risc-v embedded gcc/bin/../lib/gcc/riscv-none-embed/8.2.0/../../../../riscv-none-embed/lib/rv32imafc/ilp32f\libm.a(lib_a-w_asin.o) (__ieee754_asin)
d:/mounriver/mounriver_studio/toolchain/risc-v embedded gcc/bin/../lib/gcc/riscv-none-embed/8.2.0/../../../../riscv-none-embed/lib/rv32imafc/ilp32f\libm.a(lib_a-e_atan2.o)
                              d:/mounriver/mounriver_studio/toolchain/risc-v embedded gcc/bin/../lib/gcc/riscv-none-embed/8.2.0/../../../../riscv-none-embed/lib/rv32imafc/ilp32f\libm.a(lib_a-w_atan2.o) (__ieee754_atan2)
d:/mounriver/mounriver_studio/toolchain/risc-v embedded gcc/bin/../lib/gcc/riscv-none-embed/8.2.0/../../../../riscv-none-embed/lib/rv32imafc/ilp32f\libm.a(lib_a-e_pow.o)
                              d:/mounriver/mounriver_studio/toolchain/risc-v embedded gcc/bin/../lib/gcc/riscv-none-embed/8.2.0/../../../../riscv-none-embed/lib/rv32imafc/ilp32f\libm.a(lib_a-w_pow.o) (__ieee754_pow)
d:/mounriver/mounriver_studio/toolchain/risc-v embedded gcc/bin/../lib/gcc/riscv-none-embed/8.2.0/../../../../riscv-none-embed/lib/rv32imafc/ilp32f\libm.a(lib_a-e_rem_pio2.o)
                              d:/mounriver/mounriver_studio/toolchain/risc-v embedded gcc/bin/../lib/gcc/riscv-none-embed/8.2.0/../../../../riscv-none-embed/lib/rv32imafc/ilp32f\libm.a(lib_a-s_cos.o) (__ieee754_rem_pio2)
d:/mounriver/mounriver_studio/toolchain/risc-v embedded gcc/bin/../lib/gcc/riscv-none-embed/8.2.0/../../../../riscv-none-embed/lib/rv32imafc/ilp32f\libm.a(lib_a-e_sqrt.o)
                              d:/mounriver/mounriver_studio/toolchain/risc-v embedded gcc/bin/../lib/gcc/riscv-none-embed/8.2.0/../../../../riscv-none-embed/lib/rv32imafc/ilp32f\libm.a(lib_a-w_sqrt.o) (__ieee754_sqrt)
[...]
Memory Configuration

Name             Origin             Length             Attributes
RAM              0x0000000020000000 0x0000000000010000 xrw
FLASH            0x0000000000000000 0x0000000000040000 xr
*default*        0x0000000000000000 0xffffffffffffffff

Linker script and memory map

LOAD ./zf_driver/zf_driver_adc.o
LOAD ./zf_driver/zf_driver_delay.o
LOAD ./zf_driver/zf_driver_dvp.o
LOAD ./zf_driver/zf_driver_encoder.o
LOAD ./zf_driver/zf_driver_exti.o
LOAD ./zf_driver/zf_driver_flash.o
LOAD ./zf_driver/zf_driver_gpio.o
LOAD ./zf_driver/zf_driver_iic.o
LOAD ./zf_driver/zf_driver_pit.o
LOAD ./zf_driver/zf_driver_pwm.o
LOAD ./zf_driver/zf_driver_soft_iic.o
LOAD ./zf_driver/zf_driver_soft_spi.o
LOAD ./zf_driver/zf_driver_spi.o
LOAD ./zf_driver/zf_driver_timer.o
LOAD ./zf_driver/zf_driver_uart.o
LOAD ./zf_driver/zf_driver_usb_cdc.o
LOAD ./zf_device/zf_device_absolute_encoder.o
LOAD ./zf_device/zf_device_aht20.o
LOAD ./zf_device/zf_device_bluetooth_ch9141.o
LOAD ./zf_device/zf_device_camera.o
LOAD ./zf_device/zf_device_dl1a.o
LOAD ./zf_device/zf_device_dm1xa.o
LOAD ./zf_device/zf_device_gps_tau1201.o
LOAD ./zf_device/zf_device_icm20602.o
LOAD ./zf_device/zf_device_imu660ra.o
LOAD ./zf_device/zf_device_imu963ra.o
LOAD ./zf_device/zf_device_ips114.o
LOAD ./zf_device/zf_device_ips200.o
LOAD ./zf_device/zf_device_k24c02.o
LOAD ./zf_device/zf_device_key.o
LOAD ./zf_device/zf_device_mpu6050.o
LOAD ./zf_device/zf_device_mt9v03x_dvp.o
LOAD ./zf_device/zf_device_oled.o
LOAD ./zf_device/zf_device_scc8660_dvp.o
LOAD ./zf_device/zf_device_tft180.o
LOAD ./zf_device/zf_device_type.o
LOAD ./zf_device/zf_device_virtual_oscilloscope.o
LOAD ./zf_device/zf_device_w25q32.o
LOAD ./zf_device/zf_device_wifi_uart.o
LOAD ./zf_device/zf_device_wireless_ch573.o
LOAD ./zf_device/zf_device_wireless_uart.o
LOAD ./zf_common/zf_common_clock.o
LOAD ./zf_common/zf_common_debug.o
LOAD ./zf_common/zf_common_fifo.o
LOAD ./zf_common/zf_common_font.o
LOAD ./zf_common/zf_common_function.o
LOAD ./zf_common/zf_common_interrupt.o
LOAD ./user_c/isr.o
LOAD ./user_c/main.o
LOAD ./sdk/Startup/startup_ch32v30x_D8C.o
LOAD ./sdk/Peripheral/ch32v30x_adc.o
LOAD ./sdk/Peripheral/ch32v30x_bkp.o
LOAD ./sdk/Peripheral/ch32v30x_can.o
LOAD ./sdk/Peripheral/ch32v30x_crc.o
LOAD ./sdk/Peripheral/ch32v30x_dac.o
LOAD ./sdk/Peripheral/ch32v30x_dbgmcu.o
LOAD ./sdk/Peripheral/ch32v30x_dma.o
LOAD ./sdk/Peripheral/ch32v30x_dvp.o
LOAD ./sdk/Peripheral/ch32v30x_eth.o
LOAD ./sdk/Peripheral/ch32v30x_exti.o
LOAD ./sdk/Peripheral/ch32v30x_flash.o
LOAD ./sdk/Peripheral/ch32v30x_fsmc.o
LOAD ./sdk/Peripheral/ch32v30x_gpio.o
LOAD ./sdk/Peripheral/ch32v30x_i2c.o
LOAD ./sdk/Peripheral/ch32v30x_iwdg.o
LOAD ./sdk/Peripheral/ch32v30x_opa.o
LOAD ./sdk/Peripheral/ch32v30x_pwr.o
LOAD ./sdk/Peripheral/ch32v30x_rcc.o
LOAD ./sdk/Peripheral/ch32v30x_rng.o
LOAD ./sdk/Peripheral/ch32v30x_rtc.o
LOAD ./sdk/Peripheral/ch32v30x_sdio.o
LOAD ./sdk/Peripheral/ch32v30x_spi.o
LOAD ./sdk/Peripheral/ch32v30x_tim.o
LOAD ./sdk/Peripheral/ch32v30x_usart.o
LOAD ./sdk/Peripheral/ch32v30x_usbotg_device.o
LOAD ./sdk/Peripheral/ch32v30x_wwdg.o
LOAD ./sdk/Core/core_riscv.o
LOAD ./code/Control.o
LOAD ./code/DajinFa.o
LOAD ./code/KEY.o
LOAD ./code/Menu_2.0.o
LOAD ./code/My_PID.o
LOAD ./code/My_huidu.o
LOAD ./code/PID.o
LOAD ./code/TELL_shizi.o
LOAD ./code/Y_stack.o
LOAD ./code/Yuan_huan.o
LOAD ./code/ZHONGXIAN.o
LOAD ./code/charge.o
LOAD ./code/debug.o
LOAD ./code/dianci.o
LOAD ./code/icm20602_chuli.o
LOAD ./code/initialize.o
LOAD ./code/nitoushi.o
LOAD ./code/tof.o
LOAD ./code/utils.o
LOAD ./code/zhangai.o
LOAD d:/mounriver/mounriver_studio/toolchain/risc-v embedded gcc/bin/../lib/gcc/riscv-none-embed/8.2.0/../../../../riscv-none-embed/lib/rv32imafc/ilp32f\libm.a
LOAD D:\移植后车代码\Seekfree_CH32V307VCT6_Opensource_Library\libraries\zf_device\libzf_device_config.a
LOAD d:/mounriver/mounriver_studio/toolchain/risc-v embedded gcc/bin/../lib/gcc/riscv-none-embed/8.2.0/rv32imafc/ilp32f\libgcc.a
LOAD d:/mounriver/mounriver_studio/toolchain/risc-v embedded gcc/bin/../lib/gcc/riscv-none-embed/8.2.0/../../../../riscv-none-embed/lib/rv32imafc/ilp32f\libg_nano.a
LOAD d:/mounriver/mounriver_studio/toolchain/risc-v embedded gcc/bin/../lib/gcc/riscv-none-embed/8.2.0/../../../../riscv-none-embed/lib/rv32imafc/ilp32f\libc_nano.a
LOAD d:/mounriver/mounriver_studio/toolchain/risc-v embedded gcc/bin/../lib/gcc/riscv-none-embed/8.2.0/rv32imafc/ilp32f\libgcc.a
START GROUP
LOAD d:/mounriver/mounriver_studio/toolchain/risc-v embedded gcc/bin/../lib/gcc/riscv-none-embed/8.2.0/rv32imafc/ilp32f\libgcc.a
LOAD d:/mounriver/mounriver_studio/toolchain/risc-v embedded gcc/bin/../lib/gcc/riscv-none-embed/8.2.0/../../../../riscv-none-embed/lib/rv32imafc/ilp32f\libc_nano.a
LOAD d:/mounriver/mounriver_studio/toolchain/risc-v embedded gcc/bin/../lib/gcc/riscv-none-embed/8.2.0/../../../../riscv-none-embed/lib/rv32imafc/ilp32f\libnosys.a
END GROUP
START GROUP
LOAD d:/mounriver/mounriver_studio/toolchain/risc-v embedded gcc/bin/../lib/gcc/riscv-none-embed/8.2.0/rv32imafc/ilp32f\libgcc.a
LOAD d:/mounriver/mounriver_studio/toolchain/risc-v embedded gcc/bin/../lib/gcc/riscv-none-embed/8.2.0/../../../../riscv-none-embed/lib/rv32imafc/ilp32f\libc_nano.a
LOAD d:/mounriver/mounriver_studio/toolchain/risc-v embedded gcc/bin/../lib/gcc/riscv-none-embed/8.2.0/../../../../riscv-none-embed/lib/rv32imafc/ilp32f\libnosys.a
END GROUP
                0x0000000000000800                __stack_size = 0x800
                [!provide]                        PROVIDE (_stack_size = __stack_size)

.init           0x0000000000000000       0x38
                0x0000000000000000                _sinit = .
                0x0000000000000000                . = ALIGN (0x4)
 *(SORT_NONE(.init))
 .init          0x0000000000000000       0x38 ./sdk/Startup/startup_ch32v30x_D8C.o
                0x0000000000000000                _start
                0x0000000000000038                . = ALIGN (0x4)
                0x0000000000000038                _einit = .

.vector         0x0000000000000038      0x1c8
 *(.vector)
 .vector        0x0000000000000038      0x1a0 ./sdk/Startup/startup_ch32v30x_D8C.o
                0x0000000000000200                . = ALIGN (0x40)
 *fill*         0x00000000000001d8       0x28 

.text           0x0000000000000200    0x2d380
                0x0000000000000200                . = ALIGN (0x4)
 *(.text)
 .text          0x0000000000000200       0xa8 d:/mounriver/mounriver_studio/toolchain/risc-v embedded gcc/bin/../lib/gcc/riscv-none-embed/8.2.0/../../../../riscv-none-embed/lib/rv32imafc/ilp32f\libg_nano.a(lib_a-memset.o)
                0x0000000000000200                memset
 *(.text.*)
 .text.adc_convert
                0x00000000000002a8       0xbc ./zf_driver/zf_driver_adc.o
                0x00000000000002a8                adc_convert
 .text.adc_mean_filter_convert
                0x0000000000000364       0x7c ./zf_driver/zf_driver_adc.o
                0x0000000000000364                adc_mean_filter_convert
 .text.adc_init
                0x00000000000003e0      0x194 ./zf_driver/zf_driver_adc.o
                0x00000000000003e0                adc_init
 .text.system_delay
                0x0000000000000574       0x9a ./zf_driver/zf_driver_delay.o
                0x0000000000000574                system_delay
 .text.dvp_gpio_init
                0x000000000000060e      0x10c ./zf_driver/zf_driver_dvp.o
                0x000000000000060e                dvp_gpio_init
 .text.dvp_camera_init
                0x000000000000071a      0x144 ./zf_driver/zf_driver_dvp.o
                0x000000000000071a                dvp_camera_init
 .text.encoder_get_count
                0x000000000000085e      0x168 ./zf_driver/zf_driver_encoder.o
                0x000000000000085e                encoder_get_count
 .text.encoder_clear_count
                0x00000000000009c6       0x9a ./zf_driver/zf_driver_encoder.o
                0x00000000000009c6                encoder_clear_count
 .text.encoder_dir_init
                0x0000000000000a60      0x2ec ./zf_driver/zf_driver_encoder.o
                0x0000000000000a60                encoder_dir_init
 .text.gpio_set_level
                0x0000000000000d4c       0x78 ./zf_driver/zf_driver_gpio.o
                0x0000000000000d4c                gpio_set_level
 .text.gpio_get_level
                0x0000000000000dc4       0x42 ./zf_driver/zf_driver_gpio.o
                0x0000000000000dc4                gpio_get_level
 .text.gpio_init
                0x0000000000000e06      0x15c ./zf_driver/zf_driver_gpio.o
                0x0000000000000e06                gpio_init
 .text.pit_init
                0x0000000000000f62      0x218 ./zf_driver/zf_driver_pit.o
                0x0000000000000f62                pit_init
 .text.pwm_set_duty
                0x000000000000117a      0x166 ./zf_driver/zf_driver_pwm.o
                0x000000000000117a                pwm_set_duty
 .text.pwm_init
                0x00000000000012e0      0x416 ./zf_driver/zf_driver_pwm.o
                0x00000000000012e0                pwm_init
 .text.soft_iic_start
                0x00000000000016f6      0x128 ./zf_driver/zf_driver_soft_iic.o
 .text.soft_iic_stop
                0x000000000000181e      0x142 ./zf_driver/zf_driver_soft_iic.o
 .text.soft_iic_send_ack
                0x0000000000001960      0x196 ./zf_driver/zf_driver_soft_iic.o
 .text.soft_iic_wait_ack
                0x0000000000001af6      0x160 ./zf_driver/zf_driver_soft_iic.o
 .text.soft_iic_send_data
                0x0000000000001c56      0x16e ./zf_driver/zf_driver_soft_iic.o
 .text.soft_iic_read_data
                0x0000000000001dc4      0x1ea ./zf_driver/zf_driver_soft_iic.o
 .text.soft_iic_write_8bit_array
                0x0000000000001fae       0xa8 ./zf_driver/zf_driver_soft_iic.o
                0x0000000000001fae                soft_iic_write_8bit_array
 .text.soft_iic_write_8bit_register
                0x0000000000002056       0x80 ./zf_driver/zf_driver_soft_iic.o
                0x0000000000002056                soft_iic_write_8bit_register
 .text.soft_iic_read_8bit_register
                0x00000000000020d6       0xac ./zf_driver/zf_driver_soft_iic.o
                0x00000000000020d6                soft_iic_read_8bit_register
 .text.soft_iic_read_8bit_registers
                0x0000000000002182       0xfe ./zf_driver/zf_driver_soft_iic.o
                0x0000000000002182                soft_iic_read_8bit_registers
 .text.soft_iic_sccb_write_register
                0x0000000000002280       0x86 ./zf_driver/zf_driver_soft_iic.o
                0x0000000000002280                soft_iic_sccb_write_register
 .text.soft_iic_sccb_read_register
                0x0000000000002306       0xbc ./zf_driver/zf_driver_soft_iic.o
                0x0000000000002306                soft_iic_sccb_read_register
 .text.soft_iic_init
                0x00000000000023c2       0xb2 ./zf_driver/zf_driver_soft_iic.o
                0x00000000000023c2                soft_iic_init
 .text.spi_write_8bit
                0x0000000000002474       0x6a ./zf_driver/zf_driver_spi.o
                0x0000000000002474                spi_write_8bit
 .text.spi_write_16bit
                0x00000000000024de       0xa6 ./zf_driver/zf_driver_spi.o
                0x00000000000024de                spi_write_16bit
 .text.spi_write_8bit_register
                0x0000000000002584       0xc4 ./zf_driver/zf_driver_spi.o
                0x0000000000002584                spi_write_8bit_register
 .text.spi_write_8bit_registers
                0x0000000000002648       0xba ./zf_driver/zf_driver_spi.o
                0x0000000000002648                spi_write_8bit_registers
 .text.spi_read_8bit_registers
                0x0000000000002702       0xe4 ./zf_driver/zf_driver_spi.o
                0x0000000000002702                spi_read_8bit_registers
 .text.spi_init
                0x00000000000027e6      0x2f0 ./zf_driver/zf_driver_spi.o
                0x00000000000027e6                spi_init
 .text.timer_funciton_check
                0x0000000000002ad6       0x66 ./zf_driver/zf_driver_timer.o
                0x0000000000002ad6                timer_funciton_check
 .text.timer_clock_enable
                0x0000000000002b3c       0xe2 ./zf_driver/zf_driver_timer.o
                0x0000000000002b3c                timer_clock_enable
 .text.timer_get
                0x0000000000002c1e       0xfe ./zf_driver/zf_driver_timer.o
                0x0000000000002c1e                timer_get
 .text.timer_clear
                0x0000000000002d1c       0xc4 ./zf_driver/zf_driver_timer.o
                0x0000000000002d1c                timer_clear
 .text.uart_write_byte
                0x0000000000002de0       0x56 ./zf_driver/zf_driver_uart.o
                0x0000000000002de0                uart_write_byte
 .text.uart_write_buffer
                0x0000000000002e36       0x64 ./zf_driver/zf_driver_uart.o
                0x0000000000002e36                uart_write_buffer
 .text.uart_write_string
                0x0000000000002e9a       0x60 ./zf_driver/zf_driver_uart.o
                0x0000000000002e9a                uart_write_string
 .text.uart_rx_interrupt
                0x0000000000002efa       0x84 ./zf_driver/zf_driver_uart.o
                0x0000000000002efa                uart_rx_interrupt
 .text.uart_query_byte
                0x0000000000002f7e       0x5e ./zf_driver/zf_driver_uart.o
                0x0000000000002f7e                uart_query_byte
 .text.uart_init
                0x0000000000002fdc      0x5a6 ./zf_driver/zf_driver_uart.o
                0x0000000000002fdc                uart_init
 .text.camera_fifo_init
                0x0000000000003582       0x22 ./zf_device/zf_device_camera.o
                0x0000000000003582                camera_fifo_init
 .text.dl1a_get_spad_info
                0x00000000000035a4      0x208 ./zf_device/zf_device_dl1a.o
 .text.dl1a_timeout_mclks_to_microseconds
                0x00000000000037ac       0x58 ./zf_device/zf_device_dl1a.o
 .text.dl1a_timeout_microseconds_to_mclks
                0x0000000000003804       0x54 ./zf_device/zf_device_dl1a.o
 .text.dl1a_decode_timeout
                0x0000000000003858       0x34 ./zf_device/zf_device_dl1a.o
 .text.dl1a_encode_timeout
                0x000000000000388c       0x7a ./zf_device/zf_device_dl1a.o
 .text.dl1a_get_sequence_step_enables
                0x0000000000003906       0x9e ./zf_device/zf_device_dl1a.o
 .text.dl1a_get_vcsel_pulse_period
                0x00000000000039a4       0x88 ./zf_device/zf_device_dl1a.o
 .text.dl1a_get_sequence_step_timeouts
                0x0000000000003a2c      0x192 ./zf_device/zf_device_dl1a.o
 .text.dl1a_perform_single_ref_calibration
                0x0000000000003bbe       0xce ./zf_device/zf_device_dl1a.o
 .text.dl1a_set_measurement_timing_budget
                0x0000000000003c8c      0x166 ./zf_device/zf_device_dl1a.o
 .text.dl1a_get_measurement_timing_budget
                0x0000000000003df2       0xb6 ./zf_device/zf_device_dl1a.o
 .text.dl1a_set_signal_rate_limit
                0x0000000000003ea8       0xa6 ./zf_device/zf_device_dl1a.o
 .text.dl1a_get_distance
                0x0000000000003f4e       0xa4 ./zf_device/zf_device_dl1a.o
                0x0000000000003f4e                dl1a_get_distance
 .text.dl1a_init
                0x0000000000003ff2      0x92e ./zf_device/zf_device_dl1a.o
                0x0000000000003ff2                dl1a_init
 .text.dm1xa_sound_callback
                0x0000000000004920       0xf2 ./zf_device/zf_device_dm1xa.o
                0x0000000000004920                dm1xa_sound_callback
 .text.dm1xa_light_callback
                0x0000000000004a12       0x32 ./zf_device/zf_device_dm1xa.o
                0x0000000000004a12                dm1xa_light_callback
 .text.gps_uart_callback
                0x0000000000004a44      0x10a ./zf_device/zf_device_gps_tau1201.o
                0x0000000000004a44                gps_uart_callback
 .text.imu660ra_write_register
                0x0000000000004b4e       0x52 ./zf_device/zf_device_imu660ra.o
 .text.imu660ra_write_registers
                0x0000000000004ba0       0x54 ./zf_device/zf_device_imu660ra.o
 .text.imu660ra_read_register
                0x0000000000004bf4       0x58 ./zf_device/zf_device_imu660ra.o
 .text.imu660ra_read_registers
                0x0000000000004c4c       0xa0 ./zf_device/zf_device_imu660ra.o
 .text.imu660ra_self_check
                0x0000000000004cec       0x6c ./zf_device/zf_device_imu660ra.o
 .text.imu660ra_get_acc
                0x0000000000004d58       0x80 ./zf_device/zf_device_imu660ra.o
                0x0000000000004d58                imu660ra_get_acc
 .text.imu660ra_get_gyro
                0x0000000000004dd8       0x80 ./zf_device/zf_device_imu660ra.o
                0x0000000000004dd8                imu660ra_get_gyro
 .text.imu660ra_init
                0x0000000000004e58      0x14c ./zf_device/zf_device_imu660ra.o
                0x0000000000004e58                imu660ra_init
 .text.mt9v03x_set_config
                0x0000000000004fa4      0x14c ./zf_device/zf_device_mt9v03x_dvp.o
 .text.mt9v03x_get_config
                0x00000000000050f0      0x174 ./zf_device/zf_device_mt9v03x_dvp.o
 .text.mt9v03x_uart_handler
                0x0000000000005264       0x44 ./zf_device/zf_device_mt9v03x_dvp.o
 .text.mt9v03x_dvp_handler
                0x00000000000052a8       0x14 ./zf_device/zf_device_mt9v03x_dvp.o
                0x00000000000052a8                mt9v03x_dvp_handler
 .text.mt9v03x_get_version
                0x00000000000052bc       0xda ./zf_device/zf_device_mt9v03x_dvp.o
                0x00000000000052bc                mt9v03x_get_version
 .text.mt9v03x_init
                0x0000000000005396      0x192 ./zf_device/zf_device_mt9v03x_dvp.o
                0x0000000000005396                mt9v03x_init
 .text.tft180_write_index
                0x0000000000005528       0x7c ./zf_device/zf_device_tft180.o
 .text.tft180_set_region
                0x00000000000055a4      0x1ee ./zf_device/zf_device_tft180.o
 .text.tft180_debug_init
                0x0000000000005792       0x86 ./zf_device/zf_device_tft180.o
 .text.tft180_clear
                0x0000000000005818       0x88 ./zf_device/zf_device_tft180.o
                0x0000000000005818                tft180_clear
 .text.tft180_full
                0x00000000000058a0       0x8e ./zf_device/zf_device_tft180.o
                0x00000000000058a0                tft180_full
 .text.tft180_set_dir
                0x000000000000592e       0x46 ./zf_device/zf_device_tft180.o
                0x000000000000592e                tft180_set_dir
 .text.tft180_set_color
                0x0000000000005974       0x2c ./zf_device/zf_device_tft180.o
                0x0000000000005974                tft180_set_color
 .text.tft180_draw_point
                0x00000000000059a0       0xb4 ./zf_device/zf_device_tft180.o
                0x00000000000059a0                tft180_draw_point
 .text.tft180_show_char
                0x0000000000005a54      0x29a ./zf_device/zf_device_tft180.o
                0x0000000000005a54                tft180_show_char
 .text.tft180_show_string
                0x0000000000005cee      0x122 ./zf_device/zf_device_tft180.o
                0x0000000000005cee                tft180_show_string
 .text.tft180_show_float
                0x0000000000005e10      0x1b6 ./zf_device/zf_device_tft180.o
                0x0000000000005e10                tft180_show_float
 .text.tft180_init
                0x0000000000005fc6      0x44e ./zf_device/zf_device_tft180.o
                0x0000000000005fc6                tft180_init
 .text.type_default_callback
                0x0000000000006414        0xe ./zf_device/zf_device_type.o
 .text.set_camera_type
                0x0000000000006422       0x52 ./zf_device/zf_device_type.o
                0x0000000000006422                set_camera_type
 .text.set_wireless_type
                0x0000000000006474       0x36 ./zf_device/zf_device_type.o
                0x0000000000006474                set_wireless_type
 .text.wireless_ch573_callback
                0x00000000000064aa       0x36 ./zf_device/zf_device_wireless_ch573.o
                0x00000000000064aa                wireless_ch573_callback
 .text.wireless_ch573_send_byte
                0x00000000000064e0       0x66 ./zf_device/zf_device_wireless_ch573.o
                0x00000000000064e0                wireless_ch573_send_byte
 .text.wireless_ch573_init
                0x0000000000006546       0x6c ./zf_device/zf_device_wireless_ch573.o
                0x0000000000006546                wireless_ch573_init
 .text.clock_reset
                0x00000000000065b2       0x76 ./zf_common/zf_common_clock.o
 .text.clock_set_freq
                0x0000000000006628      0x1d8 ./zf_common/zf_common_clock.o
 .text.clock_init
                0x0000000000006800       0x2e ./zf_common/zf_common_clock.o
                0x0000000000006800                clock_init
 .text.__NOP    0x000000000000682e       0x10 ./zf_common/zf_common_debug.o
 .text.debug_delay
                0x000000000000683e       0x54 ./zf_common/zf_common_debug.o
 .text.debug_protective_handler
                0x0000000000006892        0xe ./zf_common/zf_common_debug.o
 .text.debug_uart_str_output
                0x00000000000068a0       0x20 ./zf_common/zf_common_debug.o
 .text.debug_output
                0x00000000000068c0      0x564 ./zf_common/zf_common_debug.o
 .text._write   0x0000000000006e24       0x7c ./zf_common/zf_common_debug.o
                0x0000000000006e24                _write
 .text.debug_assert_handler
                0x0000000000006ea0       0x68 ./zf_common/zf_common_debug.o
                0x0000000000006ea0                debug_assert_handler
 .text.debug_log_handler
                0x0000000000006f08       0x4e ./zf_common/zf_common_debug.o
                0x0000000000006f08                debug_log_handler
 .text.debug_output_struct_init
                0x0000000000006f56       0x5a ./zf_common/zf_common_debug.o
                0x0000000000006f56                debug_output_struct_init
 .text.debug_output_init
                0x0000000000006fb0       0xa8 ./zf_common/zf_common_debug.o
                0x0000000000006fb0                debug_output_init
 .text.debug_init
                0x0000000000007058       0x4a ./zf_common/zf_common_debug.o
                0x0000000000007058                debug_init
 .text.fifo_head_offset
                0x00000000000070a2       0x4e ./zf_common/zf_common_fifo.o
 .text.fifo_end_offset
                0x00000000000070f0       0x4e ./zf_common/zf_common_fifo.o
 .text.fifo_clear
                0x000000000000713e      0x100 ./zf_common/zf_common_fifo.o
                0x000000000000713e                fifo_clear
 .text.fifo_used
                0x000000000000723e       0x44 ./zf_common/zf_common_fifo.o
                0x000000000000723e                fifo_used
 .text.fifo_write_element
                0x0000000000007282      0x118 ./zf_common/zf_common_fifo.o
                0x0000000000007282                fifo_write_element
 .text.fifo_write_buffer
                0x000000000000739a      0x304 ./zf_common/zf_common_fifo.o
                0x000000000000739a                fifo_write_buffer
 .text.fifo_read_buffer
                0x000000000000769e      0x2e0 ./zf_common/zf_common_fifo.o
                0x000000000000769e                fifo_read_buffer
 .text.fifo_init
                0x000000000000797e       0x96 ./zf_common/zf_common_fifo.o
                0x000000000000797e                fifo_init
 .text.func_float_to_str
                0x0000000000007a14      0x260 ./zf_common/zf_common_function.o
                0x0000000000007a14                func_float_to_str
 .text.__enable_irq
                0x0000000000007c74       0x18 ./zf_common/zf_common_interrupt.o
 .text.__disable_irq
                0x0000000000007c8c       0x14 ./zf_common/zf_common_interrupt.o
 .text.NVIC_EnableIRQ
                0x0000000000007ca0       0x32 ./zf_common/zf_common_interrupt.o
 .text.NVIC_DisableIRQ
                0x0000000000007cd2       0x32 ./zf_common/zf_common_interrupt.o
 .text.NVIC_SetPriority
                0x0000000000007d04       0x2a ./zf_common/zf_common_interrupt.o
 .text.interrupt_enable
                0x0000000000007d2e       0x1e ./zf_common/zf_common_interrupt.o
                0x0000000000007d2e                interrupt_enable
 .text.interrupt_disable
                0x0000000000007d4c       0x1e ./zf_common/zf_common_interrupt.o
                0x0000000000007d4c                interrupt_disable
 .text.interrupt_set_priority
                0x0000000000007d6a       0x2a ./zf_common/zf_common_interrupt.o
                0x0000000000007d6a                interrupt_set_priority
 .text.interrupt_global_enable
                0x0000000000007d94       0x32 ./zf_common/zf_common_interrupt.o
                0x0000000000007d94                interrupt_global_enable
 .text.interrupt_global_disable
                0x0000000000007dc6       0x2c ./zf_common/zf_common_interrupt.o
                0x0000000000007dc6                interrupt_global_disable
 .text.interrupt_init
                0x0000000000007df2       0x18 ./zf_common/zf_common_interrupt.o
                0x0000000000007df2                interrupt_init
 .text.USART1_IRQHandler
                0x0000000000007e0a       0x84 ./user_c/isr.o
                0x0000000000007e0a                USART1_IRQHandler
 .text.USART2_IRQHandler
                0x0000000000007e8e       0x84 ./user_c/isr.o
                0x0000000000007e8e                USART2_IRQHandler
 .text.USART3_IRQHandler
                0x0000000000007f12       0x84 ./user_c/isr.o
                0x0000000000007f12                USART3_IRQHandler
 .text.UART4_IRQHandler
                0x0000000000007f96       0x84 ./user_c/isr.o
                0x0000000000007f96                UART4_IRQHandler
 .text.UART5_IRQHandler
                0x000000000000801a       0x82 ./user_c/isr.o
                0x000000000000801a                UART5_IRQHandler
 .text.UART6_IRQHandler
                0x000000000000809c       0x84 ./user_c/isr.o
                0x000000000000809c                UART6_IRQHandler
 .text.UART7_IRQHandler
                0x0000000000008120       0x8a ./user_c/isr.o
                0x0000000000008120                UART7_IRQHandler
 .text.UART8_IRQHandler
                0x00000000000081aa       0x80 ./user_c/isr.o
                0x00000000000081aa                UART8_IRQHandler
 .text.DVP_IRQHandler
                0x000000000000822a       0x90 ./user_c/isr.o
                0x000000000000822a                DVP_IRQHandler
 .text.EXTI0_IRQHandler
                0x00000000000082ba       0x74 ./user_c/isr.o
                0x00000000000082ba                EXTI0_IRQHandler
 .text.EXTI1_IRQHandler
                0x000000000000832e       0x74 ./user_c/isr.o
                0x000000000000832e                EXTI1_IRQHandler
 .text.EXTI2_IRQHandler
                0x00000000000083a2       0x74 ./user_c/isr.o
                0x00000000000083a2                EXTI2_IRQHandler
 .text.EXTI3_IRQHandler
                0x0000000000008416       0x74 ./user_c/isr.o
                0x0000000000008416                EXTI3_IRQHandler
 .text.EXTI4_IRQHandler
                0x000000000000848a       0x74 ./user_c/isr.o
                0x000000000000848a                EXTI4_IRQHandler
 .text.EXTI9_5_IRQHandler
                0x00000000000084fe       0xd8 ./user_c/isr.o
                0x00000000000084fe                EXTI9_5_IRQHandler
 .text.EXTI15_10_IRQHandler
                0x00000000000085d6       0xec ./user_c/isr.o
                0x00000000000085d6                EXTI15_10_IRQHandler
 .text.TIM1_UP_IRQHandler
                0x00000000000086c2       0x80 ./user_c/isr.o
                0x00000000000086c2                TIM1_UP_IRQHandler
 .text.TIM2_IRQHandler
                0x0000000000008742       0x78 ./user_c/isr.o
                0x0000000000008742                TIM2_IRQHandler
 .text.TIM3_IRQHandler
                0x00000000000087ba       0x80 ./user_c/isr.o
                0x00000000000087ba                TIM3_IRQHandler
 .text.TIM4_IRQHandler
                0x000000000000883a       0x80 ./user_c/isr.o
                0x000000000000883a                TIM4_IRQHandler
 .text.TIM5_IRQHandler
                0x00000000000088ba       0x80 ./user_c/isr.o
                0x00000000000088ba                TIM5_IRQHandler
 .text.TIM6_IRQHandler
                0x000000000000893a       0x78 ./user_c/isr.o
                0x000000000000893a                TIM6_IRQHandler
 .text.TIM7_IRQHandler
                0x00000000000089b2      0x106 ./user_c/isr.o
                0x00000000000089b2                TIM7_IRQHandler
 .text.TIM8_UP_IRQHandler
                0x0000000000008ab8       0x80 ./user_c/isr.o
                0x0000000000008ab8                TIM8_UP_IRQHandler
 .text.TIM9_UP_IRQHandler
                0x0000000000008b38       0x80 ./user_c/isr.o
                0x0000000000008b38                TIM9_UP_IRQHandler
 .text.TIM10_UP_IRQHandler
                0x0000000000008bb8       0x78 ./user_c/isr.o
                0x0000000000008bb8                TIM10_UP_IRQHandler
 .text.NMI_Handler
                0x0000000000008c30       0x10 ./user_c/isr.o
                0x0000000000008c30                NMI_Handler
 .text.HardFault_Handler
                0x0000000000008c40        0x8 ./user_c/isr.o
                0x0000000000008c40                HardFault_Handler
 .text.main     0x0000000000008c48       0x80 ./user_c/main.o
                0x0000000000008c48                main
 .text.find_left
                0x0000000000008cc8       0xde ./user_c/main.o
                0x0000000000008cc8                find_left
 .text.find_right
                0x0000000000008da6       0xe4 ./user_c/main.o
                0x0000000000008da6                find_right
 .text.nitoushi_bianije
                0x0000000000008e8a       0x56 ./user_c/main.o
                0x0000000000008e8a                nitoushi_bianije
 .text.dengjucaiyang
                0x0000000000008ee0       0x7e ./user_c/main.o
                0x0000000000008ee0                dengjucaiyang
 .text.zhaojiaodian
                0x0000000000008f5e       0xc2 ./user_c/main.o
                0x0000000000008f5e                zhaojiaodian
 .text.feijidayizhi
                0x0000000000009020       0xc6 ./user_c/main.o
                0x0000000000009020                feijidayizhi
 .text.find_zhongxian
                0x00000000000090e6      0x14e ./user_c/main.o
                0x00000000000090e6                find_zhongxian
 .text.find_L_jiaodian
                0x0000000000009234      0x6b6 ./user_c/main.o
                0x0000000000009234                find_L_jiaodian
 .text.Bijiaobianchang
                0x00000000000098ea       0x74 ./user_c/main.o
                0x00000000000098ea                Bijiaobianchang
 .text.zhongxianGuiyihua
                0x000000000000995e      0x878 ./user_c/main.o
                0x000000000000995e                zhongxianGuiyihua
 .text.Yuan_huan_wait
                0x000000000000a1d6       0x38 ./user_c/main.o
                0x000000000000a1d6                Yuan_huan_wait
 .text.TELL_dianci
                0x000000000000a20e       0xc8 ./user_c/main.o
                0x000000000000a20e                TELL_dianci
 .text.vector_handler
                0x000000000000a2d6       0xbe ./sdk/Startup/startup_ch32v30x_D8C.o
                0x000000000000a2da                Ecall_M_Mode_Handler
                0x000000000000a2dc                Ecall_U_Mode_Handler
                0x000000000000a2de                Break_Point_Handler
                0x000000000000a2e0                SysTick_Handler
                0x000000000000a2e2                SW_Handler
                0x000000000000a2e4                WWDG_IRQHandler
                0x000000000000a2e6                PVD_IRQHandler
                0x000000000000a2e8                TAMPER_IRQHandler
                0x000000000000a2ea                RTC_IRQHandler
                0x000000000000a2ec                FLASH_IRQHandler
                0x000000000000a2ee                RCC_IRQHandler
                0x000000000000a2fa                DMA1_Channel1_IRQHandler
                0x000000000000a2fc                DMA1_Channel2_IRQHandler
                0x000000000000a2fe                DMA1_Channel3_IRQHandler
                0x000000000000a300                DMA1_Channel4_IRQHandler
                0x000000000000a302                DMA1_Channel5_IRQHandler
                0x000000000000a304                DMA1_Channel6_IRQHandler
                0x000000000000a306                DMA1_Channel7_IRQHandler
                0x000000000000a308                ADC1_2_IRQHandler
                0x000000000000a30a                USB_HP_CAN1_TX_IRQHandler
                0x000000000000a30c                USB_LP_CAN1_RX0_IRQHandler
                0x000000000000a30e                CAN1_RX1_IRQHandler
                0x000000000000a310                CAN1_SCE_IRQHandler
                0x000000000000a314                TIM1_BRK_IRQHandler
                0x000000000000a318                TIM1_TRG_COM_IRQHandler
                0x000000000000a31a                TIM1_CC_IRQHandler
                0x000000000000a322                I2C1_EV_IRQHandler
                0x000000000000a324                I2C1_ER_IRQHandler
                0x000000000000a326                I2C2_EV_IRQHandler
                0x000000000000a328                I2C2_ER_IRQHandler
                0x000000000000a32a                SPI1_IRQHandler
                0x000000000000a32c                SPI2_IRQHandler
                0x000000000000a336                RTCAlarm_IRQHandler
                0x000000000000a338                USBWakeUp_IRQHandler
                0x000000000000a33a                TIM8_BRK_IRQHandler
                0x000000000000a33e                TIM8_TRG_COM_IRQHandler
                0x000000000000a340                TIM8_CC_IRQHandler
                0x000000000000a342                RNG_IRQHandler
                0x000000000000a344                FSMC_IRQHandler
                0x000000000000a346                SDIO_IRQHandler
                0x000000000000a34a                SPI3_IRQHandler
                0x000000000000a354                DMA2_Channel1_IRQHandler
                0x000000000000a356                DMA2_Channel2_IRQHandler
                0x000000000000a358                DMA2_Channel3_IRQHandler
                0x000000000000a35a                DMA2_Channel4_IRQHandler
                0x000000000000a35c                DMA2_Channel5_IRQHandler
                0x000000000000a35e                ETH_IRQHandler
                0x000000000000a360                ETH_WKUP_IRQHandler
                0x000000000000a362                CAN2_TX_IRQHandler
                0x000000000000a364                CAN2_RX0_IRQHandler
                0x000000000000a366                CAN2_RX1_IRQHandler
                0x000000000000a368                CAN2_SCE_IRQHandler
                0x000000000000a36c                USBHSWakeup_IRQHandler
                0x000000000000a36e                USBHS_IRQHandler
                0x000000000000a378                TIM9_BRK_IRQHandler
                0x000000000000a37c                TIM9_TRG_COM_IRQHandler
                0x000000000000a37e                TIM9_CC_IRQHandler
                0x000000000000a380                TIM10_BRK_IRQHandler
                0x000000000000a384                TIM10_TRG_COM_IRQHandler
                0x000000000000a386                TIM10_CC_IRQHandler
                0x000000000000a388                DMA2_Channel6_IRQHandler
                0x000000000000a38a                DMA2_Channel7_IRQHandler
                0x000000000000a38c                DMA2_Channel8_IRQHandler
                0x000000000000a38e                DMA2_Channel9_IRQHandler
                0x000000000000a390                DMA2_Channel10_IRQHandler
                0x000000000000a392                DMA2_Channel11_IRQHandler
 .text.handle_reset
                0x000000000000a394       0x8a ./sdk/Startup/startup_ch32v30x_D8C.o
                0x000000000000a394                handle_reset
 .text.ADC_DeInit
                0x000000000000a41e       0x60 ./sdk/Peripheral/ch32v30x_adc.o
                0x000000000000a41e                ADC_DeInit
 .text.ADC_Init
                0x000000000000a47e      0x102 ./sdk/Peripheral/ch32v30x_adc.o
                0x000000000000a47e                ADC_Init
 .text.ADC_Cmd  0x000000000000a580       0x3e ./sdk/Peripheral/ch32v30x_adc.o
                0x000000000000a580                ADC_Cmd
 .text.ADC_ResetCalibration
                0x000000000000a5be       0x22 ./sdk/Peripheral/ch32v30x_adc.o
                0x000000000000a5be                ADC_ResetCalibration
 .text.ADC_GetResetCalibrationStatus
                0x000000000000a5e0       0x30 ./sdk/Peripheral/ch32v30x_adc.o
                0x000000000000a5e0                ADC_GetResetCalibrationStatus
 .text.ADC_StartCalibration
                0x000000000000a610       0x22 ./sdk/Peripheral/ch32v30x_adc.o
                0x000000000000a610                ADC_StartCalibration
 .text.ADC_GetCalibrationStatus
                0x000000000000a632       0x30 ./sdk/Peripheral/ch32v30x_adc.o
                0x000000000000a632                ADC_GetCalibrationStatus
 .text.ADC_SoftwareStartConvCmd
                0x000000000000a662       0x44 ./sdk/Peripheral/ch32v30x_adc.o
                0x000000000000a662                ADC_SoftwareStartConvCmd
 .text.ADC_RegularChannelConfig
                0x000000000000a6a6      0x248 ./sdk/Peripheral/ch32v30x_adc.o
                0x000000000000a6a6                ADC_RegularChannelConfig
 .text.ADC_GetFlagStatus
                0x000000000000a8ee       0x3a ./sdk/Peripheral/ch32v30x_adc.o
                0x000000000000a8ee                ADC_GetFlagStatus
 .text.ADC_BufferCmd
                0x000000000000a928       0x44 ./sdk/Peripheral/ch32v30x_adc.o
                0x000000000000a928                ADC_BufferCmd
 .text.EXTI_GetITStatus
                0x000000000000a96c       0x56 ./sdk/Peripheral/ch32v30x_exti.o
                0x000000000000a96c                EXTI_GetITStatus
 .text.EXTI_ClearITPendingBit
                0x000000000000a9c2       0x20 ./sdk/Peripheral/ch32v30x_exti.o
                0x000000000000a9c2                EXTI_ClearITPendingBit
 .text.GPIO_Init
                0x000000000000a9e2      0x22a ./sdk/Peripheral/ch32v30x_gpio.o
                0x000000000000a9e2                GPIO_Init
 .text.GPIO_WriteBit
                0x000000000000ac0c       0x38 ./sdk/Peripheral/ch32v30x_gpio.o
                0x000000000000ac0c                GPIO_WriteBit
 .text.GPIO_PinRemapConfig
                0x000000000000ac44      0x1c8 ./sdk/Peripheral/ch32v30x_gpio.o
                0x000000000000ac44                GPIO_PinRemapConfig
 .text.RCC_ADCCLKConfig
                0x000000000000ae0c       0x46 ./sdk/Peripheral/ch32v30x_rcc.o
                0x000000000000ae0c                RCC_ADCCLKConfig
 .text.RCC_GetClocksFreq
                0x000000000000ae52      0x2c6 ./sdk/Peripheral/ch32v30x_rcc.o
                0x000000000000ae52                RCC_GetClocksFreq
 .text.RCC_AHBPeriphClockCmd
                0x000000000000b118       0x46 ./sdk/Peripheral/ch32v30x_rcc.o
                0x000000000000b118                RCC_AHBPeriphClockCmd
 .text.RCC_APB2PeriphClockCmd
                0x000000000000b15e       0x46 ./sdk/Peripheral/ch32v30x_rcc.o
                0x000000000000b15e                RCC_APB2PeriphClockCmd
 .text.RCC_APB1PeriphClockCmd
                0x000000000000b1a4       0x46 ./sdk/Peripheral/ch32v30x_rcc.o
                0x000000000000b1a4                RCC_APB1PeriphClockCmd
 .text.RCC_APB2PeriphResetCmd
                0x000000000000b1ea       0x46 ./sdk/Peripheral/ch32v30x_rcc.o
                0x000000000000b1ea                RCC_APB2PeriphResetCmd
 .text.RCC_APB1PeriphResetCmd
                0x000000000000b230       0x46 ./sdk/Peripheral/ch32v30x_rcc.o
                0x000000000000b230                RCC_APB1PeriphResetCmd
 .text.SPI_I2S_DeInit
                0x000000000000b276       0x76 ./sdk/Peripheral/ch32v30x_spi.o
                0x000000000000b276                SPI_I2S_DeInit
 .text.SPI_Init
                0x000000000000b2ec       0xf8 ./sdk/Peripheral/ch32v30x_spi.o
                0x000000000000b2ec                SPI_Init
 .text.SPI_Cmd  0x000000000000b3e4       0x5a ./sdk/Peripheral/ch32v30x_spi.o
                0x000000000000b3e4                SPI_Cmd
 .text.TIM_TimeBaseInit
                0x000000000000b43e      0x17e ./sdk/Peripheral/ch32v30x_tim.o
                0x000000000000b43e                TIM_TimeBaseInit
 .text.TIM_OC1Init
                0x000000000000b5bc      0x19c ./sdk/Peripheral/ch32v30x_tim.o
                0x000000000000b5bc                TIM_OC1Init
 .text.TIM_OC2Init
                0x000000000000b758      0x1e2 ./sdk/Peripheral/ch32v30x_tim.o
                0x000000000000b758                TIM_OC2Init
 .text.TIM_OC3Init
                0x000000000000b93a      0x1dc ./sdk/Peripheral/ch32v30x_tim.o
                0x000000000000b93a                TIM_OC3Init
 .text.TIM_OC4Init
                0x000000000000bb16      0x176 ./sdk/Peripheral/ch32v30x_tim.o
                0x000000000000bb16                TIM_OC4Init
 .text.TIM_TimeBaseStructInit
                0x000000000000bc8c       0x3c ./sdk/Peripheral/ch32v30x_tim.o
                0x000000000000bc8c                TIM_TimeBaseStructInit
 .text.TIM_Cmd  0x000000000000bcc8       0x58 ./sdk/Peripheral/ch32v30x_tim.o
                0x000000000000bcc8                TIM_Cmd
 .text.TIM_CtrlPWMOutputs
                0x000000000000bd20       0x60 ./sdk/Peripheral/ch32v30x_tim.o
                0x000000000000bd20                TIM_CtrlPWMOutputs
 .text.TIM_ITConfig
                0x000000000000bd80       0x70 ./sdk/Peripheral/ch32v30x_tim.o
                0x000000000000bd80                TIM_ITConfig
 .text.TIM_ITRxExternalClockConfig
                0x000000000000bdf0       0x46 ./sdk/Peripheral/ch32v30x_tim.o
                0x000000000000bdf0                TIM_ITRxExternalClockConfig
 .text.TIM_SelectInputTrigger
                0x000000000000be36       0x4e ./sdk/Peripheral/ch32v30x_tim.o
                0x000000000000be36                TIM_SelectInputTrigger
 .text.TIM_OC1PreloadConfig
                0x000000000000be84       0x4c ./sdk/Peripheral/ch32v30x_tim.o
                0x000000000000be84                TIM_OC1PreloadConfig
 .text.TIM_OC2PreloadConfig
                0x000000000000bed0       0x5a ./sdk/Peripheral/ch32v30x_tim.o
                0x000000000000bed0                TIM_OC2PreloadConfig
 .text.TIM_OC3PreloadConfig
                0x000000000000bf2a       0x4c ./sdk/Peripheral/ch32v30x_tim.o
                0x000000000000bf2a                TIM_OC3PreloadConfig
 .text.TIM_OC4PreloadConfig
                0x000000000000bf76       0x5a ./sdk/Peripheral/ch32v30x_tim.o
                0x000000000000bf76                TIM_OC4PreloadConfig
 .text.TIM_OC1FastConfig
                0x000000000000bfd0       0x4c ./sdk/Peripheral/ch32v30x_tim.o
                0x000000000000bfd0                TIM_OC1FastConfig
 .text.TIM_OC2FastConfig
                0x000000000000c01c       0x56 ./sdk/Peripheral/ch32v30x_tim.o
                0x000000000000c01c                TIM_OC2FastConfig
 .text.TIM_OC3FastConfig
                0x000000000000c072       0x4c ./sdk/Peripheral/ch32v30x_tim.o
                0x000000000000c072                TIM_OC3FastConfig
 .text.TIM_OC4FastConfig
                0x000000000000c0be       0x56 ./sdk/Peripheral/ch32v30x_tim.o
                0x000000000000c0be                TIM_OC4FastConfig
 .text.TIM_GetITStatus
                0x000000000000c114       0x70 ./sdk/Peripheral/ch32v30x_tim.o
                0x000000000000c114                TIM_GetITStatus
 .text.TIM_ClearITPendingBit
                0x000000000000c184       0x2e ./sdk/Peripheral/ch32v30x_tim.o
                0x000000000000c184                TIM_ClearITPendingBit
 .text.USART_Init
                0x000000000000c1b2      0x234 ./sdk/Peripheral/ch32v30x_usart.o
                0x000000000000c1b2                USART_Init
 .text.USART_Cmd
                0x000000000000c3e6       0x60 ./sdk/Peripheral/ch32v30x_usart.o
                0x000000000000c3e6                USART_Cmd
 .text.USART_ITConfig
                0x000000000000c446       0xc4 ./sdk/Peripheral/ch32v30x_usart.o
                0x000000000000c446                USART_ITConfig
 .text.USART_SendData
                0x000000000000c50a       0x2e ./sdk/Peripheral/ch32v30x_usart.o
                0x000000000000c50a                USART_SendData
 .text.USART_GetFlagStatus
                0x000000000000c538       0x46 ./sdk/Peripheral/ch32v30x_usart.o
                0x000000000000c538                USART_GetFlagStatus
 .text.USART_GetITStatus
                0x000000000000c57e      0x102 ./sdk/Peripheral/ch32v30x_usart.o
                0x000000000000c57e                USART_GetITStatus
 .text.USART_ClearITPendingBit
                0x000000000000c680       0x4e ./sdk/Peripheral/ch32v30x_usart.o
                0x000000000000c680                USART_ClearITPendingBit
 .text.DevEP1_IN_Deal
                0x000000000000c6ce       0x3e ./sdk/Peripheral/ch32v30x_usbotg_device.o
                0x000000000000c6ce                DevEP1_IN_Deal
 .text.DevEP2_IN_Deal
                0x000000000000c70c       0x3e ./sdk/Peripheral/ch32v30x_usbotg_device.o
                0x000000000000c70c                DevEP2_IN_Deal
 .text.DevEP1_OUT_Deal
                0x000000000000c74a       0x66 ./sdk/Peripheral/ch32v30x_usbotg_device.o
                0x000000000000c74a                DevEP1_OUT_Deal
 .text.DevEP2_OUT_Deal
                0x000000000000c7b0       0x66 ./sdk/Peripheral/ch32v30x_usbotg_device.o
                0x000000000000c7b0                DevEP2_OUT_Deal
 .text.OTG_FS_IRQHandler
                0x000000000000c816      0xcd6 ./sdk/Peripheral/ch32v30x_usbotg_device.o
                0x000000000000c816                OTG_FS_IRQHandler
 .text.Akeman_chasu
                0x000000000000d4ec      0x366 ./code/Control.o
                0x000000000000d4ec                Akeman_chasu
 .text.my_adapt_threshold
                0x000000000000d852      0x41a ./code/DajinFa.o
                0x000000000000d852                my_adapt_threshold
 .text.KEY_Add_int_16
                0x000000000000dc6c       0x7c ./code/KEY.o
                0x000000000000dc6c                KEY_Add_int_16
 .text.KEY_Add_int_1
                0x000000000000dce8       0x7c ./code/KEY.o
                0x000000000000dce8                KEY_Add_int_1
 .text.KEY_Reduce_int_1
                0x000000000000dd64       0x72 ./code/KEY.o
                0x000000000000dd64                KEY_Reduce_int_1
 .text.KEY_Add_float_1
                0x000000000000ddd6       0x72 ./code/KEY.o
                0x000000000000ddd6                KEY_Add_float_1
 .text.KEY_Reduce_float_1
                0x000000000000de48       0x72 ./code/KEY.o
                0x000000000000de48                KEY_Reduce_float_1
 .text.KEY_Add_float_0_1
                0x000000000000deba       0x84 ./code/KEY.o
                0x000000000000deba                KEY_Add_float_0_1
 .text.KEY_Reduce_float_0_1
                0x000000000000df3e       0x84 ./code/KEY.o
                0x000000000000df3e                KEY_Reduce_float_0_1
 .text.KEY_Add_float_0_01
                0x000000000000dfc2       0x84 ./code/KEY.o
                0x000000000000dfc2                KEY_Add_float_0_01
 .text.KEY_Reduce_float_0_01
                0x000000000000e046       0x84 ./code/KEY.o
                0x000000000000e046                KEY_Reduce_float_0_01
 .text.KEY_Add_float_0_5
                0x000000000000e0ca       0x72 ./code/KEY.o
                0x000000000000e0ca                KEY_Add_float_0_5
 .text.KEY_Reduce_float_0_5
                0x000000000000e13c       0x72 ./code/KEY.o
                0x000000000000e13c                KEY_Reduce_float_0_5
 .text.Page0    0x000000000000e1ae      0x23c ./code/Menu_2.0.o
                0x000000000000e1ae                Page0
 .text.PID_page
                0x000000000000e3ea      0x214 ./code/Menu_2.0.o
                0x000000000000e3ea                PID_page
 .text.Speed_page
                0x000000000000e5fe      0x148 ./code/Menu_2.0.o
                0x000000000000e5fe                Speed_page
 .text.chasu_page
                0x000000000000e746      0x1ae ./code/Menu_2.0.o
                0x000000000000e746                chasu_page
 .text.mode_page
                0x000000000000e8f4      0x170 ./code/Menu_2.0.o
                0x000000000000e8f4                mode_page
 .text.My_PID_WEIZHI
                0x000000000000ea64      0x2f6 ./code/My_PID.o
                0x000000000000ea64                My_PID_WEIZHI
 .text.get_total_encoder
                0x000000000000ed5a       0x2e ./code/My_PID.o
                0x000000000000ed5a                get_total_encoder
 .text.Speed_L_PID
                0x000000000000ed88       0xec ./code/My_PID.o
                0x000000000000ed88                Speed_L_PID
 .text.Speed_R_PID
                0x000000000000ee74       0xec ./code/My_PID.o
                0x000000000000ee74                Speed_R_PID
 .text.Erzhihua
                0x000000000000ef60       0xc0 ./code/My_huidu.o
                0x000000000000ef60                Erzhihua
 .text.dianji_control
                0x000000000000f020      0x320 ./code/PID.o
                0x000000000000f020                dianji_control
 .text.duoji_control
                0x000000000000f340      0x2e0 ./code/PID.o
                0x000000000000f340                duoji_control
 .text.check_banmaxian0
                0x000000000000f620      0x118 ./code/TELL_shizi.o
                0x000000000000f620                check_banmaxian0
 .text.check_banmaxian1
                0x000000000000f738      0x10c ./code/TELL_shizi.o
                0x000000000000f738                check_banmaxian1
 .text.check_ruku
                0x000000000000f844      0x1ee ./code/TELL_shizi.o
                0x000000000000f844                check_ruku
 .text.run_ruku
                0x000000000000fa32      0x10a ./code/TELL_shizi.o
                0x000000000000fa32                run_ruku
 .text.check_circle
                0x000000000000fb3c      0x10a ./code/Yuan_huan.o
                0x000000000000fb3c                check_circle
 .text.run_circle
                0x000000000000fc46      0x31c ./code/Yuan_huan.o
                0x000000000000fc46                run_circle
 .text.findline_lefthand_adaptive
                0x000000000000ff62      0x24a ./code/ZHONGXIAN.o
                0x000000000000ff62                findline_lefthand_adaptive
 .text.findline_righthand_adaptive
                0x00000000000101ac      0x24a ./code/ZHONGXIAN.o
                0x00000000000101ac                findline_righthand_adaptive
 .text.resample_points2_R
                0x00000000000103f6      0x314 ./code/ZHONGXIAN.o
                0x00000000000103f6                resample_points2_R
 .text.resample_points2_L
                0x000000000001070a      0x328 ./code/ZHONGXIAN.o
                0x000000000001070a                resample_points2_L
 .text.local_angle_points0
                0x0000000000010a32      0x26a ./code/ZHONGXIAN.o
                0x0000000000010a32                local_angle_points0
 .text.local_angle_points1
                0x0000000000010c9c      0x26a ./code/ZHONGXIAN.o
                0x0000000000010c9c                local_angle_points1
 .text.nms_angle0
                0x0000000000010f06       0xe2 ./code/ZHONGXIAN.o
                0x0000000000010f06                nms_angle0
 .text.nms_angle1
                0x0000000000010fe8       0xe2 ./code/ZHONGXIAN.o
                0x0000000000010fe8                nms_angle1
 .text.track_leftline
                0x00000000000110ca      0x274 ./code/ZHONGXIAN.o
                0x00000000000110ca                track_leftline
 .text.track_rightline
                0x000000000001133e      0x26e ./code/ZHONGXIAN.o
                0x000000000001133e                track_rightline
 .text.check_16point
                0x00000000000115ac       0xce ./code/ZHONGXIAN.o
                0x00000000000115ac                check_16point
 .text.check_far_whitepoint
                0x000000000001167a       0x76 ./code/ZHONGXIAN.o
                0x000000000001167a                check_far_whitepoint
 .text.check_chongdian
                0x00000000000116f0       0x14 ./code/charge.o
                0x00000000000116f0                check_chongdian
 .text.run_chongdian2
                0x0000000000011704      0x11e ./code/charge.o
                0x0000000000011704                run_chongdian2
 .text.Low_E_check
                0x0000000000011822       0x5e ./code/charge.o
                0x0000000000011822                Low_E_check
 .text.check_charge_low
                0x0000000000011880       0x2e ./code/charge.o
                0x0000000000011880                check_charge_low
 .text.run_charge_low
                0x00000000000118ae       0xce ./code/charge.o
                0x00000000000118ae                run_charge_low
 .text.diangan_guiyihua
                0x000000000001197c      0x5fc ./code/dianci.o
                0x000000000001197c                diangan_guiyihua
 .text.chabihe  0x0000000000011f78      0x112 ./code/dianci.o
                0x0000000000011f78                chabihe
 .text.my_imu660ra_date_chuli
                0x000000000001208a      0x1f2 ./code/icm20602_chuli.o
                0x000000000001208a                my_imu660ra_date_chuli
 .text.Angle_add
                0x000000000001227c      0x10c ./code/icm20602_chuli.o
                0x000000000001227c                Angle_add
 .text.Angle_Get
                0x0000000000012388       0x46 ./code/icm20602_chuli.o
                0x0000000000012388                Angle_Get
 .text.Complementary
                0x00000000000123ce       0xac ./code/icm20602_chuli.o
                0x00000000000123ce                Complementary
 .text.imu_open
                0x000000000001247a       0x1e ./code/icm20602_chuli.o
                0x000000000001247a                imu_open
 .text.Upper_computer_initialize
                0x0000000000012498        0xe ./code/initialize.o
                0x0000000000012498                Upper_computer_initialize
 .text.motor_initialize
                0x00000000000124a6       0x56 ./code/initialize.o
                0x00000000000124a6                motor_initialize
 .text.Servo_initialize
                0x00000000000124fc       0x24 ./code/initialize.o
                0x00000000000124fc                Servo_initialize
 .text.buzzer_initialize
                0x0000000000012520       0x20 ./code/initialize.o
                0x0000000000012520                buzzer_initialize
 .text.Encoder_initialize
                0x0000000000012540       0x32 ./code/initialize.o
                0x0000000000012540                Encoder_initialize
 .text.tft180_initialize
                0x0000000000012572       0x16 ./code/initialize.o
                0x0000000000012572                tft180_initialize
 .text.Camera_initialize
                0x0000000000012588       0x24 ./code/initialize.o
                0x0000000000012588                Camera_initialize
 .text.adc_initialize
                0x00000000000125ac       0x4e ./code/initialize.o
                0x00000000000125ac                adc_initialize
 .text.timer_initialize
                0x00000000000125fa       0x2c ./code/initialize.o
                0x00000000000125fa                timer_initialize
 .text.key_initialize
                0x0000000000012626       0x9c ./code/initialize.o
                0x0000000000012626                key_initialize
 .text.imu660ra_initialize
                0x00000000000126c2       0x16 ./code/initialize.o
                0x00000000000126c2                imu660ra_initialize
 .text.tof_initialize
                0x00000000000126d8       0x16 ./code/initialize.o
                0x00000000000126d8                tof_initialize
 .text.ch573_initialize
                0x00000000000126ee       0x16 ./code/initialize.o
                0x00000000000126ee                ch573_initialize
 .text.all_initialize
                0x0000000000012704       0x46 ./code/initialize.o
                0x0000000000012704                all_initialize
 .text.image_perspective_corrective_Forward2
                0x000000000001274a       0xd8 ./code/nitoushi.o
                0x000000000001274a                image_perspective_corrective_Forward2
 .text.pit_handler
                0x0000000000012822       0x46 ./code/tof.o
                0x0000000000012822                pit_handler
 .text.clip     0x0000000000012868       0x3a ./code/utils.o
                0x0000000000012868                clip
 .text.run_slope
                0x00000000000128a2       0xc4 ./code/zhangai.o
                0x00000000000128a2                run_slope
 .text.run_luzhang_RIGHT
                0x0000000000012966      0x140 ./code/zhangai.o
                0x0000000000012966                run_luzhang_RIGHT
 .text.run_luzhang_LEFT
                0x0000000000012aa6      0x14e ./code/zhangai.o
                0x0000000000012aa6                run_luzhang_LEFT
 .text.check_zhangai
                0x0000000000012bf4       0xf0 ./code/zhangai.o
                0x0000000000012bf4                check_zhangai
 .text.round    0x0000000000012ce4       0xc6 d:/mounriver/mounriver_studio/toolchain/risc-v embedded gcc/bin/../lib/gcc/riscv-none-embed/8.2.0/../../../../riscv-none-embed/lib/rv32imafc/ilp32f\libm.a(lib_a-s_round.o)
                0x0000000000012ce4                round
 .text.tan      0x0000000000012daa       0x5e d:/mounriver/mounriver_studio/toolchain/risc-v embedded gcc/bin/../lib/gcc/riscv-none-embed/8.2.0/../../../../riscv-none-embed/lib/rv32imafc/ilp32f\libm.a(lib_a-s_tan.o)
                0x0000000000012daa                tan
 .text.atanf    0x0000000000012e08      0x204 d:/mounriver/mounriver_studio/toolchain/risc-v embedded gcc/bin/../lib/gcc/riscv-none-embed/8.2.0/../../../../riscv-none-embed/lib/rv32imafc/ilp32f\libm.a(lib_a-sf_atan.o)
                0x0000000000012e08                atanf
 .text.fabsf    0x000000000001300c        0xe d:/mounriver/mounriver_studio/toolchain/risc-v embedded gcc/bin/../lib/gcc/riscv-none-embed/8.2.0/../../../../riscv-none-embed/lib/rv32imafc/ilp32f\libm.a(lib_a-sf_fabs.o)
                0x000000000001300c                fabsf
 .text.atan2    0x000000000001301a        0x2 d:/mounriver/mounriver_studio/toolchain/risc-v embedded gcc/bin/../lib/gcc/riscv-none-embed/8.2.0/../../../../riscv-none-embed/lib/rv32imafc/ilp32f\libm.a(lib_a-w_atan2.o)
                0x000000000001301a                atan2
 .text.pow      0x000000000001301c      0x324 d:/mounriver/mounriver_studio/toolchain/risc-v embedded gcc/bin/../lib/gcc/riscv-none-embed/8.2.0/../../../../riscv-none-embed/lib/rv32imafc/ilp32f\libm.a(lib_a-w_pow.o)
                0x000000000001301c                pow
 .text.sqrt     0x0000000000013340       0xba d:/mounriver/mounriver_studio/toolchain/risc-v embedded gcc/bin/../lib/gcc/riscv-none-embed/8.2.0/../../../../riscv-none-embed/lib/rv32imafc/ilp32f\libm.a(lib_a-w_sqrt.o)
                0x0000000000013340                sqrt
 .text.atan2f   0x00000000000133fa        0x4 d:/mounriver/mounriver_studio/toolchain/risc-v embedded gcc/bin/../lib/gcc/riscv-none-embed/8.2.0/../../../../riscv-none-embed/lib/rv32imafc/ilp32f\libm.a(lib_a-wf_atan2.o)
                0x00000000000133fa                atan2f
 .text.sqrtf    0x00000000000133fe       0xa8 d:/mounriver/mounriver_studio/toolchain/risc-v embedded gcc/bin/../lib/gcc/riscv-none-embed/8.2.0/../../../../riscv-none-embed/lib/rv32imafc/ilp32f\libm.a(lib_a-wf_sqrt.o)
                0x00000000000133fe                sqrtf
 .text.__ieee754_atan2
                0x00000000000134a6      0x1e4 d:/mounriver/mounriver_studio/toolchain/risc-v embedded gcc/bin/../lib/gcc/riscv-none-embed/8.2.0/../../../../riscv-none-embed/lib/rv32imafc/ilp32f\libm.a(lib_a-e_atan2.o)
                0x00000000000134a6                __ieee754_atan2
 .text.__ieee754_pow
                0x000000000001368a      0xad8 d:/mounriver/mounriver_studio/toolchain/risc-v embedded gcc/bin/../lib/gcc/riscv-none-embed/8.2.0/../../../../riscv-none-embed/lib/rv32imafc/ilp32f\libm.a(lib_a-e_pow.o)
                0x000000000001368a                __ieee754_pow
 .text.__ieee754_rem_pio2
                0x0000000000014162      0x466 d:/mounriver/mounriver_studio/toolchain/risc-v embedded gcc/bin/../lib/gcc/riscv-none-embed/8.2.0/../../../../riscv-none-embed/lib/rv32imafc/ilp32f\libm.a(lib_a-e_rem_pio2.o)
                0x0000000000014162                __ieee754_rem_pio2
 .text.__ieee754_sqrt
                0x00000000000145c8      0x1d6 d:/mounriver/mounriver_studio/toolchain/risc-v embedded gcc/bin/../lib/gcc/riscv-none-embed/8.2.0/../../../../riscv-none-embed/lib/rv32imafc/ilp32f\libm.a(lib_a-e_sqrt.o)
                0x00000000000145c8                __ieee754_sqrt
 .text.__ieee754_atan2f
                0x000000000001479e      0x1c4 d:/mounriver/mounriver_studio/toolchain/risc-v embedded gcc/bin/../lib/gcc/riscv-none-embed/8.2.0/../../../../riscv-none-embed/lib/rv32imafc/ilp32f\libm.a(lib_a-ef_atan2.o)
                0x000000000001479e                __ieee754_atan2f
 .text.__ieee754_sqrtf
                0x0000000000014962       0xcc d:/mounriver/mounriver_studio/toolchain/risc-v embedded gcc/bin/../lib/gcc/riscv-none-embed/8.2.0/../../../../riscv-none-embed/lib/rv32imafc/ilp32f\libm.a(lib_a-ef_sqrt.o)
                0x0000000000014962                __ieee754_sqrtf
 .text.__kernel_rem_pio2
                0x0000000000014a2e      0x954 d:/mounriver/mounriver_studio/toolchain/risc-v embedded gcc/bin/../lib/gcc/riscv-none-embed/8.2.0/../../../../riscv-none-embed/lib/rv32imafc/ilp32f\libm.a(lib_a-k_rem_pio2.o)
                0x0000000000014a2e                __kernel_rem_pio2
 .text.__kernel_tan
                0x0000000000015382      0x3ae d:/mounriver/mounriver_studio/toolchain/risc-v embedded gcc/bin/../lib/gcc/riscv-none-embed/8.2.0/../../../../riscv-none-embed/lib/rv32imafc/ilp32f\libm.a(lib_a-k_tan.o)
                0x0000000000015382                __kernel_tan
 .text.atan     0x0000000000015730      0x33a d:/mounriver/mounriver_studio/toolchain/risc-v embedded gcc/bin/../lib/gcc/riscv-none-embed/8.2.0/../../../../riscv-none-embed/lib/rv32imafc/ilp32f\libm.a(lib_a-s_atan.o)
                0x0000000000015730                atan
 .text.fabs     0x0000000000015a6a        0x6 d:/mounriver/mounriver_studio/toolchain/risc-v embedded gcc/bin/../lib/gcc/riscv-none-embed/8.2.0/../../../../riscv-none-embed/lib/rv32imafc/ilp32f\libm.a(lib_a-s_fabs.o)
                0x0000000000015a6a                fabs
 .text.finite   0x0000000000015a70        0xe d:/mounriver/mounriver_studio/toolchain/risc-v embedded gcc/bin/../lib/gcc/riscv-none-embed/8.2.0/../../../../riscv-none-embed/lib/rv32imafc/ilp32f\libm.a(lib_a-s_finite.o)
                0x0000000000015a70                finite
 .text.floor    0x0000000000015a7e      0x158 d:/mounriver/mounriver_studio/toolchain/risc-v embedded gcc/bin/../lib/gcc/riscv-none-embed/8.2.0/../../../../riscv-none-embed/lib/rv32imafc/ilp32f\libm.a(lib_a-s_floor.o)
                0x0000000000015a7e                floor
 .text.matherr  0x0000000000015bd6        0x4 d:/mounriver/mounriver_studio/toolchain/risc-v embedded gcc/bin/../lib/gcc/riscv-none-embed/8.2.0/../../../../riscv-none-embed/lib/rv32imafc/ilp32f\libm.a(lib_a-s_matherr.o)
                0x0000000000015bd6                matherr
 .text.nan      0x0000000000015bda        0xe d:/mounriver/mounriver_studio/toolchain/risc-v embedded gcc/bin/../lib/gcc/riscv-none-embed/8.2.0/../../../../riscv-none-embed/lib/rv32imafc/ilp32f\libm.a(lib_a-s_nan.o)
                0x0000000000015bda                nan
 .text.rint     0x0000000000015be8      0x18c d:/mounriver/mounriver_studio/toolchain/risc-v embedded gcc/bin/../lib/gcc/riscv-none-embed/8.2.0/../../../../riscv-none-embed/lib/rv32imafc/ilp32f\libm.a(lib_a-s_rint.o)
                0x0000000000015be8                rint
 .text.scalbn   0x0000000000015d74      0x140 d:/mounriver/mounriver_studio/toolchain/risc-v embedded gcc/bin/../lib/gcc/riscv-none-embed/8.2.0/../../../../riscv-none-embed/lib/rv32imafc/ilp32f\libm.a(lib_a-s_scalbn.o)
                0x0000000000015d74                scalbn
 .text.copysign
                0x0000000000015eb4       0x16 d:/mounriver/mounriver_studio/toolchain/risc-v embedded gcc/bin/../lib/gcc/riscv-none-embed/8.2.0/../../../../riscv-none-embed/lib/rv32imafc/ilp32f\libm.a(lib_a-s_copysign.o)
                0x0000000000015eb4                copysign
 .text.mt9v03x_write_word_sccb
                0x0000000000015eca       0x34 D:\移植后车代码\Seekfree_CH32V307VCT6_Opensource_Library\libraries\zf_device\libzf_device_config.a(zf_device_config.o)
 .text.mt9v03x_set_config_sccb
                0x0000000000015efe      0x614 D:\移植后车代码\Seekfree_CH32V307VCT6_Opensource_Library\libraries\zf_device\libzf_device_config.a(zf_device_config.o)
                0x0000000000015efe                mt9v03x_set_config_sccb
 .text.__adddf3
                0x0000000000016512      0xa0e d:/mounriver/mounriver_studio/toolchain/risc-v embedded gcc/bin/../lib/gcc/riscv-none-embed/8.2.0/rv32imafc/ilp32f\libgcc.a(adddf3.o)
                0x0000000000016512                __adddf3
 .text.__divdf3
                0x0000000000016f20      0x7ea d:/mounriver/mounriver_studio/toolchain/risc-v embedded gcc/bin/../lib/gcc/riscv-none-embed/8.2.0/rv32imafc/ilp32f\libgcc.a(divdf3.o)
                0x0000000000016f20                __divdf3
 .text.__eqdf2  0x000000000001770a       0x98 d:/mounriver/mounriver_studio/toolchain/risc-v embedded gcc/bin/../lib/gcc/riscv-none-embed/8.2.0/rv32imafc/ilp32f\libgcc.a(eqdf2.o)
                0x000000000001770a                __nedf2
                0x000000000001770a                __eqdf2
 .text.__gedf2  0x00000000000177a2       0xb6 d:/mounriver/mounriver_studio/toolchain/risc-v embedded gcc/bin/../lib/gcc/riscv-none-embed/8.2.0/rv32imafc/ilp32f\libgcc.a(gedf2.o)
                0x00000000000177a2                __gedf2
                0x00000000000177a2                __gtdf2
 .text.__ledf2  0x0000000000017858       0xb6 d:/mounriver/mounriver_studio/toolchain/risc-v embedded gcc/bin/../lib/gcc/riscv-none-embed/8.2.0/rv32imafc/ilp32f\libgcc.a(ledf2.o)
                0x0000000000017858                __ledf2
                0x0000000000017858                __ltdf2
 .text.__muldf3
                0x000000000001790e      0x656 d:/mounriver/mounriver_studio/toolchain/risc-v embedded gcc/bin/../lib/gcc/riscv-none-embed/8.2.0/rv32imafc/ilp32f\libgcc.a(muldf3.o)
                0x000000000001790e                __muldf3
 .text.__subdf3
                0x0000000000017f64      0xa8c d:/mounriver/mounriver_studio/toolchain/risc-v embedded gcc/bin/../lib/gcc/riscv-none-embed/8.2.0/rv32imafc/ilp32f\libgcc.a(subdf3.o)
                0x0000000000017f64                __subdf3
 .text.__unorddf2
                0x00000000000189f0       0x7c d:/mounriver/mounriver_studio/toolchain/risc-v embedded gcc/bin/../lib/gcc/riscv-none-embed/8.2.0/rv32imafc/ilp32f\libgcc.a(unorddf2.o)
                0x00000000000189f0                __unorddf2
 .text.__fixdfsi
                0x0000000000018a6c       0xd8 d:/mounriver/mounriver_studio/toolchain/risc-v embedded gcc/bin/../lib/gcc/riscv-none-embed/8.2.0/rv32imafc/ilp32f\libgcc.a(fixdfsi.o)
                0x0000000000018a6c                __fixdfsi
 .text.__fixunsdfsi
                0x0000000000018b44       0x9e d:/mounriver/mounriver_studio/toolchain/risc-v embedded gcc/bin/../lib/gcc/riscv-none-embed/8.2.0/rv32imafc/ilp32f\libgcc.a(fixunsdfsi.o)
                0x0000000000018b44                __fixunsdfsi
 .text.__floatsidf
                0x0000000000018be2       0x70 d:/mounriver/mounriver_studio/toolchain/risc-v embedded gcc/bin/../lib/gcc/riscv-none-embed/8.2.0/rv32imafc/ilp32f\libgcc.a(floatsidf.o)
                0x0000000000018be2                __floatsidf
 .text.__floatunsidf
                0x0000000000018c52       0x66 d:/mounriver/mounriver_studio/toolchain/risc-v embedded gcc/bin/../lib/gcc/riscv-none-embed/8.2.0/rv32imafc/ilp32f\libgcc.a(floatunsidf.o)
                0x0000000000018c52                __floatunsidf
 .text.__extendsfdf2
                0x0000000000018cb8       0xe8 d:/mounriver/mounriver_studio/toolchain/risc-v embedded gcc/bin/../lib/gcc/riscv-none-embed/8.2.0/rv32imafc/ilp32f\libgcc.a(extendsfdf2.o)
                0x0000000000018cb8                __extendsfdf2
 .text.__truncdfsf2
                0x0000000000018da0      0x31e d:/mounriver/mounriver_studio/toolchain/risc-v embedded gcc/bin/../lib/gcc/riscv-none-embed/8.2.0/rv32imafc/ilp32f\libgcc.a(truncdfsf2.o)
                0x0000000000018da0                __truncdfsf2
 .text.__clzsi2
                0x00000000000190be       0x76 d:/mounriver/mounriver_studio/toolchain/risc-v embedded gcc/bin/../lib/gcc/riscv-none-embed/8.2.0/rv32imafc/ilp32f\libgcc.a(_clzsi2.o)
                0x00000000000190be                __clzsi2
 .text.__errno  0x0000000000019134        0x8 d:/mounriver/mounriver_studio/toolchain/risc-v embedded gcc/bin/../lib/gcc/riscv-none-embed/8.2.0/../../../../riscv-none-embed/lib/rv32imafc/ilp32f\libg_nano.a(lib_a-errno.o)
                0x0000000000019134                __errno
 .text.memcpy   0x000000000001913c       0xb6 d:/mounriver/mounriver_studio/toolchain/risc-v embedded gcc/bin/../lib/gcc/riscv-none-embed/8.2.0/../../../../riscv-none-embed/lib/rv32imafc/ilp32f\libg_nano.a(lib_a-memcpy.o)
                0x000000000001913c                memcpy
 .text.__sfputc_r
                0x00000000000191f2       0x2a d:/mounriver/mounriver_studio/toolchain/risc-v embedded gcc/bin/../lib/gcc/riscv-none-embed/8.2.0/../../../../riscv-none-embed/lib/rv32imafc/ilp32f\libg_nano.a(lib_a-nano-vfprintf.o)
 .text.__sfputs_r
                0x000000000001921c       0x44 d:/mounriver/mounriver_studio/toolchain/risc-v embedded gcc/bin/../lib/gcc/riscv-none-embed/8.2.0/../../../../riscv-none-embed/lib/rv32imafc/ilp32f\libg_nano.a(lib_a-nano-vfprintf.o)
                0x000000000001921c                __sfputs_r
 .text._vfprintf_r
                0x0000000000019260      0x29c d:/mounriver/mounriver_studio/toolchain/risc-v embedded gcc/bin/../lib/gcc/riscv-none-embed/8.2.0/../../../../riscv-none-embed/lib/rv32imafc/ilp32f\libg_nano.a(lib_a-nano-vfprintf.o)
                0x0000000000019260                _vfprintf_r
                0x0000000000019260                _vfiprintf_r
 .text.__cvt    0x00000000000194fc       0xee d:/mounriver/mounriver_studio/toolchain/risc-v embedded gcc/bin/../lib/gcc/riscv-none-embed/8.2.0/../../../../riscv-none-embed/lib/rv32imafc/ilp32f\libg_nano.a(lib_a-nano-vfprintf_float.o)
                0x00000000000194fc                __cvt
 .text.__exponent
                0x00000000000195ea       0x8c d:/mounriver/mounriver_studio/toolchain/risc-v embedded gcc/bin/../lib/gcc/riscv-none-embed/8.2.0/../../../../riscv-none-embed/lib/rv32imafc/ilp32f\libg_nano.a(lib_a-nano-vfprintf_float.o)
                0x00000000000195ea                __exponent
 .text._printf_float
                0x0000000000019676      0x4c4 d:/mounriver/mounriver_studio/toolchain/risc-v embedded gcc/bin/../lib/gcc/riscv-none-embed/8.2.0/../../../../riscv-none-embed/lib/rv32imafc/ilp32f\libg_nano.a(lib_a-nano-vfprintf_float.o)
                0x0000000000019676                _printf_float
 .text._printf_common
                0x0000000000019b3a      0x10c d:/mounriver/mounriver_studio/toolchain/risc-v embedded gcc/bin/../lib/gcc/riscv-none-embed/8.2.0/../../../../riscv-none-embed/lib/rv32imafc/ilp32f\libg_nano.a(lib_a-nano-vfprintf_i.o)
                0x0000000000019b3a                _printf_common
 .text._printf_i
                0x0000000000019c46      0x2ac d:/mounriver/mounriver_studio/toolchain/risc-v embedded gcc/bin/../lib/gcc/riscv-none-embed/8.2.0/../../../../riscv-none-embed/lib/rv32imafc/ilp32f\libg_nano.a(lib_a-nano-vfprintf_i.o)
                0x0000000000019c46                _printf_i
 .text.printf   0x0000000000019ef2       0x42 d:/mounriver/mounriver_studio/toolchain/risc-v embedded gcc/bin/../lib/gcc/riscv-none-embed/8.2.0/../../../../riscv-none-embed/lib/rv32imafc/ilp32f\libg_nano.a(lib_a-printf.o)
                0x0000000000019ef2                iprintf
                0x0000000000019ef2                printf
 .text.sprintf  0x0000000000019f34       0x46 d:/mounriver/mounriver_studio/toolchain/risc-v embedded gcc/bin/../lib/gcc/riscv-none-embed/8.2.0/../../../../riscv-none-embed/lib/rv32imafc/ilp32f\libg_nano.a(lib_a-sprintf.o)
                0x0000000000019f34                siprintf
                0x0000000000019f34                sprintf
 .text.strlen   0x0000000000019f7a       0x12 d:/mounriver/mounriver_studio/toolchain/risc-v embedded gcc/bin/../lib/gcc/riscv-none-embed/8.2.0/../../../../riscv-none-embed/lib/rv32imafc/ilp32f\libg_nano.a(lib_a-strlen.o)
                0x0000000000019f7a                strlen
 .text.strncmp  0x0000000000019f8c       0x2c d:/mounriver/mounriver_studio/toolchain/risc-v embedded gcc/bin/../lib/gcc/riscv-none-embed/8.2.0/../../../../riscv-none-embed/lib/rv32imafc/ilp32f\libg_nano.a(lib_a-strncmp.o)
                0x0000000000019f8c                strncmp
 .text.__swbuf_r
                0x0000000000019fb8       0xc6 d:/mounriver/mounriver_studio/toolchain/risc-v embedded gcc/bin/../lib/gcc/riscv-none-embed/8.2.0/../../../../riscv-none-embed/lib/rv32imafc/ilp32f\libg_nano.a(lib_a-wbuf.o)
                0x0000000000019fb8                __swbuf_r
 .text.__swsetup_r
                0x000000000001a07e      0x112 d:/mounriver/mounriver_studio/toolchain/risc-v embedded gcc/bin/../lib/gcc/riscv-none-embed/8.2.0/../../../../riscv-none-embed/lib/rv32imafc/ilp32f\libg_nano.a(lib_a-wsetup.o)
                0x000000000001a07e                __swsetup_r
 .text.quorem   0x000000000001a190      0x13a d:/mounriver/mounriver_studio/toolchain/risc-v embedded gcc/bin/../lib/gcc/riscv-none-embed/8.2.0/../../../../riscv-none-embed/lib/rv32imafc/ilp32f\libg_nano.a(lib_a-dtoa.o)
 .text._dtoa_r  0x000000000001a2ca      0xc04 d:/mounriver/mounriver_studio/toolchain/risc-v embedded gcc/bin/../lib/gcc/riscv-none-embed/8.2.0/../../../../riscv-none-embed/lib/rv32imafc/ilp32f\libg_nano.a(lib_a-dtoa.o)
                0x000000000001a2ca                _dtoa_r
 .text.__sflush_r
                0x000000000001aece      0x13e d:/mounriver/mounriver_studio/toolchain/risc-v embedded gcc/bin/../lib/gcc/riscv-none-embed/8.2.0/../../../../riscv-none-embed/lib/rv32imafc/ilp32f\libg_nano.a(lib_a-fflush.o)
                0x000000000001aece                __sflush_r
 .text._fflush_r
                0x000000000001b00c       0x66 d:/mounriver/mounriver_studio/toolchain/risc-v embedded gcc/bin/../lib/gcc/riscv-none-embed/8.2.0/../../../../riscv-none-embed/lib/rv32imafc/ilp32f\libg_nano.a(lib_a-fflush.o)
                0x000000000001b00c                _fflush_r
 .text.std      0x000000000001b072       0x6a d:/mounriver/mounriver_studio/toolchain/risc-v embedded gcc/bin/../lib/gcc/riscv-none-embed/8.2.0/../../../../riscv-none-embed/lib/rv32imafc/ilp32f\libg_nano.a(lib_a-findfp.o)
 .text._cleanup_r
                0x000000000001b0dc        0xa d:/mounriver/mounriver_studio/toolchain/risc-v embedded gcc/bin/../lib/gcc/riscv-none-embed/8.2.0/../../../../riscv-none-embed/lib/rv32imafc/ilp32f\libg_nano.a(lib_a-findfp.o)
                0x000000000001b0dc                _cleanup_r
 .text.__sfmoreglue
                0x000000000001b0e6       0x48 d:/mounriver/mounriver_studio/toolchain/risc-v embedded gcc/bin/../lib/gcc/riscv-none-embed/8.2.0/../../../../riscv-none-embed/lib/rv32imafc/ilp32f\libg_nano.a(lib_a-findfp.o)
                0x000000000001b0e6                __sfmoreglue
 .text.__sinit  0x000000000001b12e       0x6c d:/mounriver/mounriver_studio/toolchain/risc-v embedded gcc/bin/../lib/gcc/riscv-none-embed/8.2.0/../../../../riscv-none-embed/lib/rv32imafc/ilp32f\libg_nano.a(lib_a-findfp.o)
                0x000000000001b12e                __sinit
 .text.__sfp    0x000000000001b19a       0xa0 d:/mounriver/mounriver_studio/toolchain/risc-v embedded gcc/bin/../lib/gcc/riscv-none-embed/8.2.0/../../../../riscv-none-embed/lib/rv32imafc/ilp32f\libg_nano.a(lib_a-findfp.o)
                0x000000000001b19a                __sfp
 .text._fwalk_reent
                0x000000000001b23a       0x6c d:/mounriver/mounriver_studio/toolchain/risc-v embedded gcc/bin/../lib/gcc/riscv-none-embed/8.2.0/../../../../riscv-none-embed/lib/rv32imafc/ilp32f\libg_nano.a(lib_a-fwalk.o)
                0x000000000001b23a                _fwalk_reent
 .text._localeconv_r
                0x000000000001b2a6       0x18 d:/mounriver/mounriver_studio/toolchain/risc-v embedded gcc/bin/../lib/gcc/riscv-none-embed/8.2.0/../../../../riscv-none-embed/lib/rv32imafc/ilp32f\libg_nano.a(lib_a-localeconv.o)
                0x000000000001b2a6                _localeconv_r
 .text.__swhatbuf_r
                0x000000000001b2be       0x5a d:/mounriver/mounriver_studio/toolchain/risc-v embedded gcc/bin/../lib/gcc/riscv-none-embed/8.2.0/../../../../riscv-none-embed/lib/rv32imafc/ilp32f\libg_nano.a(lib_a-makebuf.o)
                0x000000000001b2be                __swhatbuf_r
 .text.__smakebuf_r
                0x000000000001b318       0xa2 d:/mounriver/mounriver_studio/toolchain/risc-v embedded gcc/bin/../lib/gcc/riscv-none-embed/8.2.0/../../../../riscv-none-embed/lib/rv32imafc/ilp32f\libg_nano.a(lib_a-makebuf.o)
                0x000000000001b318                __smakebuf_r
 .text.malloc   0x000000000001b3ba        0xc d:/mounriver/mounriver_studio/toolchain/risc-v embedded gcc/bin/../lib/gcc/riscv-none-embed/8.2.0/../../../../riscv-none-embed/lib/rv32imafc/ilp32f\libg_nano.a(lib_a-malloc.o)
                0x000000000001b3ba                malloc
 .text.memchr   0x000000000001b3c6       0x1a d:/mounriver/mounriver_studio/toolchain/risc-v embedded gcc/bin/../lib/gcc/riscv-none-embed/8.2.0/../../../../riscv-none-embed/lib/rv32imafc/ilp32f\libg_nano.a(lib_a-memchr.o)
                0x000000000001b3c6                memchr
 .text.memmove  0x000000000001b3e0       0x4a d:/mounriver/mounriver_studio/toolchain/risc-v embedded gcc/bin/../lib/gcc/riscv-none-embed/8.2.0/../../../../riscv-none-embed/lib/rv32imafc/ilp32f\libg_nano.a(lib_a-memmove.o)
                0x000000000001b3e0                memmove
 .text._Balloc  0x000000000001b42a       0x88 d:/mounriver/mounriver_studio/toolchain/risc-v embedded gcc/bin/../lib/gcc/riscv-none-embed/8.2.0/../../../../riscv-none-embed/lib/rv32imafc/ilp32f\libg_nano.a(lib_a-mprec.o)
                0x000000000001b42a                _Balloc
 .text._Bfree   0x000000000001b4b2       0x44 d:/mounriver/mounriver_studio/toolchain/risc-v embedded gcc/bin/../lib/gcc/riscv-none-embed/8.2.0/../../../../riscv-none-embed/lib/rv32imafc/ilp32f\libg_nano.a(lib_a-mprec.o)
                0x000000000001b4b2                _Bfree
 .text.__multadd
                0x000000000001b4f6       0x98 d:/mounriver/mounriver_studio/toolchain/risc-v embedded gcc/bin/../lib/gcc/riscv-none-embed/8.2.0/../../../../riscv-none-embed/lib/rv32imafc/ilp32f\libg_nano.a(lib_a-mprec.o)
                0x000000000001b4f6                __multadd
 .text.__hi0bits
                0x000000000001b58e       0x46 d:/mounriver/mounriver_studio/toolchain/risc-v embedded gcc/bin/../lib/gcc/riscv-none-embed/8.2.0/../../../../riscv-none-embed/lib/rv32imafc/ilp32f\libg_nano.a(lib_a-mprec.o)
                0x000000000001b58e                __hi0bits
 .text.__lo0bits
                0x000000000001b5d4       0x6a d:/mounriver/mounriver_studio/toolchain/risc-v embedded gcc/bin/../lib/gcc/riscv-none-embed/8.2.0/../../../../riscv-none-embed/lib/rv32imafc/ilp32f\libg_nano.a(lib_a-mprec.o)
                0x000000000001b5d4                __lo0bits
 .text.__i2b    0x000000000001b63e       0x1c d:/mounriver/mounriver_studio/toolchain/risc-v embedded gcc/bin/../lib/gcc/riscv-none-embed/8.2.0/../../../../riscv-none-embed/lib/rv32imafc/ilp32f\libg_nano.a(lib_a-mprec.o)
                0x000000000001b63e                __i2b
 .text.__multiply
                0x000000000001b65a      0x144 d:/mounriver/mounriver_studio/toolchain/risc-v embedded gcc/bin/../lib/gcc/riscv-none-embed/8.2.0/../../../../riscv-none-embed/lib/rv32imafc/ilp32f\libg_nano.a(lib_a-mprec.o)
                0x000000000001b65a                __multiply
 .text.__pow5mult
                0x000000000001b79e       0xbe d:/mounriver/mounriver_studio/toolchain/risc-v embedded gcc/bin/../lib/gcc/riscv-none-embed/8.2.0/../../../../riscv-none-embed/lib/rv32imafc/ilp32f\libg_nano.a(lib_a-mprec.o)
                0x000000000001b79e                __pow5mult
 .text.__lshift
                0x000000000001b85c       0xce d:/mounriver/mounriver_studio/toolchain/risc-v embedded gcc/bin/../lib/gcc/riscv-none-embed/8.2.0/../../../../riscv-none-embed/lib/rv32imafc/ilp32f\libg_nano.a(lib_a-mprec.o)
                0x000000000001b85c                __lshift
 .text.__mcmp   0x000000000001b92a       0x32 d:/mounriver/mounriver_studio/toolchain/risc-v embedded gcc/bin/../lib/gcc/riscv-none-embed/8.2.0/../../../../riscv-none-embed/lib/rv32imafc/ilp32f\libg_nano.a(lib_a-mprec.o)
                0x000000000001b92a                __mcmp
 .text.__mdiff  0x000000000001b95c       0xf2 d:/mounriver/mounriver_studio/toolchain/risc-v embedded gcc/bin/../lib/gcc/riscv-none-embed/8.2.0/../../../../riscv-none-embed/lib/rv32imafc/ilp32f\libg_nano.a(lib_a-mprec.o)
                0x000000000001b95c                __mdiff
 .text.__d2b    0x000000000001ba4e       0xd4 d:/mounriver/mounriver_studio/toolchain/risc-v embedded gcc/bin/../lib/gcc/riscv-none-embed/8.2.0/../../../../riscv-none-embed/lib/rv32imafc/ilp32f\libg_nano.a(lib_a-mprec.o)
                0x000000000001ba4e                __d2b
 .text._calloc_r
                0x000000000001bb22       0x26 d:/mounriver/mounriver_studio/toolchain/risc-v embedded gcc/bin/../lib/gcc/riscv-none-embed/8.2.0/../../../../riscv-none-embed/lib/rv32imafc/ilp32f\libg_nano.a(lib_a-nano-callocr.o)
                0x000000000001bb22                _calloc_r
 .text._free_r  0x000000000001bb48       0xa6 d:/mounriver/mounriver_studio/toolchain/risc-v embedded gcc/bin/../lib/gcc/riscv-none-embed/8.2.0/../../../../riscv-none-embed/lib/rv32imafc/ilp32f\libg_nano.a(lib_a-nano-freer.o)
                0x000000000001bb48                _free_r
 .text._malloc_r
                0x000000000001bbee       0xce d:/mounriver/mounriver_studio/toolchain/risc-v embedded gcc/bin/../lib/gcc/riscv-none-embed/8.2.0/../../../../riscv-none-embed/lib/rv32imafc/ilp32f\libg_nano.a(lib_a-nano-mallocr.o)
                0x000000000001bbee                _malloc_r
 .text._realloc_r
                0x000000000001bcbc       0x58 d:/mounriver/mounriver_studio/toolchain/risc-v embedded gcc/bin/../lib/gcc/riscv-none-embed/8.2.0/../../../../riscv-none-embed/lib/rv32imafc/ilp32f\libg_nano.a(lib_a-nano-reallocr.o)
                0x000000000001bcbc                _realloc_r
 .text.__ssputs_r
                0x000000000001bd14       0xee d:/mounriver/mounriver_studio/toolchain/risc-v embedded gcc/bin/../lib/gcc/riscv-none-embed/8.2.0/../../../../riscv-none-embed/lib/rv32imafc/ilp32f\libg_nano.a(lib_a-nano-svfprintf.o)
                0x000000000001bd14                __ssputs_r
 .text._svfprintf_r
                0x000000000001be02      0x27e d:/mounriver/mounriver_studio/toolchain/risc-v embedded gcc/bin/../lib/gcc/riscv-none-embed/8.2.0/../../../../riscv-none-embed/lib/rv32imafc/ilp32f\libg_nano.a(lib_a-nano-svfprintf.o)
                0x000000000001be02                _svfiprintf_r
                0x000000000001be02                _svfprintf_r
 .text._sbrk_r  0x000000000001c080       0x30 d:/mounriver/mounriver_studio/toolchain/risc-v embedded gcc/bin/../lib/gcc/riscv-none-embed/8.2.0/../../../../riscv-none-embed/lib/rv32imafc/ilp32f\libg_nano.a(lib_a-sbrkr.o)
                0x000000000001c080                _sbrk_r
 .text.__sread  0x000000000001c0b0       0x30 d:/mounriver/mounriver_studio/toolchain/risc-v embedded gcc/bin/../lib/gcc/riscv-none-embed/8.2.0/../../../../riscv-none-embed/lib/rv32imafc/ilp32f\libg_nano.a(lib_a-stdio.o)
                0x000000000001c0b0                __sread
 .text.__swrite
                0x000000000001c0e0       0x4e d:/mounriver/mounriver_studio/toolchain/risc-v embedded gcc/bin/../lib/gcc/riscv-none-embed/8.2.0/../../../../riscv-none-embed/lib/rv32imafc/ilp32f\libg_nano.a(lib_a-stdio.o)
                0x000000000001c0e0                __swrite
 .text.__sseek  0x000000000001c12e       0x36 d:/mounriver/mounriver_studio/toolchain/risc-v embedded gcc/bin/../lib/gcc/riscv-none-embed/8.2.0/../../../../riscv-none-embed/lib/rv32imafc/ilp32f\libg_nano.a(lib_a-stdio.o)
                0x000000000001c12e                __sseek
 .text.__sclose
                0x000000000001c164        0x6 d:/mounriver/mounriver_studio/toolchain/risc-v embedded gcc/bin/../lib/gcc/riscv-none-embed/8.2.0/../../../../riscv-none-embed/lib/rv32imafc/ilp32f\libg_nano.a(lib_a-stdio.o)
                0x000000000001c164                __sclose
 .text._write_r
                0x000000000001c16a       0x36 d:/mounriver/mounriver_studio/toolchain/risc-v embedded gcc/bin/../lib/gcc/riscv-none-embed/8.2.0/../../../../riscv-none-embed/lib/rv32imafc/ilp32f\libg_nano.a(lib_a-writer.o)
                0x000000000001c16a                _write_r
 .text._close_r
                0x000000000001c1a0       0x30 d:/mounriver/mounriver_studio/toolchain/risc-v embedded gcc/bin/../lib/gcc/riscv-none-embed/8.2.0/../../../../riscv-none-embed/lib/rv32imafc/ilp32f\libg_nano.a(lib_a-closer.o)
                0x000000000001c1a0                _close_r
 .text._fstat_r
                0x000000000001c1d0       0x32 d:/mounriver/mounriver_studio/toolchain/risc-v embedded gcc/bin/../lib/gcc/riscv-none-embed/8.2.0/../../../../riscv-none-embed/lib/rv32imafc/ilp32f\libg_nano.a(lib_a-fstatr.o)
                0x000000000001c1d0                _fstat_r
 .text._isatty_r
                0x000000000001c202       0x30 d:/mounriver/mounriver_studio/toolchain/risc-v embedded gcc/bin/../lib/gcc/riscv-none-embed/8.2.0/../../../../riscv-none-embed/lib/rv32imafc/ilp32f\libg_nano.a(lib_a-isattyr.o)
                0x000000000001c202                _isatty_r
 .text._lseek_r
                0x000000000001c232       0x34 d:/mounriver/mounriver_studio/toolchain/risc-v embedded gcc/bin/../lib/gcc/riscv-none-embed/8.2.0/../../../../riscv-none-embed/lib/rv32imafc/ilp32f\libg_nano.a(lib_a-lseekr.o)
                0x000000000001c232                _lseek_r
 .text.__ascii_mbtowc
                0x000000000001c266       0x3a d:/mounriver/mounriver_studio/toolchain/risc-v embedded gcc/bin/../lib/gcc/riscv-none-embed/8.2.0/../../../../riscv-none-embed/lib/rv32imafc/ilp32f\libg_nano.a(lib_a-mbtowc_r.o)
                0x000000000001c266                __ascii_mbtowc
 .text.__malloc_lock
                0x000000000001c2a0        0x2 d:/mounriver/mounriver_studio/toolchain/risc-v embedded gcc/bin/../lib/gcc/riscv-none-embed/8.2.0/../../../../riscv-none-embed/lib/rv32imafc/ilp32f\libg_nano.a(lib_a-mlock.o)
                0x000000000001c2a0                __malloc_lock
 .text.__malloc_unlock
                0x000000000001c2a2        0x2 d:/mounriver/mounriver_studio/toolchain/risc-v embedded gcc/bin/../lib/gcc/riscv-none-embed/8.2.0/../../../../riscv-none-embed/lib/rv32imafc/ilp32f\libg_nano.a(lib_a-mlock.o)
                0x000000000001c2a2                __malloc_unlock
 .text._malloc_usable_size_r
                0x000000000001c2a4       0x14 d:/mounriver/mounriver_studio/toolchain/risc-v embedded gcc/bin/../lib/gcc/riscv-none-embed/8.2.0/../../../../riscv-none-embed/lib/rv32imafc/ilp32f\libg_nano.a(lib_a-nano-msizer.o)
                0x000000000001c2a4                _malloc_usable_size_r
 .text._read_r  0x000000000001c2b8       0x34 d:/mounriver/mounriver_studio/toolchain/risc-v embedded gcc/bin/../lib/gcc/riscv-none-embed/8.2.0/../../../../riscv-none-embed/lib/rv32imafc/ilp32f\libg_nano.a(lib_a-readr.o)
                0x000000000001c2b8                _read_r
 .text.__ascii_wctomb
                0x000000000001c2ec       0x20 d:/mounriver/mounriver_studio/toolchain/risc-v embedded gcc/bin/../lib/gcc/riscv-none-embed/8.2.0/../../../../riscv-none-embed/lib/rv32imafc/ilp32f\libg_nano.a(lib_a-wctomb_r.o)
                0x000000000001c2ec                __ascii_wctomb
 .text.__trunctfdf2
                0x000000000001c30c      0x3d0 d:/mounriver/mounriver_studio/toolchain/risc-v embedded gcc/bin/../lib/gcc/riscv-none-embed/8.2.0/rv32imafc/ilp32f\libgcc.a(trunctfdf2.o)
                0x000000000001c30c                __trunctfdf2
 .text._close   0x000000000001c6dc       0x10 d:/mounriver/mounriver_studio/toolchain/risc-v embedded gcc/bin/../lib/gcc/riscv-none-embed/8.2.0/../../../../riscv-none-embed/lib/rv32imafc/ilp32f\libnosys.a(close.o)
                0x000000000001c6dc                _close
 .text._fstat   0x000000000001c6ec       0x10 d:/mounriver/mounriver_studio/toolchain/risc-v embedded gcc/bin/../lib/gcc/riscv-none-embed/8.2.0/../../../../riscv-none-embed/lib/rv32imafc/ilp32f\libnosys.a(fstat.o)
                0x000000000001c6ec                _fstat
 .text._isatty  0x000000000001c6fc       0x10 d:/mounriver/mounriver_studio/toolchain/risc-v embedded gcc/bin/../lib/gcc/riscv-none-embed/8.2.0/../../../../riscv-none-embed/lib/rv32imafc/ilp32f\libnosys.a(isatty.o)
                0x000000000001c6fc                _isatty
 .text._lseek   0x000000000001c70c       0x10 d:/mounriver/mounriver_studio/toolchain/risc-v embedded gcc/bin/../lib/gcc/riscv-none-embed/8.2.0/../../../../riscv-none-embed/lib/rv32imafc/ilp32f\libnosys.a(lseek.o)
                0x000000000001c70c                _lseek
 .text._read    0x000000000001c71c       0x10 d:/mounriver/mounriver_studio/toolchain/risc-v embedded gcc/bin/../lib/gcc/riscv-none-embed/8.2.0/../../../../riscv-none-embed/lib/rv32imafc/ilp32f\libnosys.a(read.o)
                0x000000000001c71c                _read
 .text._sbrk    0x000000000001c72c       0x24 d:/mounriver/mounriver_studio/toolchain/risc-v embedded gcc/bin/../lib/gcc/riscv-none-embed/8.2.0/../../../../riscv-none-embed/lib/rv32imafc/ilp32f\libnosys.a(sbrk.o)
                0x000000000001c72c                _sbrk
 *(.rodata)
 *fill*         0x000000000001c750        0x0 
 .rodata        0x000000000001c750       0x5d ./zf_driver/zf_driver_adc.o
 *fill*         0x000000000001c7ad        0x3 
 .rodata        0x000000000001c7b0       0x61 ./zf_driver/zf_driver_encoder.o
 *fill*         0x000000000001c811        0x3 
 .rodata        0x000000000001c814       0x85 ./zf_driver/zf_driver_pit.o
 *fill*         0x000000000001c899        0x3 
 .rodata        0x000000000001c89c       0x5d ./zf_driver/zf_driver_pwm.o
 *fill*         0x000000000001c8f9        0x3 
 .rodata        0x000000000001c8fc       0x62 ./zf_driver/zf_driver_soft_iic.o
 *fill*         0x000000000001c95e        0x2 
 .rodata        0x000000000001c960       0x5d ./zf_driver/zf_driver_spi.o
 *fill*         0x000000000001c9bd        0x3 
 .rodata        0x000000000001c9c0       0x5e ./zf_driver/zf_driver_uart.o
 *fill*         0x000000000001ca1e        0x2 
 .rodata        0x000000000001ca20       0xc0 ./zf_device/zf_device_dl1a.o
 .rodata        0x000000000001cae0        0x8 ./zf_device/zf_device_dm1xa.o
 .rodata        0x000000000001cae8       0xf0 ./zf_device/zf_device_gps_tau1201.o
 .rodata        0x000000000001cbd8       0xa0 ./zf_device/zf_device_imu660ra.o
 .rodata        0x000000000001cc78       0x9e ./zf_device/zf_device_mt9v03x_dvp.o
 *fill*         0x000000000001cd16        0x2 
 .rodata        0x000000000001cd18       0x68 ./zf_device/zf_device_tft180.o
 .rodata        0x000000000001cd80       0x78 ./zf_common/zf_common_debug.o
 .rodata        0x000000000001cdf8       0x5e ./zf_common/zf_common_fifo.o
 *fill*         0x000000000001ce56        0x2 
 .rodata        0x000000000001ce58       0xa0 ./zf_common/zf_common_function.o
 .rodata        0x000000000001cef8       0x90 ./user_c/main.o
 .rodata        0x000000000001cf88       0x41 ./sdk/Peripheral/ch32v30x_usbotg_device.o
 *fill*         0x000000000001cfc9        0x7 
 .rodata        0x000000000001cfd0       0x20 ./code/Control.o
 .rodata        0x000000000001cff0       0x10 ./code/DajinFa.o
 .rodata        0x000000000001d000       0x28 ./code/KEY.o
 .rodata        0x000000000001d028       0x59 ./code/Menu_2.0.o
 *fill*         0x000000000001d081        0x7 
 .rodata        0x000000000001d088       0x28 ./code/My_PID.o
 .rodata        0x000000000001d0b0       0x6c ./code/PID.o
 *fill*         0x000000000001d11c        0x4 
 .rodata        0x000000000001d120       0x24 ./code/TELL_shizi.o
 .rodata        0x000000000001d144       0x10 ./code/Yuan_huan.o
 *fill*         0x000000000001d154        0x4 
 .rodata        0x000000000001d158       0xa8 ./code/ZHONGXIAN.o
 .rodata        0x000000000001d200        0xc ./code/charge.o
 *fill*         0x000000000001d20c        0x4 
 .rodata        0x000000000001d210       0x30 ./code/dianci.o
 .rodata        0x000000000001d240       0x38 ./code/icm20602_chuli.o
 *(.rodata*)
 .rodata.encoder_get_count
                0x000000000001d278       0x28 ./zf_driver/zf_driver_encoder.o
 .rodata.encoder_clear_count
                0x000000000001d2a0       0x28 ./zf_driver/zf_driver_encoder.o
 .rodata.encoder_dir_init
                0x000000000001d2c8       0x28 ./zf_driver/zf_driver_encoder.o
 .rodata.pit_init
                0x000000000001d2f0       0x28 ./zf_driver/zf_driver_pit.o
 .rodata.pwm_set_duty
                0x000000000001d318       0x28 ./zf_driver/zf_driver_pwm.o
 .rodata.pwm_init
                0x000000000001d340       0x28 ./zf_driver/zf_driver_pwm.o
 .rodata.spi_index
                0x000000000001d368        0xc ./zf_driver/zf_driver_spi.o