Archive member included to satisfy reference by file (symbol)

d:/mss_v/mounriver/mounriver_studio/toolchain/risc-v embedded gcc/bin/../lib/gcc/riscv-none-embed/8.2.0/../../../../riscv-none-embed/lib/rv32imafc/ilp32f\libm.a(lib_a-s_cos.o)
                              ./zf_device/zf_device_gps_tau1201.o (cos)
d:/mss_v/mounriver/mounriver_studio/toolchain/risc-v embedded gcc/bin/../lib/gcc/riscv-none-embed/8.2.0/../../../../riscv-none-embed/lib/rv32imafc/ilp32f\libm.a(lib_a-s_round.o)
                              ./user_c/main.o (round)
d:/mss_v/mounriver/mounriver_studio/toolchain/risc-v embedded gcc/bin/../lib/gcc/riscv-none-embed/8.2.0/../../../../riscv-none-embed/lib/rv32imafc/ilp32f\libm.a(lib_a-s_sin.o)
                              ./zf_device/zf_device_gps_tau1201.o (sin)
d:/mss_v/mounriver/mounriver_studio/toolchain/risc-v embedded gcc/bin/../lib/gcc/riscv-none-embed/8.2.0/../../../../riscv-none-embed/lib/rv32imafc/ilp32f\libm.a(lib_a-s_tan.o)
                              ./code/Control.o (tan)
d:/mss_v/mounriver/mounriver_studio/toolchain/risc-v embedded gcc/bin/../lib/gcc/riscv-none-embed/8.2.0/../../../../riscv-none-embed/lib/rv32imafc/ilp32f\libm.a(lib_a-sf_atan.o)
                              ./user_c/main.o (atanf)
d:/mss_v/mounriver/mounriver_studio/toolchain/risc-v embedded gcc/bin/../lib/gcc/riscv-none-embed/8.2.0/../../../../riscv-none-embed/lib/rv32imafc/ilp32f\libm.a(lib_a-sf_fabs.o)
                              d:/mss_v/mounriver/mounriver_studio/toolchain/risc-v embedded gcc/bin/../lib/gcc/riscv-none-embed/8.2.0/../../../../riscv-none-embed/lib/rv32imafc/ilp32f\libm.a(lib_a-sf_atan.o) (fabsf)
d:/mss_v/mounriver/mounriver_studio/toolchain/risc-v embedded gcc/bin/../lib/gcc/riscv-none-embed/8.2.0/../../../../riscv-none-embed/lib/rv32imafc/ilp32f\libm.a(lib_a-w_asin.o)
                              ./zf_device/zf_device_gps_tau1201.o (asin)
d:/mss_v/mounriver/mounriver_studio/toolchain/risc-v embedded gcc/bin/../lib/gcc/riscv-none-embed/8.2.0/../../../../riscv-none-embed/lib/rv32imafc/ilp32f\libm.a(lib_a-w_atan2.o)
                              ./zf_device/zf_device_gps_tau1201.o (atan2)
d:/mss_v/mounriver/mounriver_studio/toolchain/risc-v embedded gcc/bin/../lib/gcc/riscv-none-embed/8.2.0/../../../../riscv-none-embed/lib/rv32imafc/ilp32f\libm.a(lib_a-w_pow.o)
                              ./zf_device/zf_device_gps_tau1201.o (pow)
d:/mss_v/mounriver/mounriver_studio/toolchain/risc-v embedded gcc/bin/../lib/gcc/riscv-none-embed/8.2.0/../../../../riscv-none-embed/lib/rv32imafc/ilp32f\libm.a(lib_a-w_sqrt.o)
                              ./zf_device/zf_device_gps_tau1201.o (sqrt)
d:/mss_v/mounriver/mounriver_studio/toolchain/risc-v embedded gcc/bin/../lib/gcc/riscv-none-embed/8.2.0/../../../../riscv-none-embed/lib/rv32imafc/ilp32f\libm.a(lib_a-wf_atan2.o)
                              ./code/ZHONGXIAN.o (atan2f)
d:/mss_v/mounriver/mounriver_studio/toolchain/risc-v embedded gcc/bin/../lib/gcc/riscv-none-embed/8.2.0/../../../../riscv-none-embed/lib/rv32imafc/ilp32f\libm.a(lib_a-wf_sqrt.o)
                              ./code/ZHONGXIAN.o (sqrtf)
d:/mss_v/mounriver/mounriver_studio/toolchain/risc-v embedded gcc/bin/../lib/gcc/riscv-none-embed/8.2.0/../../../../riscv-none-embed/lib/rv32imafc/ilp32f\libm.a(lib_a-e_asin.o)
                              d:/mss_v/mounriver/mounriver_studio/toolchain/risc-v embedded gcc/bin/../lib/gcc/riscv-none-embed/8.2.0/../../../../riscv-none-embed/lib/rv32imafc/ilp32f\libm.a(lib_a-w_asin.o) (__ieee754_asin)
d:/mss_v/mounriver/mounriver_studio/toolchain/risc-v embedded gcc/bin/../lib/gcc/riscv-none-embed/8.2.0/../../../../riscv-none-embed/lib/rv32imafc/ilp32f\libm.a(lib_a-e_atan2.o)
                              d:/mss_v/mounriver/mounriver_studio/toolchain/risc-v embedded gcc/bin/../lib/gcc/riscv-none-embed/8.2.0/../../../../riscv-none-embed/lib/rv32imafc/ilp32f\libm.a(lib_a-w_atan2.o) (__ieee754_atan2)
d:/mss_v/mounriver/mounriver_studio/toolchain/risc-v embedded gcc/bin/../lib/gcc/riscv-none-embed/8.2.0/../../../../riscv-none-embed/lib/rv32imafc/ilp32f\libm.a(lib_a-e_pow.o)
                              d:/mss_v/mounriver/mounriver_studio/toolchain/risc-v embedded gcc/bin/../lib/gcc/riscv-none-embed/8.2.0/../../../../riscv-none-embed/lib/rv32imafc/ilp32f\libm.a(lib_a-w_pow.o) (__ieee754_pow)
d:/mss_v/mounriver/mounriver_studio/toolchain/risc-v embedded gcc/bin/../lib/gcc/riscv-none-embed/8.2.0/../../../../riscv-none-embed/lib/rv32imafc/ilp32f\libm.a(lib_a-e_rem_pio2.o)
                              d:/mss_v/mounriver/mounriver_studio/toolchain/risc-v embedded gcc/bin/../lib/gcc/riscv-none-embed/8.2.0/../../../../riscv-none-embed/lib/rv32imafc/ilp32f\libm.a(lib_a-s_cos.o) (__ieee754_rem_pio2)
d:/mss_v/mounriver/mounriver_studio/toolchain/risc-v embedded gcc/bin/../lib/gcc/riscv-none-embed/8.2.0/../../../../riscv-none-embed/lib/rv32imafc/ilp32f\libm.a(lib_a-e_sqrt.o)
[...]
Memory Configuration

Name             Origin             Length             Attributes
RAM              0x0000000020000000 0x0000000000010000 xrw
FLASH            0x0000000000000000 0x0000000000040000 xr
*default*        0x0000000000000000 0xffffffffffffffff

Linker script and memory map

LOAD ./zf_driver/zf_driver_adc.o
LOAD ./zf_driver/zf_driver_delay.o
LOAD ./zf_driver/zf_driver_dvp.o
LOAD ./zf_driver/zf_driver_encoder.o
LOAD ./zf_driver/zf_driver_exti.o
LOAD ./zf_driver/zf_driver_flash.o
LOAD ./zf_driver/zf_driver_gpio.o
LOAD ./zf_driver/zf_driver_iic.o
LOAD ./zf_driver/zf_driver_pit.o
LOAD ./zf_driver/zf_driver_pwm.o
LOAD ./zf_driver/zf_driver_soft_iic.o
LOAD ./zf_driver/zf_driver_soft_spi.o
LOAD ./zf_driver/zf_driver_spi.o
LOAD ./zf_driver/zf_driver_timer.o
LOAD ./zf_driver/zf_driver_uart.o
LOAD ./zf_driver/zf_driver_usb_cdc.o
LOAD ./zf_device/zf_device_absolute_encoder.o
LOAD ./zf_device/zf_device_aht20.o
LOAD ./zf_device/zf_device_bluetooth_ch9141.o
LOAD ./zf_device/zf_device_camera.o
LOAD ./zf_device/zf_device_dl1a.o
LOAD ./zf_device/zf_device_dm1xa.o
LOAD ./zf_device/zf_device_gps_tau1201.o
LOAD ./zf_device/zf_device_icm20602.o
LOAD ./zf_device/zf_device_imu660ra.o
LOAD ./zf_device/zf_device_imu963ra.o
LOAD ./zf_device/zf_device_ips114.o
LOAD ./zf_device/zf_device_ips200.o
LOAD ./zf_device/zf_device_k24c02.o
LOAD ./zf_device/zf_device_key.o
LOAD ./zf_device/zf_device_mpu6050.o
LOAD ./zf_device/zf_device_mt9v03x_dvp.o
LOAD ./zf_device/zf_device_oled.o
LOAD ./zf_device/zf_device_scc8660_dvp.o
LOAD ./zf_device/zf_device_tft180.o
LOAD ./zf_device/zf_device_type.o
LOAD ./zf_device/zf_device_virtual_oscilloscope.o
LOAD ./zf_device/zf_device_w25q32.o
LOAD ./zf_device/zf_device_wifi_uart.o
LOAD ./zf_device/zf_device_wireless_ch573.o
LOAD ./zf_device/zf_device_wireless_uart.o
LOAD ./zf_common/zf_common_clock.o
LOAD ./zf_common/zf_common_debug.o
LOAD ./zf_common/zf_common_fifo.o
LOAD ./zf_common/zf_common_font.o
LOAD ./zf_common/zf_common_function.o
LOAD ./zf_common/zf_common_interrupt.o
LOAD ./user_c/isr.o
LOAD ./user_c/main.o
LOAD ./sdk/Startup/startup_ch32v30x_D8C.o
LOAD ./sdk/Peripheral/ch32v30x_adc.o
LOAD ./sdk/Peripheral/ch32v30x_bkp.o
LOAD ./sdk/Peripheral/ch32v30x_can.o
LOAD ./sdk/Peripheral/ch32v30x_crc.o
LOAD ./sdk/Peripheral/ch32v30x_dac.o
LOAD ./sdk/Peripheral/ch32v30x_dbgmcu.o
LOAD ./sdk/Peripheral/ch32v30x_dma.o
LOAD ./sdk/Peripheral/ch32v30x_dvp.o
LOAD ./sdk/Peripheral/ch32v30x_eth.o
LOAD ./sdk/Peripheral/ch32v30x_exti.o
LOAD ./sdk/Peripheral/ch32v30x_flash.o
LOAD ./sdk/Peripheral/ch32v30x_fsmc.o
LOAD ./sdk/Peripheral/ch32v30x_gpio.o
LOAD ./sdk/Peripheral/ch32v30x_i2c.o
LOAD ./sdk/Peripheral/ch32v30x_iwdg.o
LOAD ./sdk/Peripheral/ch32v30x_opa.o
LOAD ./sdk/Peripheral/ch32v30x_pwr.o
LOAD ./sdk/Peripheral/ch32v30x_rcc.o
LOAD ./sdk/Peripheral/ch32v30x_rng.o
LOAD ./sdk/Peripheral/ch32v30x_rtc.o
LOAD ./sdk/Peripheral/ch32v30x_sdio.o
LOAD ./sdk/Peripheral/ch32v30x_spi.o
LOAD ./sdk/Peripheral/ch32v30x_tim.o
LOAD ./sdk/Peripheral/ch32v30x_usart.o
LOAD ./sdk/Peripheral/ch32v30x_usbotg_device.o
LOAD ./sdk/Peripheral/ch32v30x_wwdg.o
LOAD ./sdk/Core/core_riscv.o
LOAD ./code/Control.o
LOAD ./code/DajinFa.o
LOAD ./code/KEY.o
LOAD ./code/Menu_2.0.o
LOAD ./code/My_PID.o
LOAD ./code/My_huidu.o
LOAD ./code/PID.o
LOAD ./code/TELL_shizi.o
LOAD ./code/Y_stack.o
LOAD ./code/Yuan_huan.o
LOAD ./code/ZHONGXIAN.o
LOAD ./code/charge.o
LOAD ./code/debug.o
LOAD ./code/dianci.o
LOAD ./code/icm20602_chuli.o
LOAD ./code/initialize.o
LOAD ./code/nitoushi.o
LOAD ./code/tof.o
LOAD ./code/utils.o
LOAD ./code/zhangai.o
LOAD d:/mss_v/mounriver/mounriver_studio/toolchain/risc-v embedded gcc/bin/../lib/gcc/riscv-none-embed/8.2.0/../../../../riscv-none-embed/lib/rv32imafc/ilp32f\libm.a
LOAD D:\CH32新库\移植后车\摄像头\Seekfree_CH32V307VCT6_Opensource_Library\Seekfree_CH32V307VCT6_Opensource_Library\libraries\zf_device\libzf_device_config.a
LOAD d:/mss_v/mounriver/mounriver_studio/toolchain/risc-v embedded gcc/bin/../lib/gcc/riscv-none-embed/8.2.0/rv32imafc/ilp32f\libgcc.a
LOAD d:/mss_v/mounriver/mounriver_studio/toolchain/risc-v embedded gcc/bin/../lib/gcc/riscv-none-embed/8.2.0/../../../../riscv-none-embed/lib/rv32imafc/ilp32f\libg_nano.a
LOAD d:/mss_v/mounriver/mounriver_studio/toolchain/risc-v embedded gcc/bin/../lib/gcc/riscv-none-embed/8.2.0/../../../../riscv-none-embed/lib/rv32imafc/ilp32f\libc_nano.a
LOAD d:/mss_v/mounriver/mounriver_studio/toolchain/risc-v embedded gcc/bin/../lib/gcc/riscv-none-embed/8.2.0/rv32imafc/ilp32f\libgcc.a
START GROUP
LOAD d:/mss_v/mounriver/mounriver_studio/toolchain/risc-v embedded gcc/bin/../lib/gcc/riscv-none-embed/8.2.0/rv32imafc/ilp32f\libgcc.a
LOAD d:/mss_v/mounriver/mounriver_studio/toolchain/risc-v embedded gcc/bin/../lib/gcc/riscv-none-embed/8.2.0/../../../../riscv-none-embed/lib/rv32imafc/ilp32f\libc_nano.a
LOAD d:/mss_v/mounriver/mounriver_studio/toolchain/risc-v embedded gcc/bin/../lib/gcc/riscv-none-embed/8.2.0/../../../../riscv-none-embed/lib/rv32imafc/ilp32f\libnosys.a
END GROUP
START GROUP
LOAD d:/mss_v/mounriver/mounriver_studio/toolchain/risc-v embedded gcc/bin/../lib/gcc/riscv-none-embed/8.2.0/rv32imafc/ilp32f\libgcc.a
LOAD d:/mss_v/mounriver/mounriver_studio/toolchain/risc-v embedded gcc/bin/../lib/gcc/riscv-none-embed/8.2.0/../../../../riscv-none-embed/lib/rv32imafc/ilp32f\libc_nano.a
LOAD d:/mss_v/mounriver/mounriver_studio/toolchain/risc-v embedded gcc/bin/../lib/gcc/riscv-none-embed/8.2.0/../../../../riscv-none-embed/lib/rv32imafc/ilp32f\libnosys.a
END GROUP
                0x0000000000000800                __stack_size = 0x800
                [!provide]                        PROVIDE (_stack_size = __stack_size)

.init           0x0000000000000000       0x38
                0x0000000000000000                _sinit = .
                0x0000000000000000                . = ALIGN (0x4)
 *(SORT_NONE(.init))
 .init          0x0000000000000000       0x38 ./sdk/Startup/startup_ch32v30x_D8C.o
                0x0000000000000000                _start
                0x0000000000000038                . = ALIGN (0x4)
                0x0000000000000038                _einit = .

.vector         0x0000000000000038      0x1c8
 *(.vector)
 .vector        0x0000000000000038      0x1a0 ./sdk/Startup/startup_ch32v30x_D8C.o
                0x0000000000000200                . = ALIGN (0x40)
 *fill*         0x00000000000001d8       0x28 

.text           0x0000000000000200    0x2e7d0
                0x0000000000000200                . = ALIGN (0x4)
 *(.text)
 .text          0x0000000000000200       0xa8 d:/mss_v/mounriver/mounriver_studio/toolchain/risc-v embedded gcc/bin/../lib/gcc/riscv-none-embed/8.2.0/../../../../riscv-none-embed/lib/rv32imafc/ilp32f\libg_nano.a(lib_a-memset.o)
                0x0000000000000200                memset
 *(.text.*)
 .text.adc_convert
                0x00000000000002a8       0xbc ./zf_driver/zf_driver_adc.o
                0x00000000000002a8                adc_convert
 .text.adc_init
                0x0000000000000364      0x194 ./zf_driver/zf_driver_adc.o
                0x0000000000000364                adc_init
 .text.system_delay
                0x00000000000004f8       0x9a ./zf_driver/zf_driver_delay.o
                0x00000000000004f8                system_delay
 .text.dvp_gpio_init
                0x0000000000000592      0x10c ./zf_driver/zf_driver_dvp.o
                0x0000000000000592                dvp_gpio_init
 .text.dvp_camera_init
                0x000000000000069e      0x144 ./zf_driver/zf_driver_dvp.o
                0x000000000000069e                dvp_camera_init
 .text.encoder_get_count
                0x00000000000007e2      0x168 ./zf_driver/zf_driver_encoder.o
                0x00000000000007e2                encoder_get_count
 .text.encoder_clear_count
                0x000000000000094a       0x9a ./zf_driver/zf_driver_encoder.o
                0x000000000000094a                encoder_clear_count
 .text.encoder_dir_init
                0x00000000000009e4      0x2ec ./zf_driver/zf_driver_encoder.o
                0x00000000000009e4                encoder_dir_init
 .text.gpio_set_level
                0x0000000000000cd0       0x78 ./zf_driver/zf_driver_gpio.o
                0x0000000000000cd0                gpio_set_level
 .text.gpio_get_level
                0x0000000000000d48       0x42 ./zf_driver/zf_driver_gpio.o
                0x0000000000000d48                gpio_get_level
 .text.gpio_init
                0x0000000000000d8a      0x15c ./zf_driver/zf_driver_gpio.o
                0x0000000000000d8a                gpio_init
 .text.pit_init
                0x0000000000000ee6      0x218 ./zf_driver/zf_driver_pit.o
                0x0000000000000ee6                pit_init
 .text.pwm_set_duty
                0x00000000000010fe      0x166 ./zf_driver/zf_driver_pwm.o
                0x00000000000010fe                pwm_set_duty
 .text.pwm_init
                0x0000000000001264      0x416 ./zf_driver/zf_driver_pwm.o
                0x0000000000001264                pwm_init
 .text.soft_iic_start
                0x000000000000167a      0x128 ./zf_driver/zf_driver_soft_iic.o
 .text.soft_iic_stop
                0x00000000000017a2      0x142 ./zf_driver/zf_driver_soft_iic.o
 .text.soft_iic_send_ack
                0x00000000000018e4      0x196 ./zf_driver/zf_driver_soft_iic.o
 .text.soft_iic_wait_ack
                0x0000000000001a7a      0x160 ./zf_driver/zf_driver_soft_iic.o
 .text.soft_iic_send_data
                0x0000000000001bda      0x16e ./zf_driver/zf_driver_soft_iic.o
 .text.soft_iic_read_data
                0x0000000000001d48      0x1ea ./zf_driver/zf_driver_soft_iic.o
 .text.soft_iic_write_8bit_array
                0x0000000000001f32       0xa8 ./zf_driver/zf_driver_soft_iic.o
                0x0000000000001f32                soft_iic_write_8bit_array
 .text.soft_iic_write_8bit_register
                0x0000000000001fda       0x80 ./zf_driver/zf_driver_soft_iic.o
                0x0000000000001fda                soft_iic_write_8bit_register
 .text.soft_iic_read_8bit_register
                0x000000000000205a       0xac ./zf_driver/zf_driver_soft_iic.o
                0x000000000000205a                soft_iic_read_8bit_register
 .text.soft_iic_read_8bit_registers
                0x0000000000002106       0xfc ./zf_driver/zf_driver_soft_iic.o
                0x0000000000002106                soft_iic_read_8bit_registers
 .text.soft_iic_sccb_write_register
                0x0000000000002202       0x86 ./zf_driver/zf_driver_soft_iic.o
                0x0000000000002202                soft_iic_sccb_write_register
 .text.soft_iic_sccb_read_register
                0x0000000000002288       0xbc ./zf_driver/zf_driver_soft_iic.o
                0x0000000000002288                soft_iic_sccb_read_register
 .text.soft_iic_init
                0x0000000000002344       0xb2 ./zf_driver/zf_driver_soft_iic.o
                0x0000000000002344                soft_iic_init
 .text.spi_write_8bit
                0x00000000000023f6       0x6a ./zf_driver/zf_driver_spi.o
                0x00000000000023f6                spi_write_8bit
 .text.spi_write_16bit
                0x0000000000002460       0xa6 ./zf_driver/zf_driver_spi.o
                0x0000000000002460                spi_write_16bit
 .text.spi_write_8bit_register
                0x0000000000002506       0xc4 ./zf_driver/zf_driver_spi.o
                0x0000000000002506                spi_write_8bit_register
 .text.spi_write_8bit_registers
                0x00000000000025ca       0xba ./zf_driver/zf_driver_spi.o
                0x00000000000025ca                spi_write_8bit_registers
 .text.spi_read_8bit_registers
                0x0000000000002684       0xe4 ./zf_driver/zf_driver_spi.o
                0x0000000000002684                spi_read_8bit_registers
 .text.spi_init
                0x0000000000002768      0x2f0 ./zf_driver/zf_driver_spi.o
                0x0000000000002768                spi_init
 .text.timer_funciton_check
                0x0000000000002a58       0x66 ./zf_driver/zf_driver_timer.o
                0x0000000000002a58                timer_funciton_check
 .text.timer_clock_enable
                0x0000000000002abe       0xe2 ./zf_driver/zf_driver_timer.o
                0x0000000000002abe                timer_clock_enable
 .text.timer_get
                0x0000000000002ba0       0xfe ./zf_driver/zf_driver_timer.o
                0x0000000000002ba0                timer_get
 .text.timer_clear
                0x0000000000002c9e       0xc4 ./zf_driver/zf_driver_timer.o
                0x0000000000002c9e                timer_clear
 .text.uart_write_byte
                0x0000000000002d62       0x5a ./zf_driver/zf_driver_uart.o
                0x0000000000002d62                uart_write_byte
 .text.uart_write_buffer
                0x0000000000002dbc       0x64 ./zf_driver/zf_driver_uart.o
                0x0000000000002dbc                uart_write_buffer
 .text.uart_write_string
                0x0000000000002e20       0x60 ./zf_driver/zf_driver_uart.o
                0x0000000000002e20                uart_write_string
 .text.uart_rx_interrupt
                0x0000000000002e80       0x86 ./zf_driver/zf_driver_uart.o
                0x0000000000002e80                uart_rx_interrupt
 .text.uart_query_byte
                0x0000000000002f06       0x62 ./zf_driver/zf_driver_uart.o
                0x0000000000002f06                uart_query_byte
 .text.uart_init
                0x0000000000002f68      0x5aa ./zf_driver/zf_driver_uart.o
                0x0000000000002f68                uart_init
 .text.camera_fifo_init
                0x0000000000003512       0x22 ./zf_device/zf_device_camera.o
                0x0000000000003512                camera_fifo_init
 .text.dl1a_get_spad_info
                0x0000000000003534      0x208 ./zf_device/zf_device_dl1a.o
 .text.dl1a_timeout_mclks_to_microseconds
                0x000000000000373c       0x58 ./zf_device/zf_device_dl1a.o
 .text.dl1a_timeout_microseconds_to_mclks
                0x0000000000003794       0x54 ./zf_device/zf_device_dl1a.o
 .text.dl1a_decode_timeout
                0x00000000000037e8       0x34 ./zf_device/zf_device_dl1a.o
 .text.dl1a_encode_timeout
                0x000000000000381c       0x7a ./zf_device/zf_device_dl1a.o
 .text.dl1a_get_sequence_step_enables
                0x0000000000003896       0x9e ./zf_device/zf_device_dl1a.o
 .text.dl1a_get_vcsel_pulse_period
                0x0000000000003934       0x88 ./zf_device/zf_device_dl1a.o
 .text.dl1a_get_sequence_step_timeouts
                0x00000000000039bc      0x192 ./zf_device/zf_device_dl1a.o
 .text.dl1a_perform_single_ref_calibration
                0x0000000000003b4e       0xce ./zf_device/zf_device_dl1a.o
 .text.dl1a_set_measurement_timing_budget
                0x0000000000003c1c      0x166 ./zf_device/zf_device_dl1a.o
 .text.dl1a_get_measurement_timing_budget
                0x0000000000003d82       0xb6 ./zf_device/zf_device_dl1a.o
 .text.dl1a_set_signal_rate_limit
                0x0000000000003e38       0xa6 ./zf_device/zf_device_dl1a.o
 .text.dl1a_get_distance
                0x0000000000003ede       0xa4 ./zf_device/zf_device_dl1a.o
                0x0000000000003ede                dl1a_get_distance
 .text.dl1a_init
                0x0000000000003f82      0x92e ./zf_device/zf_device_dl1a.o
                0x0000000000003f82                dl1a_init
 .text.dm1xa_sound_callback
                0x00000000000048b0       0xf2 ./zf_device/zf_device_dm1xa.o
                0x00000000000048b0                dm1xa_sound_callback
 .text.dm1xa_light_callback
                0x00000000000049a2       0x32 ./zf_device/zf_device_dm1xa.o
                0x00000000000049a2                dm1xa_light_callback
 .text.gps_uart_callback
                0x00000000000049d4      0x10a ./zf_device/zf_device_gps_tau1201.o
                0x00000000000049d4                gps_uart_callback
 .text.imu660ra_write_register
                0x0000000000004ade       0x52 ./zf_device/zf_device_imu660ra.o
 .text.imu660ra_write_registers
                0x0000000000004b30       0x54 ./zf_device/zf_device_imu660ra.o
 .text.imu660ra_read_register
                0x0000000000004b84       0x58 ./zf_device/zf_device_imu660ra.o
 .text.imu660ra_read_registers
                0x0000000000004bdc       0xa0 ./zf_device/zf_device_imu660ra.o
 .text.imu660ra_self_check
                0x0000000000004c7c       0x6c ./zf_device/zf_device_imu660ra.o
 .text.imu660ra_get_acc
                0x0000000000004ce8       0x80 ./zf_device/zf_device_imu660ra.o
                0x0000000000004ce8                imu660ra_get_acc
 .text.imu660ra_get_gyro
                0x0000000000004d68       0x80 ./zf_device/zf_device_imu660ra.o
                0x0000000000004d68                imu660ra_get_gyro
 .text.imu660ra_init
                0x0000000000004de8      0x14c ./zf_device/zf_device_imu660ra.o
                0x0000000000004de8                imu660ra_init
 .text.mt9v03x_set_config
                0x0000000000004f34      0x14c ./zf_device/zf_device_mt9v03x_dvp.o
 .text.mt9v03x_get_config
                0x0000000000005080      0x174 ./zf_device/zf_device_mt9v03x_dvp.o
 .text.mt9v03x_uart_handler
                0x00000000000051f4       0x44 ./zf_device/zf_device_mt9v03x_dvp.o
 .text.mt9v03x_dvp_handler
                0x0000000000005238       0x14 ./zf_device/zf_device_mt9v03x_dvp.o
                0x0000000000005238                mt9v03x_dvp_handler
 .text.mt9v03x_get_version
                0x000000000000524c       0xda ./zf_device/zf_device_mt9v03x_dvp.o
                0x000000000000524c                mt9v03x_get_version
 .text.mt9v03x_init
                0x0000000000005326      0x192 ./zf_device/zf_device_mt9v03x_dvp.o
                0x0000000000005326                mt9v03x_init
 .text.tft180_write_index
                0x00000000000054b8       0x7c ./zf_device/zf_device_tft180.o
 .text.tft180_set_region
                0x0000000000005534      0x1ee ./zf_device/zf_device_tft180.o
 .text.tft180_debug_init
                0x0000000000005722       0x86 ./zf_device/zf_device_tft180.o
 .text.tft180_clear
                0x00000000000057a8       0x88 ./zf_device/zf_device_tft180.o
                0x00000000000057a8                tft180_clear
 .text.tft180_full
                0x0000000000005830       0x8e ./zf_device/zf_device_tft180.o
                0x0000000000005830                tft180_full
 .text.tft180_set_dir
                0x00000000000058be       0x46 ./zf_device/zf_device_tft180.o
                0x00000000000058be                tft180_set_dir
 .text.tft180_set_color
                0x0000000000005904       0x2c ./zf_device/zf_device_tft180.o
                0x0000000000005904                tft180_set_color
 .text.tft180_draw_point
                0x0000000000005930       0xb4 ./zf_device/zf_device_tft180.o
                0x0000000000005930                tft180_draw_point
 .text.tft180_show_char
                0x00000000000059e4      0x2a0 ./zf_device/zf_device_tft180.o
                0x00000000000059e4                tft180_show_char
 .text.tft180_show_string
                0x0000000000005c84      0x122 ./zf_device/zf_device_tft180.o
                0x0000000000005c84                tft180_show_string
 .text.tft180_show_float
                0x0000000000005da6      0x1b6 ./zf_device/zf_device_tft180.o
                0x0000000000005da6                tft180_show_float
 .text.tft180_init
                0x0000000000005f5c      0x44e ./zf_device/zf_device_tft180.o
                0x0000000000005f5c                tft180_init
 .text.type_default_callback
                0x00000000000063aa        0xe ./zf_device/zf_device_type.o
 .text.set_camera_type
                0x00000000000063b8       0x52 ./zf_device/zf_device_type.o
                0x00000000000063b8                set_camera_type
 .text.set_wireless_type
                0x000000000000640a       0x36 ./zf_device/zf_device_type.o
                0x000000000000640a                set_wireless_type
 .text.wireless_ch573_callback
                0x0000000000006440       0x36 ./zf_device/zf_device_wireless_ch573.o
                0x0000000000006440                wireless_ch573_callback
 .text.wireless_ch573_send_byte
                0x0000000000006476       0x66 ./zf_device/zf_device_wireless_ch573.o
                0x0000000000006476                wireless_ch573_send_byte
 .text.wireless_ch573_init
                0x00000000000064dc       0x6c ./zf_device/zf_device_wireless_ch573.o
                0x00000000000064dc                wireless_ch573_init
 .text.clock_reset
                0x0000000000006548       0x76 ./zf_common/zf_common_clock.o
 .text.clock_set_freq
                0x00000000000065be      0x1d8 ./zf_common/zf_common_clock.o
 .text.clock_init
                0x0000000000006796       0x2e ./zf_common/zf_common_clock.o
                0x0000000000006796                clock_init
 .text.__NOP    0x00000000000067c4       0x10 ./zf_common/zf_common_debug.o
 .text.debug_delay
                0x00000000000067d4       0x54 ./zf_common/zf_common_debug.o
 .text.debug_protective_handler
                0x0000000000006828        0xe ./zf_common/zf_common_debug.o
 .text.debug_uart_str_output
                0x0000000000006836       0x20 ./zf_common/zf_common_debug.o
 .text.debug_output
                0x0000000000006856      0x564 ./zf_common/zf_common_debug.o
 .text._write   0x0000000000006dba       0x80 ./zf_common/zf_common_debug.o
                0x0000000000006dba                _write
 .text.debug_assert_handler
                0x0000000000006e3a       0x68 ./zf_common/zf_common_debug.o
                0x0000000000006e3a                debug_assert_handler
 .text.debug_log_handler
                0x0000000000006ea2       0x4e ./zf_common/zf_common_debug.o
                0x0000000000006ea2                debug_log_handler
 .text.debug_output_struct_init
                0x0000000000006ef0       0x5a ./zf_common/zf_common_debug.o
                0x0000000000006ef0                debug_output_struct_init
 .text.debug_output_init
                0x0000000000006f4a       0xa8 ./zf_common/zf_common_debug.o
                0x0000000000006f4a                debug_output_init
 .text.debug_init
                0x0000000000006ff2       0x4a ./zf_common/zf_common_debug.o
                0x0000000000006ff2                debug_init
 .text.fifo_head_offset
                0x000000000000703c       0x4e ./zf_common/zf_common_fifo.o
 .text.fifo_end_offset
                0x000000000000708a       0x4e ./zf_common/zf_common_fifo.o
 .text.fifo_clear
                0x00000000000070d8      0x100 ./zf_common/zf_common_fifo.o
                0x00000000000070d8                fifo_clear
 .text.fifo_used
                0x00000000000071d8       0x44 ./zf_common/zf_common_fifo.o
                0x00000000000071d8                fifo_used
 .text.fifo_write_element
                0x000000000000721c      0x118 ./zf_common/zf_common_fifo.o
                0x000000000000721c                fifo_write_element
 .text.fifo_write_buffer
                0x0000000000007334      0x304 ./zf_common/zf_common_fifo.o
                0x0000000000007334                fifo_write_buffer
 .text.fifo_read_buffer
                0x0000000000007638      0x2e0 ./zf_common/zf_common_fifo.o
                0x0000000000007638                fifo_read_buffer
 .text.fifo_init
                0x0000000000007918       0x96 ./zf_common/zf_common_fifo.o
                0x0000000000007918                fifo_init
 .text.func_float_to_str
                0x00000000000079ae      0x260 ./zf_common/zf_common_function.o
                0x00000000000079ae                func_float_to_str
 .text.__enable_irq
                0x0000000000007c0e       0x18 ./zf_common/zf_common_interrupt.o
 .text.__disable_irq
                0x0000000000007c26       0x14 ./zf_common/zf_common_interrupt.o
 .text.NVIC_EnableIRQ
                0x0000000000007c3a       0x32 ./zf_common/zf_common_interrupt.o
 .text.NVIC_DisableIRQ
                0x0000000000007c6c       0x32 ./zf_common/zf_common_interrupt.o
 .text.NVIC_SetPriority
                0x0000000000007c9e       0x2a ./zf_common/zf_common_interrupt.o
 .text.interrupt_enable
                0x0000000000007cc8       0x1e ./zf_common/zf_common_interrupt.o
                0x0000000000007cc8                interrupt_enable
 .text.interrupt_disable
                0x0000000000007ce6       0x1e ./zf_common/zf_common_interrupt.o
                0x0000000000007ce6                interrupt_disable
 .text.interrupt_set_priority
                0x0000000000007d04       0x2a ./zf_common/zf_common_interrupt.o
                0x0000000000007d04                interrupt_set_priority
 .text.interrupt_global_enable
                0x0000000000007d2e       0x32 ./zf_common/zf_common_interrupt.o
                0x0000000000007d2e                interrupt_global_enable
 .text.interrupt_global_disable
                0x0000000000007d60       0x2c ./zf_common/zf_common_interrupt.o
                0x0000000000007d60                interrupt_global_disable
 .text.interrupt_init
                0x0000000000007d8c       0x18 ./zf_common/zf_common_interrupt.o
                0x0000000000007d8c                interrupt_init
 .text.USART1_IRQHandler
                0x0000000000007da4       0x84 ./user_c/isr.o
                0x0000000000007da4                USART1_IRQHandler
 .text.USART2_IRQHandler
                0x0000000000007e28       0x84 ./user_c/isr.o
                0x0000000000007e28                USART2_IRQHandler
 .text.USART3_IRQHandler
                0x0000000000007eac       0x84 ./user_c/isr.o
                0x0000000000007eac                USART3_IRQHandler
 .text.UART4_IRQHandler
                0x0000000000007f30       0x84 ./user_c/isr.o
                0x0000000000007f30                UART4_IRQHandler
 .text.UART5_IRQHandler
                0x0000000000007fb4       0x82 ./user_c/isr.o
                0x0000000000007fb4                UART5_IRQHandler
 .text.UART6_IRQHandler
                0x0000000000008036       0x84 ./user_c/isr.o
                0x0000000000008036                UART6_IRQHandler
 .text.UART7_IRQHandler
                0x00000000000080ba       0x8a ./user_c/isr.o
                0x00000000000080ba                UART7_IRQHandler
 .text.UART8_IRQHandler
                0x0000000000008144       0x80 ./user_c/isr.o
                0x0000000000008144                UART8_IRQHandler
 .text.DVP_IRQHandler
                0x00000000000081c4       0x90 ./user_c/isr.o
                0x00000000000081c4                DVP_IRQHandler
 .text.EXTI0_IRQHandler
                0x0000000000008254       0x74 ./user_c/isr.o
                0x0000000000008254                EXTI0_IRQHandler
 .text.EXTI1_IRQHandler
                0x00000000000082c8       0x74 ./user_c/isr.o
                0x00000000000082c8                EXTI1_IRQHandler
 .text.EXTI2_IRQHandler
                0x000000000000833c       0x74 ./user_c/isr.o
                0x000000000000833c                EXTI2_IRQHandler
 .text.EXTI3_IRQHandler
                0x00000000000083b0       0x74 ./user_c/isr.o
                0x00000000000083b0                EXTI3_IRQHandler
 .text.EXTI4_IRQHandler
                0x0000000000008424       0x74 ./user_c/isr.o
                0x0000000000008424                EXTI4_IRQHandler
 .text.EXTI9_5_IRQHandler
                0x0000000000008498       0xd8 ./user_c/isr.o
                0x0000000000008498                EXTI9_5_IRQHandler
 .text.EXTI15_10_IRQHandler
                0x0000000000008570       0xec ./user_c/isr.o
                0x0000000000008570                EXTI15_10_IRQHandler
 .text.TIM1_UP_IRQHandler
                0x000000000000865c       0x80 ./user_c/isr.o
                0x000000000000865c                TIM1_UP_IRQHandler
 .text.TIM2_IRQHandler
                0x00000000000086dc       0x78 ./user_c/isr.o
                0x00000000000086dc                TIM2_IRQHandler
 .text.TIM3_IRQHandler
                0x0000000000008754       0x80 ./user_c/isr.o
                0x0000000000008754                TIM3_IRQHandler
 .text.TIM4_IRQHandler
                0x00000000000087d4       0x80 ./user_c/isr.o
                0x00000000000087d4                TIM4_IRQHandler
 .text.TIM5_IRQHandler
                0x0000000000008854       0x80 ./user_c/isr.o
                0x0000000000008854                TIM5_IRQHandler
 .text.TIM6_IRQHandler
                0x00000000000088d4       0x78 ./user_c/isr.o
                0x00000000000088d4                TIM6_IRQHandler
 .text.TIM7_IRQHandler
                0x000000000000894c       0xf0 ./user_c/isr.o
                0x000000000000894c                TIM7_IRQHandler
 .text.TIM8_UP_IRQHandler
                0x0000000000008a3c       0x80 ./user_c/isr.o
                0x0000000000008a3c                TIM8_UP_IRQHandler
 .text.TIM9_UP_IRQHandler
                0x0000000000008abc       0x80 ./user_c/isr.o
                0x0000000000008abc                TIM9_UP_IRQHandler
 .text.TIM10_UP_IRQHandler
                0x0000000000008b3c       0x78 ./user_c/isr.o
                0x0000000000008b3c                TIM10_UP_IRQHandler
 .text.NMI_Handler
                0x0000000000008bb4       0x10 ./user_c/isr.o
                0x0000000000008bb4                NMI_Handler
 .text.HardFault_Handler
                0x0000000000008bc4        0x8 ./user_c/isr.o
                0x0000000000008bc4                HardFault_Handler
 .text.main     0x0000000000008bcc       0xa6 ./user_c/main.o
                0x0000000000008bcc                main
 .text.find_left
                0x0000000000008c72       0xde ./user_c/main.o
                0x0000000000008c72                find_left
 .text.find_right
                0x0000000000008d50       0xe4 ./user_c/main.o
                0x0000000000008d50                find_right
 .text.nitoushi_bianije
                0x0000000000008e34       0x56 ./user_c/main.o
                0x0000000000008e34                nitoushi_bianije
 .text.dengjucaiyang
                0x0000000000008e8a       0x7e ./user_c/main.o
                0x0000000000008e8a                dengjucaiyang
 .text.zhaojiaodian
                0x0000000000008f08       0xc2 ./user_c/main.o
                0x0000000000008f08                zhaojiaodian
 .text.feijidayizhi
                0x0000000000008fca       0xc6 ./user_c/main.o
                0x0000000000008fca                feijidayizhi
 .text.find_zhongxian
                0x0000000000009090      0x14e ./user_c/main.o
                0x0000000000009090                find_zhongxian
 .text.find_L_jiaodian
                0x00000000000091de      0x6ba ./user_c/main.o
                0x00000000000091de                find_L_jiaodian
 .text.Bijiaobianchang
                0x0000000000009898       0x74 ./user_c/main.o
                0x0000000000009898                Bijiaobianchang
 .text.zhongxianGuiyihua
                0x000000000000990c      0x7c4 ./user_c/main.o
                0x000000000000990c                zhongxianGuiyihua
 .text.aim_distance_sport
                0x000000000000a0d0       0x8e ./user_c/main.o
                0x000000000000a0d0                aim_distance_sport
 .text.TELL     0x000000000000a15e      0x166 ./user_c/main.o
                0x000000000000a15e                TELL
 .text.vector_handler
                0x000000000000a2c4       0xbe ./sdk/Startup/startup_ch32v30x_D8C.o
                0x000000000000a2c8                Ecall_M_Mode_Handler
                0x000000000000a2ca                Ecall_U_Mode_Handler
                0x000000000000a2cc                Break_Point_Handler
                0x000000000000a2ce                SysTick_Handler
                0x000000000000a2d0                SW_Handler
                0x000000000000a2d2                WWDG_IRQHandler
                0x000000000000a2d4                PVD_IRQHandler
                0x000000000000a2d6                TAMPER_IRQHandler
                0x000000000000a2d8                RTC_IRQHandler
                0x000000000000a2da                FLASH_IRQHandler
                0x000000000000a2dc                RCC_IRQHandler
                0x000000000000a2e8                DMA1_Channel1_IRQHandler
                0x000000000000a2ea                DMA1_Channel2_IRQHandler
                0x000000000000a2ec                DMA1_Channel3_IRQHandler
                0x000000000000a2ee                DMA1_Channel4_IRQHandler
                0x000000000000a2f0                DMA1_Channel5_IRQHandler
                0x000000000000a2f2                DMA1_Channel6_IRQHandler
                0x000000000000a2f4                DMA1_Channel7_IRQHandler
                0x000000000000a2f6                ADC1_2_IRQHandler
                0x000000000000a2f8                USB_HP_CAN1_TX_IRQHandler
                0x000000000000a2fa                USB_LP_CAN1_RX0_IRQHandler
                0x000000000000a2fc                CAN1_RX1_IRQHandler
                0x000000000000a2fe                CAN1_SCE_IRQHandler
                0x000000000000a302                TIM1_BRK_IRQHandler
                0x000000000000a306                TIM1_TRG_COM_IRQHandler
                0x000000000000a308                TIM1_CC_IRQHandler
                0x000000000000a310                I2C1_EV_IRQHandler
                0x000000000000a312                I2C1_ER_IRQHandler
                0x000000000000a314                I2C2_EV_IRQHandler
                0x000000000000a316                I2C2_ER_IRQHandler
                0x000000000000a318                SPI1_IRQHandler
                0x000000000000a31a                SPI2_IRQHandler
                0x000000000000a324                RTCAlarm_IRQHandler
                0x000000000000a326                USBWakeUp_IRQHandler
                0x000000000000a328                TIM8_BRK_IRQHandler
                0x000000000000a32c                TIM8_TRG_COM_IRQHandler
                0x000000000000a32e                TIM8_CC_IRQHandler
                0x000000000000a330                RNG_IRQHandler
                0x000000000000a332                FSMC_IRQHandler
                0x000000000000a334                SDIO_IRQHandler
                0x000000000000a338                SPI3_IRQHandler
                0x000000000000a342                DMA2_Channel1_IRQHandler
                0x000000000000a344                DMA2_Channel2_IRQHandler
                0x000000000000a346                DMA2_Channel3_IRQHandler
                0x000000000000a348                DMA2_Channel4_IRQHandler
                0x000000000000a34a                DMA2_Channel5_IRQHandler
                0x000000000000a34c                ETH_IRQHandler
                0x000000000000a34e                ETH_WKUP_IRQHandler
                0x000000000000a350                CAN2_TX_IRQHandler
                0x000000000000a352                CAN2_RX0_IRQHandler
                0x000000000000a354                CAN2_RX1_IRQHandler
                0x000000000000a356                CAN2_SCE_IRQHandler
                0x000000000000a35a                USBHSWakeup_IRQHandler
                0x000000000000a35c                USBHS_IRQHandler
                0x000000000000a366                TIM9_BRK_IRQHandler
                0x000000000000a36a                TIM9_TRG_COM_IRQHandler
                0x000000000000a36c                TIM9_CC_IRQHandler
                0x000000000000a36e                TIM10_BRK_IRQHandler
                0x000000000000a372                TIM10_TRG_COM_IRQHandler
                0x000000000000a374                TIM10_CC_IRQHandler
                0x000000000000a376                DMA2_Channel6_IRQHandler
                0x000000000000a378                DMA2_Channel7_IRQHandler
                0x000000000000a37a                DMA2_Channel8_IRQHandler
                0x000000000000a37c                DMA2_Channel9_IRQHandler
                0x000000000000a37e                DMA2_Channel10_IRQHandler
                0x000000000000a380                DMA2_Channel11_IRQHandler
 .text.handle_reset
                0x000000000000a382       0x8a ./sdk/Startup/startup_ch32v30x_D8C.o
                0x000000000000a382                handle_reset
 .text.ADC_DeInit
                0x000000000000a40c       0x60 ./sdk/Peripheral/ch32v30x_adc.o
                0x000000000000a40c                ADC_DeInit
 .text.ADC_Init
                0x000000000000a46c      0x102 ./sdk/Peripheral/ch32v30x_adc.o
                0x000000000000a46c                ADC_Init
 .text.ADC_Cmd  0x000000000000a56e       0x3e ./sdk/Peripheral/ch32v30x_adc.o
                0x000000000000a56e                ADC_Cmd
 .text.ADC_ResetCalibration
                0x000000000000a5ac       0x22 ./sdk/Peripheral/ch32v30x_adc.o
                0x000000000000a5ac                ADC_ResetCalibration
 .text.ADC_GetResetCalibrationStatus
                0x000000000000a5ce       0x30 ./sdk/Peripheral/ch32v30x_adc.o
                0x000000000000a5ce                ADC_GetResetCalibrationStatus
 .text.ADC_StartCalibration
                0x000000000000a5fe       0x22 ./sdk/Peripheral/ch32v30x_adc.o
                0x000000000000a5fe                ADC_StartCalibration
 .text.ADC_GetCalibrationStatus
                0x000000000000a620       0x30 ./sdk/Peripheral/ch32v30x_adc.o
                0x000000000000a620                ADC_GetCalibrationStatus
 .text.ADC_SoftwareStartConvCmd
                0x000000000000a650       0x44 ./sdk/Peripheral/ch32v30x_adc.o
                0x000000000000a650                ADC_SoftwareStartConvCmd
 .text.ADC_RegularChannelConfig
                0x000000000000a694      0x248 ./sdk/Peripheral/ch32v30x_adc.o
                0x000000000000a694                ADC_RegularChannelConfig
 .text.ADC_GetFlagStatus
                0x000000000000a8dc       0x3a ./sdk/Peripheral/ch32v30x_adc.o
                0x000000000000a8dc                ADC_GetFlagStatus
 .text.ADC_BufferCmd
                0x000000000000a916       0x44 ./sdk/Peripheral/ch32v30x_adc.o
                0x000000000000a916                ADC_BufferCmd
 .text.EXTI_GetITStatus
                0x000000000000a95a       0x56 ./sdk/Peripheral/ch32v30x_exti.o
                0x000000000000a95a                EXTI_GetITStatus
 .text.EXTI_ClearITPendingBit
                0x000000000000a9b0       0x20 ./sdk/Peripheral/ch32v30x_exti.o
                0x000000000000a9b0                EXTI_ClearITPendingBit
 .text.GPIO_Init
                0x000000000000a9d0      0x22a ./sdk/Peripheral/ch32v30x_gpio.o
                0x000000000000a9d0                GPIO_Init
 .text.GPIO_WriteBit
                0x000000000000abfa       0x38 ./sdk/Peripheral/ch32v30x_gpio.o
                0x000000000000abfa                GPIO_WriteBit
 .text.GPIO_PinRemapConfig
                0x000000000000ac32      0x1c8 ./sdk/Peripheral/ch32v30x_gpio.o
                0x000000000000ac32                GPIO_PinRemapConfig
 .text.RCC_ADCCLKConfig
                0x000000000000adfa       0x46 ./sdk/Peripheral/ch32v30x_rcc.o
                0x000000000000adfa                RCC_ADCCLKConfig
 .text.RCC_GetClocksFreq
                0x000000000000ae40      0x2c6 ./sdk/Peripheral/ch32v30x_rcc.o
                0x000000000000ae40                RCC_GetClocksFreq
 .text.RCC_AHBPeriphClockCmd
                0x000000000000b106       0x46 ./sdk/Peripheral/ch32v30x_rcc.o
                0x000000000000b106                RCC_AHBPeriphClockCmd
 .text.RCC_APB2PeriphClockCmd
                0x000000000000b14c       0x46 ./sdk/Peripheral/ch32v30x_rcc.o
                0x000000000000b14c                RCC_APB2PeriphClockCmd
 .text.RCC_APB1PeriphClockCmd
                0x000000000000b192       0x46 ./sdk/Peripheral/ch32v30x_rcc.o
                0x000000000000b192                RCC_APB1PeriphClockCmd
 .text.RCC_APB2PeriphResetCmd
                0x000000000000b1d8       0x46 ./sdk/Peripheral/ch32v30x_rcc.o
                0x000000000000b1d8                RCC_APB2PeriphResetCmd
 .text.RCC_APB1PeriphResetCmd
                0x000000000000b21e       0x46 ./sdk/Peripheral/ch32v30x_rcc.o
                0x000000000000b21e                RCC_APB1PeriphResetCmd
 .text.SPI_I2S_DeInit
                0x000000000000b264       0x76 ./sdk/Peripheral/ch32v30x_spi.o
                0x000000000000b264                SPI_I2S_DeInit
 .text.SPI_Init
                0x000000000000b2da       0xf8 ./sdk/Peripheral/ch32v30x_spi.o
                0x000000000000b2da                SPI_Init
 .text.SPI_Cmd  0x000000000000b3d2       0x5a ./sdk/Peripheral/ch32v30x_spi.o
                0x000000000000b3d2                SPI_Cmd
 .text.TIM_TimeBaseInit
                0x000000000000b42c      0x17e ./sdk/Peripheral/ch32v30x_tim.o
                0x000000000000b42c                TIM_TimeBaseInit
 .text.TIM_OC1Init
                0x000000000000b5aa      0x19c ./sdk/Peripheral/ch32v30x_tim.o
                0x000000000000b5aa                TIM_OC1Init
 .text.TIM_OC2Init
                0x000000000000b746      0x1e2 ./sdk/Peripheral/ch32v30x_tim.o
                0x000000000000b746                TIM_OC2Init
 .text.TIM_OC3Init
                0x000000000000b928      0x1dc ./sdk/Peripheral/ch32v30x_tim.o
                0x000000000000b928                TIM_OC3Init
 .text.TIM_OC4Init
                0x000000000000bb04      0x176 ./sdk/Peripheral/ch32v30x_tim.o
                0x000000000000bb04                TIM_OC4Init
 .text.TIM_TimeBaseStructInit
                0x000000000000bc7a       0x3c ./sdk/Peripheral/ch32v30x_tim.o
                0x000000000000bc7a                TIM_TimeBaseStructInit
 .text.TIM_Cmd  0x000000000000bcb6       0x58 ./sdk/Peripheral/ch32v30x_tim.o
                0x000000000000bcb6                TIM_Cmd
 .text.TIM_CtrlPWMOutputs
                0x000000000000bd0e       0x60 ./sdk/Peripheral/ch32v30x_tim.o
                0x000000000000bd0e                TIM_CtrlPWMOutputs
 .text.TIM_ITConfig
                0x000000000000bd6e       0x70 ./sdk/Peripheral/ch32v30x_tim.o
                0x000000000000bd6e                TIM_ITConfig
 .text.TIM_ITRxExternalClockConfig
                0x000000000000bdde       0x46 ./sdk/Peripheral/ch32v30x_tim.o
                0x000000000000bdde                TIM_ITRxExternalClockConfig
 .text.TIM_SelectInputTrigger
                0x000000000000be24       0x4e ./sdk/Peripheral/ch32v30x_tim.o
                0x000000000000be24                TIM_SelectInputTrigger
 .text.TIM_OC1PreloadConfig
                0x000000000000be72       0x4c ./sdk/Peripheral/ch32v30x_tim.o
                0x000000000000be72                TIM_OC1PreloadConfig
 .text.TIM_OC2PreloadConfig
                0x000000000000bebe       0x5a ./sdk/Peripheral/ch32v30x_tim.o
                0x000000000000bebe                TIM_OC2PreloadConfig
 .text.TIM_OC3PreloadConfig
                0x000000000000bf18       0x4c ./sdk/Peripheral/ch32v30x_tim.o
                0x000000000000bf18                TIM_OC3PreloadConfig
 .text.TIM_OC4PreloadConfig
                0x000000000000bf64       0x5a ./sdk/Peripheral/ch32v30x_tim.o
                0x000000000000bf64                TIM_OC4PreloadConfig
 .text.TIM_OC1FastConfig
                0x000000000000bfbe       0x4c ./sdk/Peripheral/ch32v30x_tim.o
                0x000000000000bfbe                TIM_OC1FastConfig
 .text.TIM_OC2FastConfig
                0x000000000000c00a       0x56 ./sdk/Peripheral/ch32v30x_tim.o
                0x000000000000c00a                TIM_OC2FastConfig
 .text.TIM_OC3FastConfig
                0x000000000000c060       0x4c ./sdk/Peripheral/ch32v30x_tim.o
                0x000000000000c060                TIM_OC3FastConfig
 .text.TIM_OC4FastConfig
                0x000000000000c0ac       0x56 ./sdk/Peripheral/ch32v30x_tim.o
                0x000000000000c0ac                TIM_OC4FastConfig
 .text.TIM_GetITStatus
                0x000000000000c102       0x70 ./sdk/Peripheral/ch32v30x_tim.o
                0x000000000000c102                TIM_GetITStatus
 .text.TIM_ClearITPendingBit
                0x000000000000c172       0x2e ./sdk/Peripheral/ch32v30x_tim.o
                0x000000000000c172                TIM_ClearITPendingBit
 .text.USART_Init
                0x000000000000c1a0      0x234 ./sdk/Peripheral/ch32v30x_usart.o
                0x000000000000c1a0                USART_Init
 .text.USART_Cmd
                0x000000000000c3d4       0x60 ./sdk/Peripheral/ch32v30x_usart.o
                0x000000000000c3d4                USART_Cmd
 .text.USART_ITConfig
                0x000000000000c434       0xc4 ./sdk/Peripheral/ch32v30x_usart.o
                0x000000000000c434                USART_ITConfig
 .text.USART_SendData
                0x000000000000c4f8       0x2e ./sdk/Peripheral/ch32v30x_usart.o
                0x000000000000c4f8                USART_SendData
 .text.USART_GetFlagStatus
                0x000000000000c526       0x46 ./sdk/Peripheral/ch32v30x_usart.o
                0x000000000000c526                USART_GetFlagStatus
 .text.USART_GetITStatus
                0x000000000000c56c      0x102 ./sdk/Peripheral/ch32v30x_usart.o
                0x000000000000c56c                USART_GetITStatus
 .text.USART_ClearITPendingBit
                0x000000000000c66e       0x4e ./sdk/Peripheral/ch32v30x_usart.o
                0x000000000000c66e                USART_ClearITPendingBit
 .text.DevEP1_IN_Deal
                0x000000000000c6bc       0x3e ./sdk/Peripheral/ch32v30x_usbotg_device.o
                0x000000000000c6bc                DevEP1_IN_Deal
 .text.DevEP2_IN_Deal
                0x000000000000c6fa       0x3e ./sdk/Peripheral/ch32v30x_usbotg_device.o
                0x000000000000c6fa                DevEP2_IN_Deal
 .text.DevEP1_OUT_Deal
                0x000000000000c738       0x66 ./sdk/Peripheral/ch32v30x_usbotg_device.o
                0x000000000000c738                DevEP1_OUT_Deal
 .text.DevEP2_OUT_Deal
                0x000000000000c79e       0x66 ./sdk/Peripheral/ch32v30x_usbotg_device.o
                0x000000000000c79e                DevEP2_OUT_Deal
 .text.OTG_FS_IRQHandler
                0x000000000000c804      0xcea ./sdk/Peripheral/ch32v30x_usbotg_device.o
                0x000000000000c804                OTG_FS_IRQHandler
 .text.Akeman_chasu
                0x000000000000d4ee      0x34a ./code/Control.o
                0x000000000000d4ee                Akeman_chasu
 .text.my_adapt_threshold
                0x000000000000d838      0x41a ./code/DajinFa.o
                0x000000000000d838                my_adapt_threshold
 .text.KEY_Add_int_16
                0x000000000000dc52       0x7c ./code/KEY.o
                0x000000000000dc52                KEY_Add_int_16
 .text.KEY_Add_int_1
                0x000000000000dcce       0x7c ./code/KEY.o
                0x000000000000dcce                KEY_Add_int_1
 .text.KEY_Reduce_int_1
                0x000000000000dd4a       0x72 ./code/KEY.o
                0x000000000000dd4a                KEY_Reduce_int_1
 .text.KEY_Add_float_1
                0x000000000000ddbc       0x72 ./code/KEY.o
                0x000000000000ddbc                KEY_Add_float_1
 .text.KEY_Reduce_float_1
                0x000000000000de2e       0x72 ./code/KEY.o
                0x000000000000de2e                KEY_Reduce_float_1
 .text.KEY_Add_float_0_1
                0x000000000000dea0       0x84 ./code/KEY.o
                0x000000000000dea0                KEY_Add_float_0_1
 .text.KEY_Reduce_float_0_1
                0x000000000000df24       0x84 ./code/KEY.o
                0x000000000000df24                KEY_Reduce_float_0_1
 .text.KEY_Add_float_0_01
                0x000000000000dfa8       0x84 ./code/KEY.o
                0x000000000000dfa8                KEY_Add_float_0_01
 .text.KEY_Reduce_float_0_01
                0x000000000000e02c       0x84 ./code/KEY.o
                0x000000000000e02c                KEY_Reduce_float_0_01
 .text.KEY_Add_float_0_5
                0x000000000000e0b0       0x72 ./code/KEY.o
                0x000000000000e0b0                KEY_Add_float_0_5
 .text.KEY_Reduce_float_0_5
                0x000000000000e122       0x72 ./code/KEY.o
                0x000000000000e122                KEY_Reduce_float_0_5
 .text.Page0    0x000000000000e194      0x23c ./code/Menu_2.0.o
                0x000000000000e194                Page0
 .text.PID_page
                0x000000000000e3d0      0x214 ./code/Menu_2.0.o
                0x000000000000e3d0                PID_page
 .text.Speed_page
                0x000000000000e5e4      0x148 ./code/Menu_2.0.o
                0x000000000000e5e4                Speed_page
 .text.chasu_page
                0x000000000000e72c      0x1ae ./code/Menu_2.0.o
                0x000000000000e72c                chasu_page
 .text.mode_page
                0x000000000000e8da      0x170 ./code/Menu_2.0.o
                0x000000000000e8da                mode_page
 .text.My_PID_WEIZHI
                0x000000000000ea4a      0x2f6 ./code/My_PID.o
                0x000000000000ea4a                My_PID_WEIZHI
 .text.get_total_encoder
                0x000000000000ed40       0x2e ./code/My_PID.o
                0x000000000000ed40                get_total_encoder
 .text.Speed_L_PID
                0x000000000000ed6e       0xec ./code/My_PID.o
                0x000000000000ed6e                Speed_L_PID
 .text.Speed_R_PID
                0x000000000000ee5a       0xec ./code/My_PID.o
                0x000000000000ee5a                Speed_R_PID
 .text.Erzhihua
                0x000000000000ef46       0xc0 ./code/My_huidu.o
                0x000000000000ef46                Erzhihua
 .text.dianji_control
                0x000000000000f006      0x492 ./code/PID.o
                0x000000000000f006                dianji_control
 .text.duoji_control
                0x000000000000f498      0x352 ./code/PID.o
                0x000000000000f498                duoji_control
 .text.check_far_L_point
                0x000000000000f7ea      0x90a ./code/TELL_shizi.o
                0x000000000000f7ea                check_far_L_point
 .text.check_cross
                0x00000000000100f4      0x176 ./code/TELL_shizi.o
                0x00000000000100f4                check_cross
 .text.run_cross
                0x000000000001026a      0x13e ./code/TELL_shizi.o
                0x000000000001026a                run_cross
 .text.check_banmaxian0
                0x00000000000103a8      0x118 ./code/TELL_shizi.o
                0x00000000000103a8                check_banmaxian0
 .text.check_banmaxian1
                0x00000000000104c0      0x10c ./code/TELL_shizi.o
                0x00000000000104c0                check_banmaxian1
 .text.check_ruku
                0x00000000000105cc      0x1c6 ./code/TELL_shizi.o
                0x00000000000105cc                check_ruku
 .text.run_ruku
                0x0000000000010792      0x138 ./code/TELL_shizi.o
                0x0000000000010792                run_ruku
 .text.check_bianjie_H
                0x00000000000108ca       0xfc ./code/TELL_shizi.o
                0x00000000000108ca                check_bianjie_H
 .text.check_duanlu2
                0x00000000000109c6       0xbc ./code/TELL_shizi.o
                0x00000000000109c6                check_duanlu2
 .text.run_duanlu
                0x0000000000010a82       0xf4 ./code/TELL_shizi.o
                0x0000000000010a82                run_duanlu
 .text.check_circle
                0x0000000000010b76      0x19c ./code/Yuan_huan.o
                0x0000000000010b76                check_circle
 .text.run_circle
                0x0000000000010d12      0x368 ./code/Yuan_huan.o
                0x0000000000010d12                run_circle
 .text.findline_lefthand_adaptive
                0x000000000001107a      0x25a ./code/ZHONGXIAN.o
                0x000000000001107a                findline_lefthand_adaptive
 .text.findline_righthand_adaptive
                0x00000000000112d4      0x25a ./code/ZHONGXIAN.o
                0x00000000000112d4                findline_righthand_adaptive
 .text.resample_points2_R
                0x000000000001152e      0x314 ./code/ZHONGXIAN.o
                0x000000000001152e                resample_points2_R
 .text.resample_points2_L
                0x0000000000011842      0x328 ./code/ZHONGXIAN.o
                0x0000000000011842                resample_points2_L
 .text.local_angle_points0
                0x0000000000011b6a      0x26a ./code/ZHONGXIAN.o
                0x0000000000011b6a                local_angle_points0
 .text.local_angle_points1
                0x0000000000011dd4      0x26a ./code/ZHONGXIAN.o
                0x0000000000011dd4                local_angle_points1
 .text.nms_angle0
                0x000000000001203e       0xe2 ./code/ZHONGXIAN.o
                0x000000000001203e                nms_angle0
 .text.nms_angle1
                0x0000000000012120       0xe2 ./code/ZHONGXIAN.o
                0x0000000000012120                nms_angle1
 .text.track_leftline
                0x0000000000012202      0x274 ./code/ZHONGXIAN.o
                0x0000000000012202                track_leftline
 .text.track_rightline
                0x0000000000012476      0x26e ./code/ZHONGXIAN.o
                0x0000000000012476                track_rightline
 .text.check_16point
                0x00000000000126e4       0xce ./code/ZHONGXIAN.o
                0x00000000000126e4                check_16point
 .text.check_far_whitepoint
                0x00000000000127b2       0x76 ./code/ZHONGXIAN.o
                0x00000000000127b2                check_far_whitepoint
 .text.run_chongdian3
                0x0000000000012828      0x13a ./code/charge.o
                0x0000000000012828                run_chongdian3
 .text.check_charge_low
                0x0000000000012962       0x62 ./code/charge.o
                0x0000000000012962                check_charge_low
 .text.run_charge_low
                0x00000000000129c4      0x118 ./code/charge.o
                0x00000000000129c4                run_charge_low
 .text.diangan_guiyihua
                0x0000000000012adc      0x5c0 ./code/dianci.o
                0x0000000000012adc                diangan_guiyihua
 .text.chabihe  0x000000000001309c      0x20e ./code/dianci.o
                0x000000000001309c                chabihe
 .text.my_imu660ra_date_chuli
                0x00000000000132aa      0x1f2 ./code/icm20602_chuli.o
                0x00000000000132aa                my_imu660ra_date_chuli
 .text.Angle_add
                0x000000000001349c      0x10c ./code/icm20602_chuli.o
                0x000000000001349c                Angle_add
 .text.Angle_Get
                0x00000000000135a8       0x46 ./code/icm20602_chuli.o
                0x00000000000135a8                Angle_Get
 .text.Complementary
                0x00000000000135ee       0xac ./code/icm20602_chuli.o
                0x00000000000135ee                Complementary
 .text.imu_open
                0x000000000001369a       0x1e ./code/icm20602_chuli.o
                0x000000000001369a                imu_open
 .text.motor_initialize
                0x00000000000136b8       0x56 ./code/initialize.o
                0x00000000000136b8                motor_initialize
 .text.Servo_initialize
                0x000000000001370e       0x24 ./code/initialize.o
                0x000000000001370e                Servo_initialize
 .text.buzzer_initialize
                0x0000000000013732       0x20 ./code/initialize.o
                0x0000000000013732                buzzer_initialize
 .text.Encoder_initialize
                0x0000000000013752       0x32 ./code/initialize.o
                0x0000000000013752                Encoder_initialize
 .text.tft180_initialize
                0x0000000000013784       0x16 ./code/initialize.o
                0x0000000000013784                tft180_initialize
 .text.Camera_initialize
                0x000000000001379a       0x16 ./code/initialize.o
                0x000000000001379a                Camera_initialize
 .text.adc_initialize
                0x00000000000137b0       0x42 ./code/initialize.o
                0x00000000000137b0                adc_initialize
 .text.timer_initialize
                0x00000000000137f2       0x2c ./code/initialize.o
                0x00000000000137f2                timer_initialize
 .text.key_initialize
                0x000000000001381e       0x9c ./code/initialize.o
                0x000000000001381e                key_initialize
 .text.imu660ra_initialize
                0x00000000000138ba       0x16 ./code/initialize.o
                0x00000000000138ba                imu660ra_initialize
 .text.tof_initialize
                0x00000000000138d0       0x16 ./code/initialize.o
                0x00000000000138d0                tof_initialize
 .text.ch573_initialize
                0x00000000000138e6       0x16 ./code/initialize.o
                0x00000000000138e6                ch573_initialize
 .text.charge_En_initialize
                0x00000000000138fc       0x20 ./code/initialize.o
                0x00000000000138fc                charge_En_initialize
 .text.all_initialize
                0x000000000001391c       0x46 ./code/initialize.o
                0x000000000001391c                all_initialize
 .text.image_perspective_corrective_Forward2
                0x0000000000013962       0xd8 ./code/nitoushi.o
                0x0000000000013962                image_perspective_corrective_Forward2
 .text.pit_handler
                0x0000000000013a3a       0x46 ./code/tof.o
                0x0000000000013a3a                pit_handler
 .text.clip     0x0000000000013a80       0x3a ./code/utils.o
                0x0000000000013a80                clip
 .text.run_slope
                0x0000000000013aba       0xc4 ./code/zhangai.o
                0x0000000000013aba                run_slope
 .text.run_luzhang_RIGHT
                0x0000000000013b7e      0x158 ./code/zhangai.o
                0x0000000000013b7e                run_luzhang_RIGHT
 .text.run_luzhang_LEFT
                0x0000000000013cd6      0x154 ./code/zhangai.o
                0x0000000000013cd6                run_luzhang_LEFT
 .text.check_zhangai
                0x0000000000013e2a       0xea ./code/zhangai.o
                0x0000000000013e2a                check_zhangai
 .text.round    0x0000000000013f14       0xc6 d:/mss_v/mounriver/mounriver_studio/toolchain/risc-v embedded gcc/bin/../lib/gcc/riscv-none-embed/8.2.0/../../../../riscv-none-embed/lib/rv32imafc/ilp32f\libm.a(lib_a-s_round.o)
                0x0000000000013f14                round
 .text.tan      0x0000000000013fda       0x5e d:/mss_v/mounriver/mounriver_studio/toolchain/risc-v embedded gcc/bin/../lib/gcc/riscv-none-embed/8.2.0/../../../../riscv-none-embed/lib/rv32imafc/ilp32f\libm.a(lib_a-s_tan.o)
                0x0000000000013fda                tan
 .text.atanf    0x0000000000014038      0x204 d:/mss_v/mounriver/mounriver_studio/toolchain/risc-v embedded gcc/bin/../lib/gcc/riscv-none-embed/8.2.0/../../../../riscv-none-embed/lib/rv32imafc/ilp32f\libm.a(lib_a-sf_atan.o)
                0x0000000000014038                atanf
 .text.fabsf    0x000000000001423c        0xe d:/mss_v/mounriver/mounriver_studio/toolchain/risc-v embedded gcc/bin/../lib/gcc/riscv-none-embed/8.2.0/../../../../riscv-none-embed/lib/rv32imafc/ilp32f\libm.a(lib_a-sf_fabs.o)
                0x000000000001423c                fabsf
 .text.atan2    0x000000000001424a        0x2 d:/mss_v/mounriver/mounriver_studio/toolchain/risc-v embedded gcc/bin/../lib/gcc/riscv-none-embed/8.2.0/../../../../riscv-none-embed/lib/rv32imafc/ilp32f\libm.a(lib_a-w_atan2.o)
                0x000000000001424a                atan2
 .text.pow      0x000000000001424c      0x324 d:/mss_v/mounriver/mounriver_studio/toolchain/risc-v embedded gcc/bin/../lib/gcc/riscv-none-embed/8.2.0/../../../../riscv-none-embed/lib/rv32imafc/ilp32f\libm.a(lib_a-w_pow.o)
                0x000000000001424c                pow
 .text.sqrt     0x0000000000014570       0xba d:/mss_v/mounriver/mounriver_studio/toolchain/risc-v embedded gcc/bin/../lib/gcc/riscv-none-embed/8.2.0/../../../../riscv-none-embed/lib/rv32imafc/ilp32f\libm.a(lib_a-w_sqrt.o)
                0x0000000000014570                sqrt
 .text.atan2f   0x000000000001462a        0x4 d:/mss_v/mounriver/mounriver_studio/toolchain/risc-v embedded gcc/bin/../lib/gcc/riscv-none-embed/8.2.0/../../../../riscv-none-embed/lib/rv32imafc/ilp32f\libm.a(lib_a-wf_atan2.o)
                0x000000000001462a                atan2f
 .text.sqrtf    0x000000000001462e       0xa8 d:/mss_v/mounriver/mounriver_studio/toolchain/risc-v embedded gcc/bin/../lib/gcc/riscv-none-embed/8.2.0/../../../../riscv-none-embed/lib/rv32imafc/ilp32f\libm.a(lib_a-wf_sqrt.o)
                0x000000000001462e                sqrtf
 .text.__ieee754_atan2
                0x00000000000146d6      0x1e4 d:/mss_v/mounriver/mounriver_studio/toolchain/risc-v embedded gcc/bin/../lib/gcc/riscv-none-embed/8.2.0/../../../../riscv-none-embed/lib/rv32imafc/ilp32f\libm.a(lib_a-e_atan2.o)
                0x00000000000146d6                __ieee754_atan2
 .text.__ieee754_pow
                0x00000000000148ba      0xad8 d:/mss_v/mounriver/mounriver_studio/toolchain/risc-v embedded gcc/bin/../lib/gcc/riscv-none-embed/8.2.0/../../../../riscv-none-embed/lib/rv32imafc/ilp32f\libm.a(lib_a-e_pow.o)
                0x00000000000148ba                __ieee754_pow
 .text.__ieee754_rem_pio2
                0x0000000000015392      0x466 d:/mss_v/mounriver/mounriver_studio/toolchain/risc-v embedded gcc/bin/../lib/gcc/riscv-none-embed/8.2.0/../../../../riscv-none-embed/lib/rv32imafc/ilp32f\libm.a(lib_a-e_rem_pio2.o)
                0x0000000000015392                __ieee754_rem_pio2
 .text.__ieee754_sqrt
                0x00000000000157f8      0x1d6 d:/mss_v/mounriver/mounriver_studio/toolchain/risc-v embedded gcc/bin/../lib/gcc/riscv-none-embed/8.2.0/../../../../riscv-none-embed/lib/rv32imafc/ilp32f\libm.a(lib_a-e_sqrt.o)
                0x00000000000157f8                __ieee754_sqrt
 .text.__ieee754_atan2f
                0x00000000000159ce      0x1c4 d:/mss_v/mounriver/mounriver_studio/toolchain/risc-v embedded gcc/bin/../lib/gcc/riscv-none-embed/8.2.0/../../../../riscv-none-embed/lib/rv32imafc/ilp32f\libm.a(lib_a-ef_atan2.o)
                0x00000000000159ce                __ieee754_atan2f
 .text.__ieee754_sqrtf
                0x0000000000015b92       0xcc d:/mss_v/mounriver/mounriver_studio/toolchain/risc-v embedded gcc/bin/../lib/gcc/riscv-none-embed/8.2.0/../../../../riscv-none-embed/lib/rv32imafc/ilp32f\libm.a(lib_a-ef_sqrt.o)
                0x0000000000015b92                __ieee754_sqrtf
 .text.__kernel_rem_pio2
                0x0000000000015c5e      0x954 d:/mss_v/mounriver/mounriver_studio/toolchain/risc-v embedded gcc/bin/../lib/gcc/riscv-none-embed/8.2.0/../../../../riscv-none-embed/lib/rv32imafc/ilp32f\libm.a(lib_a-k_rem_pio2.o)
                0x0000000000015c5e                __kernel_rem_pio2
 .text.__kernel_tan
                0x00000000000165b2      0x3ae d:/mss_v/mounriver/mounriver_studio/toolchain/risc-v embedded gcc/bin/../lib/gcc/riscv-none-embed/8.2.0/../../../../riscv-none-embed/lib/rv32imafc/ilp32f\libm.a(lib_a-k_tan.o)
                0x00000000000165b2                __kernel_tan
 .text.atan     0x0000000000016960      0x33a d:/mss_v/mounriver/mounriver_studio/toolchain/risc-v embedded gcc/bin/../lib/gcc/riscv-none-embed/8.2.0/../../../../riscv-none-embed/lib/rv32imafc/ilp32f\libm.a(lib_a-s_atan.o)
                0x0000000000016960                atan
 .text.fabs     0x0000000000016c9a        0x6 d:/mss_v/mounriver/mounriver_studio/toolchain/risc-v embedded gcc/bin/../lib/gcc/riscv-none-embed/8.2.0/../../../../riscv-none-embed/lib/rv32imafc/ilp32f\libm.a(lib_a-s_fabs.o)
                0x0000000000016c9a                fabs
 .text.finite   0x0000000000016ca0        0xe d:/mss_v/mounriver/mounriver_studio/toolchain/risc-v embedded gcc/bin/../lib/gcc/riscv-none-embed/8.2.0/../../../../riscv-none-embed/lib/rv32imafc/ilp32f\libm.a(lib_a-s_finite.o)
                0x0000000000016ca0                finite
 .text.floor    0x0000000000016cae      0x158 d:/mss_v/mounriver/mounriver_studio/toolchain/risc-v embedded gcc/bin/../lib/gcc/riscv-none-embed/8.2.0/../../../../riscv-none-embed/lib/rv32imafc/ilp32f\libm.a(lib_a-s_floor.o)
                0x0000000000016cae                floor
 .text.matherr  0x0000000000016e06        0x4 d:/mss_v/mounriver/mounriver_studio/toolchain/risc-v embedded gcc/bin/../lib/gcc/riscv-none-embed/8.2.0/../../../../riscv-none-embed/lib/rv32imafc/ilp32f\libm.a(lib_a-s_matherr.o)
                0x0000000000016e06                matherr
 .text.nan      0x0000000000016e0a        0xe d:/mss_v/mounriver/mounriver_studio/toolchain/risc-v embedded gcc/bin/../lib/gcc/riscv-none-embed/8.2.0/../../../../riscv-none-embed/lib/rv32imafc/ilp32f\libm.a(lib_a-s_nan.o)
                0x0000000000016e0a                nan
 .text.rint     0x0000000000016e18      0x18c d:/mss_v/mounriver/mounriver_studio/toolchain/risc-v embedded gcc/bin/../lib/gcc/riscv-none-embed/8.2.0/../../../../riscv-none-embed/lib/rv32imafc/ilp32f\libm.a(lib_a-s_rint.o)
                0x0000000000016e18                rint
 .text.scalbn   0x0000000000016fa4      0x140 d:/mss_v/mounriver/mounriver_studio/toolchain/risc-v embedded gcc/bin/../lib/gcc/riscv-none-embed/8.2.0/../../../../riscv-none-embed/lib/rv32imafc/ilp32f\libm.a(lib_a-s_scalbn.o)
                0x0000000000016fa4                scalbn
 .text.copysign
                0x00000000000170e4       0x16 d:/mss_v/mounriver/mounriver_studio/toolchain/risc-v embedded gcc/bin/../lib/gcc/riscv-none-embed/8.2.0/../../../../riscv-none-embed/lib/rv32imafc/ilp32f\libm.a(lib_a-s_copysign.o)
                0x00000000000170e4                copysign
 .text.mt9v03x_write_word_sccb
                0x00000000000170fa       0x34 D:\CH32新库\移植后车\摄像头\Seekfree_CH32V307VCT6_Opensource_Library\Seekfree_CH32V307VCT6_Opensource_Library\libraries\zf_device\libzf_device_config.a(zf_device_config.o)
 .text.mt9v03x_set_config_sccb
                0x000000000001712e      0x614 D:\CH32新库\移植后车\摄像头\Seekfree_CH32V307VCT6_Opensource_Library\Seekfree_CH32V307VCT6_Opensource_Library\libraries\zf_device\libzf_device_config.a(zf_device_config.o)
                0x000000000001712e                mt9v03x_set_config_sccb
 .text.__adddf3
                0x0000000000017742      0xa0e d:/mss_v/mounriver/mounriver_studio/toolchain/risc-v embedded gcc/bin/../lib/gcc/riscv-none-embed/8.2.0/rv32imafc/ilp32f\libgcc.a(adddf3.o)
                0x0000000000017742                __adddf3
 .text.__divdf3
                0x0000000000018150      0x7ea d:/mss_v/mounriver/mounriver_studio/toolchain/risc-v embedded gcc/bin/../lib/gcc/riscv-none-embed/8.2.0/rv32imafc/ilp32f\libgcc.a(divdf3.o)
                0x0000000000018150                __divdf3
 .text.__eqdf2  0x000000000001893a       0x98 d:/mss_v/mounriver/mounriver_studio/toolchain/risc-v embedded gcc/bin/../lib/gcc/riscv-none-embed/8.2.0/rv32imafc/ilp32f\libgcc.a(eqdf2.o)
                0x000000000001893a                __nedf2
                0x000000000001893a                __eqdf2
 .text.__gedf2  0x00000000000189d2       0xb6 d:/mss_v/mounriver/mounriver_studio/toolchain/risc-v embedded gcc/bin/../lib/gcc/riscv-none-embed/8.2.0/rv32imafc/ilp32f\libgcc.a(gedf2.o)
                0x00000000000189d2                __gedf2
                0x00000000000189d2                __gtdf2
 .text.__ledf2  0x0000000000018a88       0xb6 d:/mss_v/mounriver/mounriver_studio/toolchain/risc-v embedded gcc/bin/../lib/gcc/riscv-none-embed/8.2.0/rv32imafc/ilp32f\libgcc.a(ledf2.o)
                0x0000000000018a88                __ledf2
                0x0000000000018a88                __ltdf2
 .text.__muldf3
                0x0000000000018b3e      0x656 d:/mss_v/mounriver/mounriver_studio/toolchain/risc-v embedded gcc/bin/../lib/gcc/riscv-none-embed/8.2.0/rv32imafc/ilp32f\libgcc.a(muldf3.o)
                0x0000000000018b3e                __muldf3
 .text.__subdf3
                0x0000000000019194      0xa8c d:/mss_v/mounriver/mounriver_studio/toolchain/risc-v embedded gcc/bin/../lib/gcc/riscv-none-embed/8.2.0/rv32imafc/ilp32f\libgcc.a(subdf3.o)
                0x0000000000019194                __subdf3
 .text.__unorddf2
                0x0000000000019c20       0x7c d:/mss_v/mounriver/mounriver_studio/toolchain/risc-v embedded gcc/bin/../lib/gcc/riscv-none-embed/8.2.0/rv32imafc/ilp32f\libgcc.a(unorddf2.o)
                0x0000000000019c20                __unorddf2
 .text.__fixdfsi
                0x0000000000019c9c       0xd8 d:/mss_v/mounriver/mounriver_studio/toolchain/risc-v embedded gcc/bin/../lib/gcc/riscv-none-embed/8.2.0/rv32imafc/ilp32f\libgcc.a(fixdfsi.o)
                0x0000000000019c9c                __fixdfsi
 .text.__fixunsdfsi
                0x0000000000019d74       0x9e d:/mss_v/mounriver/mounriver_studio/toolchain/risc-v embedded gcc/bin/../lib/gcc/riscv-none-embed/8.2.0/rv32imafc/ilp32f\libgcc.a(fixunsdfsi.o)
                0x0000000000019d74                __fixunsdfsi
 .text.__floatsidf
                0x0000000000019e12       0x70 d:/mss_v/mounriver/mounriver_studio/toolchain/risc-v embedded gcc/bin/../lib/gcc/riscv-none-embed/8.2.0/rv32imafc/ilp32f\libgcc.a(floatsidf.o)
                0x0000000000019e12                __floatsidf
 .text.__floatunsidf
                0x0000000000019e82       0x66 d:/mss_v/mounriver/mounriver_studio/toolchain/risc-v embedded gcc/bin/../lib/gcc/riscv-none-embed/8.2.0/rv32imafc/ilp32f\libgcc.a(floatunsidf.o)
                0x0000000000019e82                __floatunsidf
 .text.__extendsfdf2
                0x0000000000019ee8       0xe8 d:/mss_v/mounriver/mounriver_studio/toolchain/risc-v embedded gcc/bin/../lib/gcc/riscv-none-embed/8.2.0/rv32imafc/ilp32f\libgcc.a(extendsfdf2.o)
                0x0000000000019ee8                __extendsfdf2
 .text.__truncdfsf2
                0x0000000000019fd0      0x31e d:/mss_v/mounriver/mounriver_studio/toolchain/risc-v embedded gcc/bin/../lib/gcc/riscv-none-embed/8.2.0/rv32imafc/ilp32f\libgcc.a(truncdfsf2.o)
                0x0000000000019fd0                __truncdfsf2
 .text.__clzsi2
                0x000000000001a2ee       0x76 d:/mss_v/mounriver/mounriver_studio/toolchain/risc-v embedded gcc/bin/../lib/gcc/riscv-none-embed/8.2.0/rv32imafc/ilp32f\libgcc.a(_clzsi2.o)
                0x000000000001a2ee                __clzsi2
 .text.__errno  0x000000000001a364        0x8 d:/mss_v/mounriver/mounriver_studio/toolchain/risc-v embedded gcc/bin/../lib/gcc/riscv-none-embed/8.2.0/../../../../riscv-none-embed/lib/rv32imafc/ilp32f\libg_nano.a(lib_a-errno.o)
                0x000000000001a364                __errno
 .text.memcpy   0x000000000001a36c       0xb6 d:/mss_v/mounriver/mounriver_studio/toolchain/risc-v embedded gcc/bin/../lib/gcc/riscv-none-embed/8.2.0/../../../../riscv-none-embed/lib/rv32imafc/ilp32f\libg_nano.a(lib_a-memcpy.o)
                0x000000000001a36c                memcpy
 .text.__sfputc_r
                0x000000000001a422       0x2a d:/mss_v/mounriver/mounriver_studio/toolchain/risc-v embedded gcc/bin/../lib/gcc/riscv-none-embed/8.2.0/../../../../riscv-none-embed/lib/rv32imafc/ilp32f\libg_nano.a(lib_a-nano-vfprintf.o)
 .text.__sfputs_r
                0x000000000001a44c       0x44 d:/mss_v/mounriver/mounriver_studio/toolchain/risc-v embedded gcc/bin/../lib/gcc/riscv-none-embed/8.2.0/../../../../riscv-none-embed/lib/rv32imafc/ilp32f\libg_nano.a(lib_a-nano-vfprintf.o)
                0x000000000001a44c                __sfputs_r
 .text._vfprintf_r
                0x000000000001a490      0x29c d:/mss_v/mounriver/mounriver_studio/toolchain/risc-v embedded gcc/bin/../lib/gcc/riscv-none-embed/8.2.0/../../../../riscv-none-embed/lib/rv32imafc/ilp32f\libg_nano.a(lib_a-nano-vfprintf.o)
                0x000000000001a490                _vfprintf_r
                0x000000000001a490                _vfiprintf_r
 .text.__cvt    0x000000000001a72c       0xee d:/mss_v/mounriver/mounriver_studio/toolchain/risc-v embedded gcc/bin/../lib/gcc/riscv-none-embed/8.2.0/../../../../riscv-none-embed/lib/rv32imafc/ilp32f\libg_nano.a(lib_a-nano-vfprintf_float.o)
                0x000000000001a72c                __cvt
 .text.__exponent
                0x000000000001a81a       0x8c d:/mss_v/mounriver/mounriver_studio/toolchain/risc-v embedded gcc/bin/../lib/gcc/riscv-none-embed/8.2.0/../../../../riscv-none-embed/lib/rv32imafc/ilp32f\libg_nano.a(lib_a-nano-vfprintf_float.o)
                0x000000000001a81a                __exponent
 .text._printf_float
                0x000000000001a8a6      0x4c4 d:/mss_v/mounriver/mounriver_studio/toolchain/risc-v embedded gcc/bin/../lib/gcc/riscv-none-embed/8.2.0/../../../../riscv-none-embed/lib/rv32imafc/ilp32f\libg_nano.a(lib_a-nano-vfprintf_float.o)
                0x000000000001a8a6                _printf_float
 .text._printf_common
                0x000000000001ad6a      0x10c d:/mss_v/mounriver/mounriver_studio/toolchain/risc-v embedded gcc/bin/../lib/gcc/riscv-none-embed/8.2.0/../../../../riscv-none-embed/lib/rv32imafc/ilp32f\libg_nano.a(lib_a-nano-vfprintf_i.o)
                0x000000000001ad6a                _printf_common
 .text._printf_i
                0x000000000001ae76      0x2ac d:/mss_v/mounriver/mounriver_studio/toolchain/risc-v embedded gcc/bin/../lib/gcc/riscv-none-embed/8.2.0/../../../../riscv-none-embed/lib/rv32imafc/ilp32f\libg_nano.a(lib_a-nano-vfprintf_i.o)
                0x000000000001ae76                _printf_i
 .text.printf   0x000000000001b122       0x42 d:/mss_v/mounriver/mounriver_studio/toolchain/risc-v embedded gcc/bin/../lib/gcc/riscv-none-embed/8.2.0/../../../../riscv-none-embed/lib/rv32imafc/ilp32f\libg_nano.a(lib_a-printf.o)
                0x000000000001b122                iprintf
                0x000000000001b122                printf
 .text.sprintf  0x000000000001b164       0x46 d:/mss_v/mounriver/mounriver_studio/toolchain/risc-v embedded gcc/bin/../lib/gcc/riscv-none-embed/8.2.0/../../../../riscv-none-embed/lib/rv32imafc/ilp32f\libg_nano.a(lib_a-sprintf.o)
                0x000000000001b164                siprintf
                0x000000000001b164                sprintf
 .text.strlen   0x000000000001b1aa       0x12 d:/mss_v/mounriver/mounriver_studio/toolchain/risc-v embedded gcc/bin/../lib/gcc/riscv-none-embed/8.2.0/../../../../riscv-none-embed/lib/rv32imafc/ilp32f\libg_nano.a(lib_a-strlen.o)
                0x000000000001b1aa                strlen
 .text.strncmp  0x000000000001b1bc       0x2c d:/mss_v/mounriver/mounriver_studio/toolchain/risc-v embedded gcc/bin/../lib/gcc/riscv-none-embed/8.2.0/../../../../riscv-none-embed/lib/rv32imafc/ilp32f\libg_nano.a(lib_a-strncmp.o)
                0x000000000001b1bc                strncmp
 .text.__swbuf_r
                0x000000000001b1e8       0xc6 d:/mss_v/mounriver/mounriver_studio/toolchain/risc-v embedded gcc/bin/../lib/gcc/riscv-none-embed/8.2.0/../../../../riscv-none-embed/lib/rv32imafc/ilp32f\libg_nano.a(lib_a-wbuf.o)
                0x000000000001b1e8                __swbuf_r
 .text.__swsetup_r
                0x000000000001b2ae      0x112 d:/mss_v/mounriver/mounriver_studio/toolchain/risc-v embedded gcc/bin/../lib/gcc/riscv-none-embed/8.2.0/../../../../riscv-none-embed/lib/rv32imafc/ilp32f\libg_nano.a(lib_a-wsetup.o)
                0x000000000001b2ae                __swsetup_r
 .text.quorem   0x000000000001b3c0      0x13a d:/mss_v/mounriver/mounriver_studio/toolchain/risc-v embedded gcc/bin/../lib/gcc/riscv-none-embed/8.2.0/../../../../riscv-none-embed/lib/rv32imafc/ilp32f\libg_nano.a(lib_a-dtoa.o)
 .text._dtoa_r  0x000000000001b4fa      0xc04 d:/mss_v/mounriver/mounriver_studio/toolchain/risc-v embedded gcc/bin/../lib/gcc/riscv-none-embed/8.2.0/../../../../riscv-none-embed/lib/rv32imafc/ilp32f\libg_nano.a(lib_a-dtoa.o)
                0x000000000001b4fa                _dtoa_r
 .text.__sflush_r
                0x000000000001c0fe      0x13e d:/mss_v/mounriver/mounriver_studio/toolchain/risc-v embedded gcc/bin/../lib/gcc/riscv-none-embed/8.2.0/../../../../riscv-none-embed/lib/rv32imafc/ilp32f\libg_nano.a(lib_a-fflush.o)
                0x000000000001c0fe                __sflush_r
 .text._fflush_r
                0x000000000001c23c       0x66 d:/mss_v/mounriver/mounriver_studio/toolchain/risc-v embedded gcc/bin/../lib/gcc/riscv-none-embed/8.2.0/../../../../riscv-none-embed/lib/rv32imafc/ilp32f\libg_nano.a(lib_a-fflush.o)
                0x000000000001c23c                _fflush_r
 .text.std      0x000000000001c2a2       0x6a d:/mss_v/mounriver/mounriver_studio/toolchain/risc-v embedded gcc/bin/../lib/gcc/riscv-none-embed/8.2.0/../../../../riscv-none-embed/lib/rv32imafc/ilp32f\libg_nano.a(lib_a-findfp.o)
 .text._cleanup_r
                0x000000000001c30c        0xa d:/mss_v/mounriver/mounriver_studio/toolchain/risc-v embedded gcc/bin/../lib/gcc/riscv-none-embed/8.2.0/../../../../riscv-none-embed/lib/rv32imafc/ilp32f\libg_nano.a(lib_a-findfp.o)
                0x000000000001c30c                _cleanup_r
 .text.__sfmoreglue
                0x000000000001c316       0x48 d:/mss_v/mounriver/mounriver_studio/toolchain/risc-v embedded gcc/bin/../lib/gcc/riscv-none-embed/8.2.0/../../../../riscv-none-embed/lib/rv32imafc/ilp32f\libg_nano.a(lib_a-findfp.o)
                0x000000000001c316                __sfmoreglue
 .text.__sinit  0x000000000001c35e       0x6c d:/mss_v/mounriver/mounriver_studio/toolchain/risc-v embedded gcc/bin/../lib/gcc/riscv-none-embed/8.2.0/../../../../riscv-none-embed/lib/rv32imafc/ilp32f\libg_nano.a(lib_a-findfp.o)
                0x000000000001c35e                __sinit
 .text.__sfp    0x000000000001c3ca       0xa0 d:/mss_v/mounriver/mounriver_studio/toolchain/risc-v embedded gcc/bin/../lib/gcc/riscv-none-embed/8.2.0/../../../../riscv-none-embed/lib/rv32imafc/ilp32f\libg_nano.a(lib_a-findfp.o)
                0x000000000001c3ca                __sfp
 .text._fwalk_reent
                0x000000000001c46a       0x6c d:/mss_v/mounriver/mounriver_studio/toolchain/risc-v embedded gcc/bin/../lib/gcc/riscv-none-embed/8.2.0/../../../../riscv-none-embed/lib/rv32imafc/ilp32f\libg_nano.a(lib_a-fwalk.o)
                0x000000000001c46a                _fwalk_reent
 .text._localeconv_r
                0x000000000001c4d6       0x18 d:/mss_v/mounriver/mounriver_studio/toolchain/risc-v embedded gcc/bin/../lib/gcc/riscv-none-embed/8.2.0/../../../../riscv-none-embed/lib/rv32imafc/ilp32f\libg_nano.a(lib_a-localeconv.o)
                0x000000000001c4d6                _localeconv_r
 .text.__swhatbuf_r
                0x000000000001c4ee       0x5a d:/mss_v/mounriver/mounriver_studio/toolchain/risc-v embedded gcc/bin/../lib/gcc/riscv-none-embed/8.2.0/../../../../riscv-none-embed/lib/rv32imafc/ilp32f\libg_nano.a(lib_a-makebuf.o)
                0x000000000001c4ee                __swhatbuf_r
 .text.__smakebuf_r
                0x000000000001c548       0xa2 d:/mss_v/mounriver/mounriver_studio/toolchain/risc-v embedded gcc/bin/../lib/gcc/riscv-none-embed/8.2.0/../../../../riscv-none-embed/lib/rv32imafc/ilp32f\libg_nano.a(lib_a-makebuf.o)
                0x000000000001c548                __smakebuf_r
 .text.malloc   0x000000000001c5ea        0xc d:/mss_v/mounriver/mounriver_studio/toolchain/risc-v embedded gcc/bin/../lib/gcc/riscv-none-embed/8.2.0/../../../../riscv-none-embed/lib/rv32imafc/ilp32f\libg_nano.a(lib_a-malloc.o)
                0x000000000001c5ea                malloc
 .text.memchr   0x000000000001c5f6       0x1a d:/mss_v/mounriver/mounriver_studio/toolchain/risc-v embedded gcc/bin/../lib/gcc/riscv-none-embed/8.2.0/../../../../riscv-none-embed/lib/rv32imafc/ilp32f\libg_nano.a(lib_a-memchr.o)
                0x000000000001c5f6                memchr
 .text.memmove  0x000000000001c610       0x4a d:/mss_v/mounriver/mounriver_studio/toolchain/risc-v embedded gcc/bin/../lib/gcc/riscv-none-embed/8.2.0/../../../../riscv-none-embed/lib/rv32imafc/ilp32f\libg_nano.a(lib_a-memmove.o)
                0x000000000001c610                memmove
 .text._Balloc  0x000000000001c65a       0x88 d:/mss_v/mounriver/mounriver_studio/toolchain/risc-v embedded gcc/bin/../lib/gcc/riscv-none-embed/8.2.0/../../../../riscv-none-embed/lib/rv32imafc/ilp32f\libg_nano.a(lib_a-mprec.o)
                0x000000000001c65a                _Balloc
 .text._Bfree   0x000000000001c6e2       0x44 d:/mss_v/mounriver/mounriver_studio/toolchain/risc-v embedded gcc/bin/../lib/gcc/riscv-none-embed/8.2.0/../../../../riscv-none-embed/lib/rv32imafc/ilp32f\libg_nano.a(lib_a-mprec.o)
                0x000000000001c6e2                _Bfree
 .text.__multadd
                0x000000000001c726       0x98 d:/mss_v/mounriver/mounriver_studio/toolchain/risc-v embedded gcc/bin/../lib/gcc/riscv-none-embed/8.2.0/../../../../riscv-none-embed/lib/rv32imafc/ilp32f\libg_nano.a(lib_a-mprec.o)
                0x000000000001c726                __multadd
 .text.__hi0bits
                0x000000000001c7be       0x46 d:/mss_v/mounriver/mounriver_studio/toolchain/risc-v embedded gcc/bin/../lib/gcc/riscv-none-embed/8.2.0/../../../../riscv-none-embed/lib/rv32imafc/ilp32f\libg_nano.a(lib_a-mprec.o)
                0x000000000001c7be                __hi0bits
 .text.__lo0bits
                0x000000000001c804       0x6a d:/mss_v/mounriver/mounriver_studio/toolchain/risc-v embedded gcc/bin/../lib/gcc/riscv-none-embed/8.2.0/../../../../riscv-none-embed/lib/rv32imafc/ilp32f\libg_nano.a(lib_a-mprec.o)
                0x000000000001c804                __lo0bits
 .text.__i2b    0x000000000001c86e       0x1c d:/mss_v/mounriver/mounriver_studio/toolchain/risc-v embedded gcc/bin/../lib/gcc/riscv-none-embed/8.2.0/../../../../riscv-none-embed/lib/rv32imafc/ilp32f\libg_nano.a(lib_a-mprec.o)
                0x000000000001c86e                __i2b
 .text.__multiply
                0x000000000001c88a      0x144 d:/mss_v/mounriver/mounriver_studio/toolchain/risc-v embedded gcc/bin/../lib/gcc/riscv-none-embed/8.2.0/../../../../riscv-none-embed/lib/rv32imafc/ilp32f\libg_nano.a(lib_a-mprec.o)
                0x000000000001c88a                __multiply
 .text.__pow5mult
                0x000000000001c9ce       0xbe d:/mss_v/mounriver/mounriver_studio/toolchain/risc-v embedded gcc/bin/../lib/gcc/riscv-none-embed/8.2.0/../../../../riscv-none-embed/lib/rv32imafc/ilp32f\libg_nano.a(lib_a-mprec.o)
                0x000000000001c9ce                __pow5mult
 .text.__lshift
                0x000000000001ca8c       0xce d:/mss_v/mounriver/mounriver_studio/toolchain/risc-v embedded gcc/bin/../lib/gcc/riscv-none-embed/8.2.0/../../../../riscv-none-embed/lib/rv32imafc/ilp32f\libg_nano.a(lib_a-mprec.o)
                0x000000000001ca8c                __lshift
 .text.__mcmp   0x000000000001cb5a       0x32 d:/mss_v/mounriver/mounriver_studio/toolchain/risc-v embedded gcc/bin/../lib/gcc/riscv-none-embed/8.2.0/../../../../riscv-none-embed/lib/rv32imafc/ilp32f\libg_nano.a(lib_a-mprec.o)
                0x000000000001cb5a                __mcmp
 .text.__mdiff  0x000000000001cb8c       0xf2 d:/mss_v/mounriver/mounriver_studio/toolchain/risc-v embedded gcc/bin/../lib/gcc/riscv-none-embed/8.2.0/../../../../riscv-none-embed/lib/rv32imafc/ilp32f\libg_nano.a(lib_a-mprec.o)
                0x000000000001cb8c                __mdiff
 .text.__d2b    0x000000000001cc7e       0xd4 d:/mss_v/mounriver/mounriver_studio/toolchain/risc-v embedded gcc/bin/../lib/gcc/riscv-none-embed/8.2.0/../../../../riscv-none-embed/lib/rv32imafc/ilp32f\libg_nano.a(lib_a-mprec.o)
                0x000000000001cc7e                __d2b
 .text._calloc_r
                0x000000000001cd52       0x26 d:/mss_v/mounriver/mounriver_studio/toolchain/risc-v embedded gcc/bin/../lib/gcc/riscv-none-embed/8.2.0/../../../../riscv-none-embed/lib/rv32imafc/ilp32f\libg_nano.a(lib_a-nano-callocr.o)
                0x000000000001cd52                _calloc_r
 .text._free_r  0x000000000001cd78       0xa6 d:/mss_v/mounriver/mounriver_studio/toolchain/risc-v embedded gcc/bin/../lib/gcc/riscv-none-embed/8.2.0/../../../../riscv-none-embed/lib/rv32imafc/ilp32f\libg_nano.a(lib_a-nano-freer.o)
                0x000000000001cd78                _free_r
 .text._malloc_r
                0x000000000001ce1e       0xce d:/mss_v/mounriver/mounriver_studio/toolchain/risc-v embedded gcc/bin/../lib/gcc/riscv-none-embed/8.2.0/../../../../riscv-none-embed/lib/rv32imafc/ilp32f\libg_nano.a(lib_a-nano-mallocr.o)
                0x000000000001ce1e                _malloc_r
 .text._realloc_r
                0x000000000001ceec       0x58 d:/mss_v/mounriver/mounriver_studio/toolchain/risc-v embedded gcc/bin/../lib/gcc/riscv-none-embed/8.2.0/../../../../riscv-none-embed/lib/rv32imafc/ilp32f\libg_nano.a(lib_a-nano-reallocr.o)
                0x000000000001ceec                _realloc_r
 .text.__ssputs_r
                0x000000000001cf44       0xee d:/mss_v/mounriver/mounriver_studio/toolchain/risc-v embedded gcc/bin/../lib/gcc/riscv-none-embed/8.2.0/../../../../riscv-none-embed/lib/rv32imafc/ilp32f\libg_nano.a(lib_a-nano-svfprintf.o)
                0x000000000001cf44                __ssputs_r
 .text._svfprintf_r
                0x000000000001d032      0x27e d:/mss_v/mounriver/mounriver_studio/toolchain/risc-v embedded gcc/bin/../lib/gcc/riscv-none-embed/8.2.0/../../../../riscv-none-embed/lib/rv32imafc/ilp32f\libg_nano.a(lib_a-nano-svfprintf.o)
                0x000000000001d032                _svfiprintf_r
                0x000000000001d032                _svfprintf_r
 .text._sbrk_r  0x000000000001d2b0       0x30 d:/mss_v/mounriver/mounriver_studio/toolchain/risc-v embedded gcc/bin/../lib/gcc/riscv-none-embed/8.2.0/../../../../riscv-none-embed/lib/rv32imafc/ilp32f\libg_nano.a(lib_a-sbrkr.o)
                0x000000000001d2b0                _sbrk_r
 .text.__sread  0x000000000001d2e0       0x30 d:/mss_v/mounriver/mounriver_studio/toolchain/risc-v embedded gcc/bin/../lib/gcc/riscv-none-embed/8.2.0/../../../../riscv-none-embed/lib/rv32imafc/ilp32f\libg_nano.a(lib_a-stdio.o)
                0x000000000001d2e0                __sread
 .text.__swrite
                0x000000000001d310       0x4e d:/mss_v/mounriver/mounriver_studio/toolchain/risc-v embedded gcc/bin/../lib/gcc/riscv-none-embed/8.2.0/../../../../riscv-none-embed/lib/rv32imafc/ilp32f\libg_nano.a(lib_a-stdio.o)
                0x000000000001d310                __swrite
 .text.__sseek  0x000000000001d35e       0x36 d:/mss_v/mounriver/mounriver_studio/toolchain/risc-v embedded gcc/bin/../lib/gcc/riscv-none-embed/8.2.0/../../../../riscv-none-embed/lib/rv32imafc/ilp32f\libg_nano.a(lib_a-stdio.o)
                0x000000000001d35e                __sseek
 .text.__sclose
                0x000000000001d394        0x6 d:/mss_v/mounriver/mounriver_studio/toolchain/risc-v embedded gcc/bin/../lib/gcc/riscv-none-embed/8.2.0/../../../../riscv-none-embed/lib/rv32imafc/ilp32f\libg_nano.a(lib_a-stdio.o)
                0x000000000001d394                __sclose
 .text._write_r
                0x000000000001d39a       0x36 d:/mss_v/mounriver/mounriver_studio/toolchain/risc-v embedded gcc/bin/../lib/gcc/riscv-none-embed/8.2.0/../../../../riscv-none-embed/lib/rv32imafc/ilp32f\libg_nano.a(lib_a-writer.o)
                0x000000000001d39a                _write_r
 .text._close_r
                0x000000000001d3d0       0x30 d:/mss_v/mounriver/mounriver_studio/toolchain/risc-v embedded gcc/bin/../lib/gcc/riscv-none-embed/8.2.0/../../../../riscv-none-embed/lib/rv32imafc/ilp32f\libg_nano.a(lib_a-closer.o)
                0x000000000001d3d0                _close_r
 .text._fstat_r
                0x000000000001d400       0x32 d:/mss_v/mounriver/mounriver_studio/toolchain/risc-v embedded gcc/bin/../lib/gcc/riscv-none-embed/8.2.0/../../../../riscv-none-embed/lib/rv32imafc/ilp32f\libg_nano.a(lib_a-fstatr.o)
                0x000000000001d400                _fstat_r
 .text._isatty_r
                0x000000000001d432       0x30 d:/mss_v/mounriver/mounriver_studio/toolchain/risc-v embedded gcc/bin/../lib/gcc/riscv-none-embed/8.2.0/../../../../riscv-none-embed/lib/rv32imafc/ilp32f\libg_nano.a(lib_a-isattyr.o)
                0x000000000001d432                _isatty_r
 .text._lseek_r
                0x000000000001d462       0x34 d:/mss_v/mounriver/mounriver_studio/toolchain/risc-v embedded gcc/bin/../lib/gcc/riscv-none-embed/8.2.0/../../../../riscv-none-embed/lib/rv32imafc/ilp32f\libg_nano.a(lib_a-lseekr.o)
                0x000000000001d462                _lseek_r
 .text.__ascii_mbtowc
                0x000000000001d496       0x3a d:/mss_v/mounriver/mounriver_studio/toolchain/risc-v embedded gcc/bin/../lib/gcc/riscv-none-embed/8.2.0/../../../../riscv-none-embed/lib/rv32imafc/ilp32f\libg_nano.a(lib_a-mbtowc_r.o)
                0x000000000001d496                __ascii_mbtowc
 .text.__malloc_lock
                0x000000000001d4d0        0x2 d:/mss_v/mounriver/mounriver_studio/toolchain/risc-v embedded gcc/bin/../lib/gcc/riscv-none-embed/8.2.0/../../../../riscv-none-embed/lib/rv32imafc/ilp32f\libg_nano.a(lib_a-mlock.o)
                0x000000000001d4d0                __malloc_lock
 .text.__malloc_unlock
                0x000000000001d4d2        0x2 d:/mss_v/mounriver/mounriver_studio/toolchain/risc-v embedded gcc/bin/../lib/gcc/riscv-none-embed/8.2.0/../../../../riscv-none-embed/lib/rv32imafc/ilp32f\libg_nano.a(lib_a-mlock.o)
                0x000000000001d4d2                __malloc_unlock
 .text._malloc_usable_size_r
                0x000000000001d4d4       0x14 d:/mss_v/mounriver/mounriver_studio/toolchain/risc-v embedded gcc/bin/../lib/gcc/riscv-none-embed/8.2.0/../../../../riscv-none-embed/lib/rv32imafc/ilp32f\libg_nano.a(lib_a-nano-msizer.o)
                0x000000000001d4d4                _malloc_usable_size_r
 .text._read_r  0x000000000001d4e8       0x34 d:/mss_v/mounriver/mounriver_studio/toolchain/risc-v embedded gcc/bin/../lib/gcc/riscv-none-embed/8.2.0/../../../../riscv-none-embed/lib/rv32imafc/ilp32f\libg_nano.a(lib_a-readr.o)
                0x000000000001d4e8                _read_r
 .text.__ascii_wctomb
                0x000000000001d51c       0x20 d:/mss_v/mounriver/mounriver_studio/toolchain/risc-v embedded gcc/bin/../lib/gcc/riscv-none-embed/8.2.0/../../../../riscv-none-embed/lib/rv32imafc/ilp32f\libg_nano.a(lib_a-wctomb_r.o)
                0x000000000001d51c                __ascii_wctomb
 .text.__trunctfdf2
                0x000000000001d53c      0x3d0 d:/mss_v/mounriver/mounriver_studio/toolchain/risc-v embedded gcc/bin/../lib/gcc/riscv-none-embed/8.2.0/rv32imafc/ilp32f\libgcc.a(trunctfdf2.o)
                0x000000000001d53c                __trunctfdf2
 .text._close   0x000000000001d90c       0x10 d:/mss_v/mounriver/mounriver_studio/toolchain/risc-v embedded gcc/bin/../lib/gcc/riscv-none-embed/8.2.0/../../../../riscv-none-embed/lib/rv32imafc/ilp32f\libnosys.a(close.o)
                0x000000000001d90c                _close
 .text._fstat   0x000000000001d91c       0x10 d:/mss_v/mounriver/mounriver_studio/toolchain/risc-v embedded gcc/bin/../lib/gcc/riscv-none-embed/8.2.0/../../../../riscv-none-embed/lib/rv32imafc/ilp32f\libnosys.a(fstat.o)
                0x000000000001d91c                _fstat
 .text._isatty  0x000000000001d92c       0x10 d:/mss_v/mounriver/mounriver_studio/toolchain/risc-v embedded gcc/bin/../lib/gcc/riscv-none-embed/8.2.0/../../../../riscv-none-embed/lib/rv32imafc/ilp32f\libnosys.a(isatty.o)
                0x000000000001d92c                _isatty
 .text._lseek   0x000000000001d93c       0x10 d:/mss_v/mounriver/mounriver_studio/toolchain/risc-v embedded gcc/bin/../lib/gcc/riscv-none-embed/8.2.0/../../../../riscv-none-embed/lib/rv32imafc/ilp32f\libnosys.a(lseek.o)
                0x000000000001d93c                _lseek
 .text._read    0x000000000001d94c       0x10 d:/mss_v/mounriver/mounriver_studio/toolchain/risc-v embedded gcc/bin/../lib/gcc/riscv-none-embed/8.2.0/../../../../riscv-none-embed/lib/rv32imafc/ilp32f\libnosys.a(read.o)
                0x000000000001d94c                _read
 .text._sbrk    0x000000000001d95c       0x24 d:/mss_v/mounriver/mounriver_studio/toolchain/risc-v embedded gcc/bin/../lib/gcc/riscv-none-embed/8.2.0/../../../../riscv-none-embed/lib/rv32imafc/ilp32f\libnosys.a(sbrk.o)
                0x000000000001d95c                _sbrk
 *(.rodata)
 *fill*         0x000000000001d980        0x0 
 .rodata        0x000000000001d980       0x96 ./zf_driver/zf_driver_encoder.o
 *fill*         0x000000000001da16        0x2 
 .rodata        0x000000000001da18       0xba ./zf_driver/zf_driver_pit.o
 *fill*         0x000000000001dad2        0x2 
 .rodata        0x000000000001dad4       0x92 ./zf_driver/zf_driver_pwm.o
 *fill*         0x000000000001db66        0x2 
 .rodata        0x000000000001db68       0x97 ./zf_driver/zf_driver_soft_iic.o
 *fill*         0x000000000001dbff        0x1 
 .rodata        0x000000000001dc00       0x92 ./zf_driver/zf_driver_spi.o
 *fill*         0x000000000001dc92        0x2 
 .rodata        0x000000000001dc94       0x93 ./zf_driver/zf_driver_uart.o
 *fill*         0x000000000001dd27        0x1 
 .rodata        0x000000000001dd28       0xf0 ./zf_device/zf_device_dl1a.o
 .rodata        0x000000000001de18        0x8 ./zf_device/zf_device_dm1xa.o
 .rodata        0x000000000001de20       0xf0 ./zf_device/zf_device_gps_tau1201.o
 .rodata        0x000000000001df10       0xd4 ./zf_device/zf_device_imu660ra.o
 .rodata        0x000000000001dfe4       0xd2 ./zf_device/zf_device_mt9v03x_dvp.o
 *fill*         0x000000000001e0b6        0x2 
 .rodata        0x000000000001e0b8       0xa0 ./zf_device/zf_device_tft180.o
 .rodata        0x000000000001e158       0x78 ./zf_common/zf_common_debug.o
 .rodata        0x000000000001e1d0       0x93 ./zf_common/zf_common_fifo.o
 *fill*         0x000000000001e263        0x5 
 .rodata        0x000000000001e268       0xd8 ./zf_common/zf_common_function.o
 .rodata        0x000000000001e340       0x80 ./user_c/main.o
 .rodata        0x000000000001e3c0       0x41 ./sdk/Peripheral/ch32v30x_usbotg_device.o
 *fill*         0x000000000001e401        0x7 
 .rodata        0x000000000001e408       0x18 ./code/Control.o
 .rodata        0x000000000001e420       0x10 ./code/DajinFa.o
 .rodata        0x000000000001e430       0x28 ./code/KEY.o
 .rodata        0x000000000001e458       0x59 ./code/Menu_2.0.o
 *fill*         0x000000000001e4b1        0x7 
 .rodata        0x000000000001e4b8       0x30 ./code/My_PID.o
 .rodata        0x000000000001e4e8       0x44 ./code/PID.o
 *fill*         0x000000000001e52c        0x4 