Archive member included to satisfy reference by file (symbol)

d:/mounriver/mounriver_studio/toolchain/risc-v embedded gcc/bin/../lib/gcc/riscv-none-embed/8.2.0/../../../../riscv-none-embed/lib/rv32imafc/ilp32f\libm.a(lib_a-s_cos.o)
                              ./zf_device/zf_device_gps_tau1201.o (cos)
d:/mounriver/mounriver_studio/toolchain/risc-v embedded gcc/bin/../lib/gcc/riscv-none-embed/8.2.0/../../../../riscv-none-embed/lib/rv32imafc/ilp32f\libm.a(lib_a-s_round.o)
                              ./user_c/main.o (round)
d:/mounriver/mounriver_studio/toolchain/risc-v embedded gcc/bin/../lib/gcc/riscv-none-embed/8.2.0/../../../../riscv-none-embed/lib/rv32imafc/ilp32f\libm.a(lib_a-s_sin.o)
                              ./zf_device/zf_device_gps_tau1201.o (sin)
d:/mounriver/mounriver_studio/toolchain/risc-v embedded gcc/bin/../lib/gcc/riscv-none-embed/8.2.0/../../../../riscv-none-embed/lib/rv32imafc/ilp32f\libm.a(lib_a-s_tan.o)
                              ./code/Control.o (tan)
d:/mounriver/mounriver_studio/toolchain/risc-v embedded gcc/bin/../lib/gcc/riscv-none-embed/8.2.0/../../../../riscv-none-embed/lib/rv32imafc/ilp32f\libm.a(lib_a-sf_atan.o)
                              ./user_c/main.o (atanf)
d:/mounriver/mounriver_studio/toolchain/risc-v embedded gcc/bin/../lib/gcc/riscv-none-embed/8.2.0/../../../../riscv-none-embed/lib/rv32imafc/ilp32f\libm.a(lib_a-sf_fabs.o)
                              d:/mounriver/mounriver_studio/toolchain/risc-v embedded gcc/bin/../lib/gcc/riscv-none-embed/8.2.0/../../../../riscv-none-embed/lib/rv32imafc/ilp32f\libm.a(lib_a-sf_atan.o) (fabsf)
d:/mounriver/mounriver_studio/toolchain/risc-v embedded gcc/bin/../lib/gcc/riscv-none-embed/8.2.0/../../../../riscv-none-embed/lib/rv32imafc/ilp32f\libm.a(lib_a-w_asin.o)
                              ./zf_device/zf_device_gps_tau1201.o (asin)
d:/mounriver/mounriver_studio/toolchain/risc-v embedded gcc/bin/../lib/gcc/riscv-none-embed/8.2.0/../../../../riscv-none-embed/lib/rv32imafc/ilp32f\libm.a(lib_a-w_atan2.o)
                              ./zf_device/zf_device_gps_tau1201.o (atan2)
d:/mounriver/mounriver_studio/toolchain/risc-v embedded gcc/bin/../lib/gcc/riscv-none-embed/8.2.0/../../../../riscv-none-embed/lib/rv32imafc/ilp32f\libm.a(lib_a-w_pow.o)
                              ./zf_device/zf_device_gps_tau1201.o (pow)
d:/mounriver/mounriver_studio/toolchain/risc-v embedded gcc/bin/../lib/gcc/riscv-none-embed/8.2.0/../../../../riscv-none-embed/lib/rv32imafc/ilp32f\libm.a(lib_a-w_sqrt.o)
                              ./zf_device/zf_device_gps_tau1201.o (sqrt)
d:/mounriver/mounriver_studio/toolchain/risc-v embedded gcc/bin/../lib/gcc/riscv-none-embed/8.2.0/../../../../riscv-none-embed/lib/rv32imafc/ilp32f\libm.a(lib_a-wf_atan2.o)
                              ./code/ZHONGXIAN.o (atan2f)
d:/mounriver/mounriver_studio/toolchain/risc-v embedded gcc/bin/../lib/gcc/riscv-none-embed/8.2.0/../../../../riscv-none-embed/lib/rv32imafc/ilp32f\libm.a(lib_a-wf_sqrt.o)
                              ./code/ZHONGXIAN.o (sqrtf)
d:/mounriver/mounriver_studio/toolchain/risc-v embedded gcc/bin/../lib/gcc/riscv-none-embed/8.2.0/../../../../riscv-none-embed/lib/rv32imafc/ilp32f\libm.a(lib_a-e_asin.o)
                              d:/mounriver/mounriver_studio/toolchain/risc-v embedded gcc/bin/../lib/gcc/riscv-none-embed/8.2.0/../../../../riscv-none-embed/lib/rv32imafc/ilp32f\libm.a(lib_a-w_asin.o) (__ieee754_asin)
d:/mounriver/mounriver_studio/toolchain/risc-v embedded gcc/bin/../lib/gcc/riscv-none-embed/8.2.0/../../../../riscv-none-embed/lib/rv32imafc/ilp32f\libm.a(lib_a-e_atan2.o)
                              d:/mounriver/mounriver_studio/toolchain/risc-v embedded gcc/bin/../lib/gcc/riscv-none-embed/8.2.0/../../../../riscv-none-embed/lib/rv32imafc/ilp32f\libm.a(lib_a-w_atan2.o) (__ieee754_atan2)
d:/mounriver/mounriver_studio/toolchain/risc-v embedded gcc/bin/../lib/gcc/riscv-none-embed/8.2.0/../../../../riscv-none-embed/lib/rv32imafc/ilp32f\libm.a(lib_a-e_pow.o)
                              d:/mounriver/mounriver_studio/toolchain/risc-v embedded gcc/bin/../lib/gcc/riscv-none-embed/8.2.0/../../../../riscv-none-embed/lib/rv32imafc/ilp32f\libm.a(lib_a-w_pow.o) (__ieee754_pow)
d:/mounriver/mounriver_studio/toolchain/risc-v embedded gcc/bin/../lib/gcc/riscv-none-embed/8.2.0/../../../../riscv-none-embed/lib/rv32imafc/ilp32f\libm.a(lib_a-e_rem_pio2.o)
                              d:/mounriver/mounriver_studio/toolchain/risc-v embedded gcc/bin/../lib/gcc/riscv-none-embed/8.2.0/../../../../riscv-none-embed/lib/rv32imafc/ilp32f\libm.a(lib_a-s_cos.o) (__ieee754_rem_pio2)
d:/mounriver/mounriver_studio/toolchain/risc-v embedded gcc/bin/../lib/gcc/riscv-none-embed/8.2.0/../../../../riscv-none-embed/lib/rv32imafc/ilp32f\libm.a(lib_a-e_sqrt.o)
                              d:/mounriver/mounriver_studio/toolchain/risc-v embedded gcc/bin/../lib/gcc/riscv-none-embed/8.2.0/../../../../riscv-none-embed/lib/rv32imafc/ilp32f\libm.a(lib_a-w_sqrt.o) (__ieee754_sqrt)
[...]
Memory Configuration

Name             Origin             Length             Attributes
RAM              0x0000000020000000 0x0000000000010000 xrw
FLASH            0x0000000000000000 0x0000000000040000 xr
*default*        0x0000000000000000 0xffffffffffffffff

Linker script and memory map

LOAD ./zf_driver/zf_driver_adc.o
LOAD ./zf_driver/zf_driver_delay.o
LOAD ./zf_driver/zf_driver_dvp.o
LOAD ./zf_driver/zf_driver_encoder.o
LOAD ./zf_driver/zf_driver_exti.o
LOAD ./zf_driver/zf_driver_flash.o
LOAD ./zf_driver/zf_driver_gpio.o
LOAD ./zf_driver/zf_driver_iic.o
LOAD ./zf_driver/zf_driver_pit.o
LOAD ./zf_driver/zf_driver_pwm.o
LOAD ./zf_driver/zf_driver_soft_iic.o
LOAD ./zf_driver/zf_driver_soft_spi.o
LOAD ./zf_driver/zf_driver_spi.o
LOAD ./zf_driver/zf_driver_timer.o
LOAD ./zf_driver/zf_driver_uart.o
LOAD ./zf_driver/zf_driver_usb_cdc.o
LOAD ./zf_device/zf_device_absolute_encoder.o
LOAD ./zf_device/zf_device_aht20.o
LOAD ./zf_device/zf_device_bluetooth_ch9141.o
LOAD ./zf_device/zf_device_camera.o
LOAD ./zf_device/zf_device_dl1a.o
LOAD ./zf_device/zf_device_dm1xa.o
LOAD ./zf_device/zf_device_gps_tau1201.o
LOAD ./zf_device/zf_device_icm20602.o
LOAD ./zf_device/zf_device_imu660ra.o
LOAD ./zf_device/zf_device_imu963ra.o
LOAD ./zf_device/zf_device_ips114.o
LOAD ./zf_device/zf_device_ips200.o
LOAD ./zf_device/zf_device_k24c02.o
LOAD ./zf_device/zf_device_key.o
LOAD ./zf_device/zf_device_mpu6050.o
LOAD ./zf_device/zf_device_mt9v03x_dvp.o
LOAD ./zf_device/zf_device_oled.o
LOAD ./zf_device/zf_device_scc8660_dvp.o
LOAD ./zf_device/zf_device_tft180.o
LOAD ./zf_device/zf_device_type.o
LOAD ./zf_device/zf_device_virtual_oscilloscope.o
LOAD ./zf_device/zf_device_w25q32.o
LOAD ./zf_device/zf_device_wifi_uart.o
LOAD ./zf_device/zf_device_wireless_ch573.o
LOAD ./zf_device/zf_device_wireless_uart.o
LOAD ./zf_common/zf_common_clock.o
LOAD ./zf_common/zf_common_debug.o
LOAD ./zf_common/zf_common_fifo.o
LOAD ./zf_common/zf_common_font.o
LOAD ./zf_common/zf_common_function.o
LOAD ./zf_common/zf_common_interrupt.o
LOAD ./user_c/isr.o
LOAD ./user_c/main.o
LOAD ./sdk/Startup/startup_ch32v30x_D8C.o
LOAD ./sdk/Peripheral/ch32v30x_adc.o
LOAD ./sdk/Peripheral/ch32v30x_bkp.o
LOAD ./sdk/Peripheral/ch32v30x_can.o
LOAD ./sdk/Peripheral/ch32v30x_crc.o
LOAD ./sdk/Peripheral/ch32v30x_dac.o
LOAD ./sdk/Peripheral/ch32v30x_dbgmcu.o
LOAD ./sdk/Peripheral/ch32v30x_dma.o
LOAD ./sdk/Peripheral/ch32v30x_dvp.o
LOAD ./sdk/Peripheral/ch32v30x_eth.o
LOAD ./sdk/Peripheral/ch32v30x_exti.o
LOAD ./sdk/Peripheral/ch32v30x_flash.o
LOAD ./sdk/Peripheral/ch32v30x_fsmc.o
LOAD ./sdk/Peripheral/ch32v30x_gpio.o
LOAD ./sdk/Peripheral/ch32v30x_i2c.o
LOAD ./sdk/Peripheral/ch32v30x_iwdg.o
LOAD ./sdk/Peripheral/ch32v30x_opa.o
LOAD ./sdk/Peripheral/ch32v30x_pwr.o
LOAD ./sdk/Peripheral/ch32v30x_rcc.o
LOAD ./sdk/Peripheral/ch32v30x_rng.o
LOAD ./sdk/Peripheral/ch32v30x_rtc.o
LOAD ./sdk/Peripheral/ch32v30x_sdio.o
LOAD ./sdk/Peripheral/ch32v30x_spi.o
LOAD ./sdk/Peripheral/ch32v30x_tim.o
LOAD ./sdk/Peripheral/ch32v30x_usart.o
LOAD ./sdk/Peripheral/ch32v30x_usbotg_device.o
LOAD ./sdk/Peripheral/ch32v30x_wwdg.o
LOAD ./sdk/Core/core_riscv.o
LOAD ./code/Control.o
LOAD ./code/DajinFa.o
LOAD ./code/KEY.o
LOAD ./code/Menu_2.0.o
LOAD ./code/My_PID.o
LOAD ./code/My_huidu.o
LOAD ./code/PID.o
LOAD ./code/TELL_shizi.o
LOAD ./code/Y_stack.o
LOAD ./code/Yuan_huan.o
LOAD ./code/ZHONGXIAN.o
LOAD ./code/charge.o
LOAD ./code/debug.o
LOAD ./code/dianci.o
LOAD ./code/icm20602_chuli.o
LOAD ./code/initialize.o
LOAD ./code/nitoushi.o
LOAD ./code/tof.o
LOAD ./code/utils.o
LOAD ./code/zhangai.o
LOAD d:/mounriver/mounriver_studio/toolchain/risc-v embedded gcc/bin/../lib/gcc/riscv-none-embed/8.2.0/../../../../riscv-none-embed/lib/rv32imafc/ilp32f\libm.a
LOAD D:\移植后车代码\摄像头\libraries\zf_device\libzf_device_config.a
LOAD d:/mounriver/mounriver_studio/toolchain/risc-v embedded gcc/bin/../lib/gcc/riscv-none-embed/8.2.0/rv32imafc/ilp32f\libgcc.a
LOAD d:/mounriver/mounriver_studio/toolchain/risc-v embedded gcc/bin/../lib/gcc/riscv-none-embed/8.2.0/../../../../riscv-none-embed/lib/rv32imafc/ilp32f\libg_nano.a
LOAD d:/mounriver/mounriver_studio/toolchain/risc-v embedded gcc/bin/../lib/gcc/riscv-none-embed/8.2.0/../../../../riscv-none-embed/lib/rv32imafc/ilp32f\libc_nano.a
LOAD d:/mounriver/mounriver_studio/toolchain/risc-v embedded gcc/bin/../lib/gcc/riscv-none-embed/8.2.0/rv32imafc/ilp32f\libgcc.a
START GROUP
LOAD d:/mounriver/mounriver_studio/toolchain/risc-v embedded gcc/bin/../lib/gcc/riscv-none-embed/8.2.0/rv32imafc/ilp32f\libgcc.a
LOAD d:/mounriver/mounriver_studio/toolchain/risc-v embedded gcc/bin/../lib/gcc/riscv-none-embed/8.2.0/../../../../riscv-none-embed/lib/rv32imafc/ilp32f\libc_nano.a
LOAD d:/mounriver/mounriver_studio/toolchain/risc-v embedded gcc/bin/../lib/gcc/riscv-none-embed/8.2.0/../../../../riscv-none-embed/lib/rv32imafc/ilp32f\libnosys.a
END GROUP
START GROUP
LOAD d:/mounriver/mounriver_studio/toolchain/risc-v embedded gcc/bin/../lib/gcc/riscv-none-embed/8.2.0/rv32imafc/ilp32f\libgcc.a
LOAD d:/mounriver/mounriver_studio/toolchain/risc-v embedded gcc/bin/../lib/gcc/riscv-none-embed/8.2.0/../../../../riscv-none-embed/lib/rv32imafc/ilp32f\libc_nano.a
LOAD d:/mounriver/mounriver_studio/toolchain/risc-v embedded gcc/bin/../lib/gcc/riscv-none-embed/8.2.0/../../../../riscv-none-embed/lib/rv32imafc/ilp32f\libnosys.a
END GROUP
                0x0000000000000800                __stack_size = 0x800
                [!provide]                        PROVIDE (_stack_size = __stack_size)

.init           0x0000000000000000       0x38
                0x0000000000000000                _sinit = .
                0x0000000000000000                . = ALIGN (0x4)
 *(SORT_NONE(.init))
 .init          0x0000000000000000       0x38 ./sdk/Startup/startup_ch32v30x_D8C.o
                0x0000000000000000                _start
                0x0000000000000038                . = ALIGN (0x4)
                0x0000000000000038                _einit = .

.vector         0x0000000000000038      0x1c8
 *(.vector)
 .vector        0x0000000000000038      0x1a0 ./sdk/Startup/startup_ch32v30x_D8C.o
                0x0000000000000200                . = ALIGN (0x40)
 *fill*         0x00000000000001d8       0x28 

.text           0x0000000000000200    0x2e1f0
                0x0000000000000200                . = ALIGN (0x4)
 *(.text)
 .text          0x0000000000000200       0xa8 d:/mounriver/mounriver_studio/toolchain/risc-v embedded gcc/bin/../lib/gcc/riscv-none-embed/8.2.0/../../../../riscv-none-embed/lib/rv32imafc/ilp32f\libg_nano.a(lib_a-memset.o)
                0x0000000000000200                memset
 *(.text.*)
 .text.adc_convert
                0x00000000000002a8       0xbc ./zf_driver/zf_driver_adc.o
                0x00000000000002a8                adc_convert
 .text.adc_mean_filter_convert
                0x0000000000000364       0x7c ./zf_driver/zf_driver_adc.o
                0x0000000000000364                adc_mean_filter_convert
 .text.adc_init
                0x00000000000003e0      0x194 ./zf_driver/zf_driver_adc.o
                0x00000000000003e0                adc_init
 .text.system_delay
                0x0000000000000574       0x9a ./zf_driver/zf_driver_delay.o
                0x0000000000000574                system_delay
 .text.dvp_gpio_init
                0x000000000000060e      0x10c ./zf_driver/zf_driver_dvp.o
                0x000000000000060e                dvp_gpio_init
 .text.dvp_camera_init
                0x000000000000071a      0x144 ./zf_driver/zf_driver_dvp.o
                0x000000000000071a                dvp_camera_init
 .text.encoder_get_count
                0x000000000000085e      0x168 ./zf_driver/zf_driver_encoder.o
                0x000000000000085e                encoder_get_count
 .text.encoder_clear_count
                0x00000000000009c6       0x9a ./zf_driver/zf_driver_encoder.o
                0x00000000000009c6                encoder_clear_count
 .text.encoder_dir_init
                0x0000000000000a60      0x2ec ./zf_driver/zf_driver_encoder.o
                0x0000000000000a60                encoder_dir_init
 .text.gpio_set_level
                0x0000000000000d4c       0x78 ./zf_driver/zf_driver_gpio.o
                0x0000000000000d4c                gpio_set_level
 .text.gpio_get_level
                0x0000000000000dc4       0x42 ./zf_driver/zf_driver_gpio.o
                0x0000000000000dc4                gpio_get_level
 .text.gpio_init
                0x0000000000000e06      0x15c ./zf_driver/zf_driver_gpio.o
                0x0000000000000e06                gpio_init
 .text.pit_init
                0x0000000000000f62      0x218 ./zf_driver/zf_driver_pit.o
                0x0000000000000f62                pit_init
 .text.pwm_set_duty
                0x000000000000117a      0x166 ./zf_driver/zf_driver_pwm.o
                0x000000000000117a                pwm_set_duty
 .text.pwm_init
                0x00000000000012e0      0x416 ./zf_driver/zf_driver_pwm.o
                0x00000000000012e0                pwm_init
 .text.soft_iic_start
                0x00000000000016f6      0x128 ./zf_driver/zf_driver_soft_iic.o
 .text.soft_iic_stop
                0x000000000000181e      0x142 ./zf_driver/zf_driver_soft_iic.o
 .text.soft_iic_send_ack
                0x0000000000001960      0x196 ./zf_driver/zf_driver_soft_iic.o
 .text.soft_iic_wait_ack
                0x0000000000001af6      0x160 ./zf_driver/zf_driver_soft_iic.o
 .text.soft_iic_send_data
                0x0000000000001c56      0x16e ./zf_driver/zf_driver_soft_iic.o
 .text.soft_iic_read_data
                0x0000000000001dc4      0x1ea ./zf_driver/zf_driver_soft_iic.o
 .text.soft_iic_write_8bit_array
                0x0000000000001fae       0xa8 ./zf_driver/zf_driver_soft_iic.o
                0x0000000000001fae                soft_iic_write_8bit_array
 .text.soft_iic_write_8bit_register
                0x0000000000002056       0x80 ./zf_driver/zf_driver_soft_iic.o
                0x0000000000002056                soft_iic_write_8bit_register
 .text.soft_iic_read_8bit_register
                0x00000000000020d6       0xac ./zf_driver/zf_driver_soft_iic.o
                0x00000000000020d6                soft_iic_read_8bit_register
 .text.soft_iic_read_8bit_registers
                0x0000000000002182       0xfe ./zf_driver/zf_driver_soft_iic.o
                0x0000000000002182                soft_iic_read_8bit_registers
 .text.soft_iic_sccb_write_register
                0x0000000000002280       0x86 ./zf_driver/zf_driver_soft_iic.o
                0x0000000000002280                soft_iic_sccb_write_register
 .text.soft_iic_sccb_read_register
                0x0000000000002306       0xbc ./zf_driver/zf_driver_soft_iic.o
                0x0000000000002306                soft_iic_sccb_read_register
 .text.soft_iic_init
                0x00000000000023c2       0xb2 ./zf_driver/zf_driver_soft_iic.o
                0x00000000000023c2                soft_iic_init
 .text.spi_write_8bit
                0x0000000000002474       0x6a ./zf_driver/zf_driver_spi.o
                0x0000000000002474                spi_write_8bit
 .text.spi_write_16bit
                0x00000000000024de       0xa6 ./zf_driver/zf_driver_spi.o
                0x00000000000024de                spi_write_16bit
 .text.spi_write_8bit_register
                0x0000000000002584       0xc4 ./zf_driver/zf_driver_spi.o
                0x0000000000002584                spi_write_8bit_register
 .text.spi_write_8bit_registers
                0x0000000000002648       0xba ./zf_driver/zf_driver_spi.o
                0x0000000000002648                spi_write_8bit_registers
 .text.spi_read_8bit_registers
                0x0000000000002702       0xe4 ./zf_driver/zf_driver_spi.o
                0x0000000000002702                spi_read_8bit_registers
 .text.spi_init
                0x00000000000027e6      0x2f0 ./zf_driver/zf_driver_spi.o
                0x00000000000027e6                spi_init
 .text.timer_funciton_check
                0x0000000000002ad6       0x66 ./zf_driver/zf_driver_timer.o
                0x0000000000002ad6                timer_funciton_check
 .text.timer_clock_enable
                0x0000000000002b3c       0xe2 ./zf_driver/zf_driver_timer.o
                0x0000000000002b3c                timer_clock_enable
 .text.timer_get
                0x0000000000002c1e       0xfe ./zf_driver/zf_driver_timer.o
                0x0000000000002c1e                timer_get
 .text.timer_clear
                0x0000000000002d1c       0xc4 ./zf_driver/zf_driver_timer.o
                0x0000000000002d1c                timer_clear
 .text.uart_write_byte
                0x0000000000002de0       0x56 ./zf_driver/zf_driver_uart.o
                0x0000000000002de0                uart_write_byte
 .text.uart_write_buffer
                0x0000000000002e36       0x64 ./zf_driver/zf_driver_uart.o
                0x0000000000002e36                uart_write_buffer
 .text.uart_write_string
                0x0000000000002e9a       0x60 ./zf_driver/zf_driver_uart.o
                0x0000000000002e9a                uart_write_string
 .text.uart_rx_interrupt
                0x0000000000002efa       0x84 ./zf_driver/zf_driver_uart.o
                0x0000000000002efa                uart_rx_interrupt
 .text.uart_query_byte
                0x0000000000002f7e       0x5e ./zf_driver/zf_driver_uart.o
                0x0000000000002f7e                uart_query_byte
 .text.uart_init
                0x0000000000002fdc      0x5a6 ./zf_driver/zf_driver_uart.o
                0x0000000000002fdc                uart_init
 .text.camera_fifo_init
                0x0000000000003582       0x22 ./zf_device/zf_device_camera.o
                0x0000000000003582                camera_fifo_init
 .text.dl1a_get_spad_info
                0x00000000000035a4      0x208 ./zf_device/zf_device_dl1a.o
 .text.dl1a_timeout_mclks_to_microseconds
                0x00000000000037ac       0x58 ./zf_device/zf_device_dl1a.o
 .text.dl1a_timeout_microseconds_to_mclks
                0x0000000000003804       0x54 ./zf_device/zf_device_dl1a.o
 .text.dl1a_decode_timeout
                0x0000000000003858       0x34 ./zf_device/zf_device_dl1a.o
 .text.dl1a_encode_timeout
                0x000000000000388c       0x7a ./zf_device/zf_device_dl1a.o
 .text.dl1a_get_sequence_step_enables
                0x0000000000003906       0x9e ./zf_device/zf_device_dl1a.o
 .text.dl1a_get_vcsel_pulse_period
                0x00000000000039a4       0x88 ./zf_device/zf_device_dl1a.o
 .text.dl1a_get_sequence_step_timeouts
                0x0000000000003a2c      0x192 ./zf_device/zf_device_dl1a.o
 .text.dl1a_perform_single_ref_calibration
                0x0000000000003bbe       0xce ./zf_device/zf_device_dl1a.o
 .text.dl1a_set_measurement_timing_budget
                0x0000000000003c8c      0x166 ./zf_device/zf_device_dl1a.o
 .text.dl1a_get_measurement_timing_budget
                0x0000000000003df2       0xb6 ./zf_device/zf_device_dl1a.o
 .text.dl1a_set_signal_rate_limit
                0x0000000000003ea8       0xa6 ./zf_device/zf_device_dl1a.o
 .text.dl1a_get_distance
                0x0000000000003f4e       0xa4 ./zf_device/zf_device_dl1a.o
                0x0000000000003f4e                dl1a_get_distance
 .text.dl1a_init
                0x0000000000003ff2      0x92e ./zf_device/zf_device_dl1a.o
                0x0000000000003ff2                dl1a_init
 .text.dm1xa_sound_callback
                0x0000000000004920       0xf2 ./zf_device/zf_device_dm1xa.o
                0x0000000000004920                dm1xa_sound_callback
 .text.dm1xa_light_callback
                0x0000000000004a12       0x32 ./zf_device/zf_device_dm1xa.o
                0x0000000000004a12                dm1xa_light_callback
 .text.gps_uart_callback
                0x0000000000004a44      0x10a ./zf_device/zf_device_gps_tau1201.o
                0x0000000000004a44                gps_uart_callback
 .text.imu660ra_write_register
                0x0000000000004b4e       0x52 ./zf_device/zf_device_imu660ra.o
 .text.imu660ra_write_registers
                0x0000000000004ba0       0x54 ./zf_device/zf_device_imu660ra.o
 .text.imu660ra_read_register
                0x0000000000004bf4       0x58 ./zf_device/zf_device_imu660ra.o
 .text.imu660ra_read_registers
                0x0000000000004c4c       0xa0 ./zf_device/zf_device_imu660ra.o
 .text.imu660ra_self_check
                0x0000000000004cec       0x6c ./zf_device/zf_device_imu660ra.o
 .text.imu660ra_get_acc
                0x0000000000004d58       0x80 ./zf_device/zf_device_imu660ra.o
                0x0000000000004d58                imu660ra_get_acc
 .text.imu660ra_get_gyro
                0x0000000000004dd8       0x80 ./zf_device/zf_device_imu660ra.o
                0x0000000000004dd8                imu660ra_get_gyro
 .text.imu660ra_init
                0x0000000000004e58      0x14c ./zf_device/zf_device_imu660ra.o
                0x0000000000004e58                imu660ra_init
 .text.mt9v03x_set_config
                0x0000000000004fa4      0x14c ./zf_device/zf_device_mt9v03x_dvp.o
 .text.mt9v03x_get_config
                0x00000000000050f0      0x174 ./zf_device/zf_device_mt9v03x_dvp.o
 .text.mt9v03x_uart_handler
                0x0000000000005264       0x44 ./zf_device/zf_device_mt9v03x_dvp.o
 .text.mt9v03x_dvp_handler
                0x00000000000052a8       0x14 ./zf_device/zf_device_mt9v03x_dvp.o
                0x00000000000052a8                mt9v03x_dvp_handler
 .text.mt9v03x_get_version
                0x00000000000052bc       0xda ./zf_device/zf_device_mt9v03x_dvp.o
                0x00000000000052bc                mt9v03x_get_version
 .text.mt9v03x_init
                0x0000000000005396      0x192 ./zf_device/zf_device_mt9v03x_dvp.o
                0x0000000000005396                mt9v03x_init
 .text.tft180_write_index
                0x0000000000005528       0x7c ./zf_device/zf_device_tft180.o
 .text.tft180_set_region
                0x00000000000055a4      0x1ee ./zf_device/zf_device_tft180.o
 .text.tft180_debug_init
                0x0000000000005792       0x86 ./zf_device/zf_device_tft180.o
 .text.tft180_clear
                0x0000000000005818       0x88 ./zf_device/zf_device_tft180.o
                0x0000000000005818                tft180_clear
 .text.tft180_full
                0x00000000000058a0       0x8e ./zf_device/zf_device_tft180.o
                0x00000000000058a0                tft180_full
 .text.tft180_set_dir
                0x000000000000592e       0x46 ./zf_device/zf_device_tft180.o
                0x000000000000592e                tft180_set_dir
 .text.tft180_set_color
                0x0000000000005974       0x2c ./zf_device/zf_device_tft180.o
                0x0000000000005974                tft180_set_color
 .text.tft180_draw_point
                0x00000000000059a0       0xb4 ./zf_device/zf_device_tft180.o
                0x00000000000059a0                tft180_draw_point
 .text.tft180_show_char
                0x0000000000005a54      0x29c ./zf_device/zf_device_tft180.o
                0x0000000000005a54                tft180_show_char
 .text.tft180_show_string
                0x0000000000005cf0      0x122 ./zf_device/zf_device_tft180.o
                0x0000000000005cf0                tft180_show_string
 .text.tft180_show_float
                0x0000000000005e12      0x1b6 ./zf_device/zf_device_tft180.o
                0x0000000000005e12                tft180_show_float
 .text.tft180_init
                0x0000000000005fc8      0x44e ./zf_device/zf_device_tft180.o
                0x0000000000005fc8                tft180_init
 .text.type_default_callback
                0x0000000000006416        0xe ./zf_device/zf_device_type.o
 .text.set_camera_type
                0x0000000000006424       0x52 ./zf_device/zf_device_type.o
                0x0000000000006424                set_camera_type
 .text.set_wireless_type
                0x0000000000006476       0x36 ./zf_device/zf_device_type.o
                0x0000000000006476                set_wireless_type
 .text.wireless_ch573_callback
                0x00000000000064ac       0x36 ./zf_device/zf_device_wireless_ch573.o
                0x00000000000064ac                wireless_ch573_callback
 .text.wireless_ch573_send_byte
                0x00000000000064e2       0x66 ./zf_device/zf_device_wireless_ch573.o
                0x00000000000064e2                wireless_ch573_send_byte
 .text.wireless_ch573_init
                0x0000000000006548       0x6c ./zf_device/zf_device_wireless_ch573.o
                0x0000000000006548                wireless_ch573_init
 .text.clock_reset
                0x00000000000065b4       0x76 ./zf_common/zf_common_clock.o
 .text.clock_set_freq
                0x000000000000662a      0x1d8 ./zf_common/zf_common_clock.o
 .text.clock_init
                0x0000000000006802       0x2e ./zf_common/zf_common_clock.o
                0x0000000000006802                clock_init
 .text.__NOP    0x0000000000006830       0x10 ./zf_common/zf_common_debug.o
 .text.debug_delay
                0x0000000000006840       0x54 ./zf_common/zf_common_debug.o
 .text.debug_protective_handler
                0x0000000000006894        0xe ./zf_common/zf_common_debug.o
 .text.debug_uart_str_output
                0x00000000000068a2       0x20 ./zf_common/zf_common_debug.o
 .text.debug_output
                0x00000000000068c2      0x564 ./zf_common/zf_common_debug.o
 .text._write   0x0000000000006e26       0x7c ./zf_common/zf_common_debug.o
                0x0000000000006e26                _write
 .text.debug_assert_handler
                0x0000000000006ea2       0x68 ./zf_common/zf_common_debug.o
                0x0000000000006ea2                debug_assert_handler
 .text.debug_log_handler
                0x0000000000006f0a       0x4e ./zf_common/zf_common_debug.o
                0x0000000000006f0a                debug_log_handler
 .text.debug_output_struct_init
                0x0000000000006f58       0x5a ./zf_common/zf_common_debug.o
                0x0000000000006f58                debug_output_struct_init
 .text.debug_output_init
                0x0000000000006fb2       0xa8 ./zf_common/zf_common_debug.o
                0x0000000000006fb2                debug_output_init
 .text.debug_init
                0x000000000000705a       0x4a ./zf_common/zf_common_debug.o
                0x000000000000705a                debug_init
 .text.fifo_head_offset
                0x00000000000070a4       0x4e ./zf_common/zf_common_fifo.o
 .text.fifo_end_offset
                0x00000000000070f2       0x4e ./zf_common/zf_common_fifo.o
 .text.fifo_clear
                0x0000000000007140      0x100 ./zf_common/zf_common_fifo.o
                0x0000000000007140                fifo_clear
 .text.fifo_used
                0x0000000000007240       0x44 ./zf_common/zf_common_fifo.o
                0x0000000000007240                fifo_used
 .text.fifo_write_element
                0x0000000000007284      0x118 ./zf_common/zf_common_fifo.o
                0x0000000000007284                fifo_write_element
 .text.fifo_write_buffer
                0x000000000000739c      0x304 ./zf_common/zf_common_fifo.o
                0x000000000000739c                fifo_write_buffer
 .text.fifo_read_buffer
                0x00000000000076a0      0x2e0 ./zf_common/zf_common_fifo.o
                0x00000000000076a0                fifo_read_buffer
 .text.fifo_init
                0x0000000000007980       0x96 ./zf_common/zf_common_fifo.o
                0x0000000000007980                fifo_init
 .text.func_float_to_str
                0x0000000000007a16      0x260 ./zf_common/zf_common_function.o
                0x0000000000007a16                func_float_to_str
 .text.__enable_irq
                0x0000000000007c76       0x18 ./zf_common/zf_common_interrupt.o
 .text.__disable_irq
                0x0000000000007c8e       0x14 ./zf_common/zf_common_interrupt.o
 .text.NVIC_EnableIRQ
                0x0000000000007ca2       0x32 ./zf_common/zf_common_interrupt.o
 .text.NVIC_DisableIRQ
                0x0000000000007cd4       0x32 ./zf_common/zf_common_interrupt.o
 .text.NVIC_SetPriority
                0x0000000000007d06       0x2a ./zf_common/zf_common_interrupt.o
 .text.interrupt_enable
                0x0000000000007d30       0x1e ./zf_common/zf_common_interrupt.o
                0x0000000000007d30                interrupt_enable
 .text.interrupt_disable
                0x0000000000007d4e       0x1e ./zf_common/zf_common_interrupt.o
                0x0000000000007d4e                interrupt_disable
 .text.interrupt_set_priority
                0x0000000000007d6c       0x2a ./zf_common/zf_common_interrupt.o
                0x0000000000007d6c                interrupt_set_priority
 .text.interrupt_global_enable
                0x0000000000007d96       0x32 ./zf_common/zf_common_interrupt.o
                0x0000000000007d96                interrupt_global_enable
 .text.interrupt_global_disable
                0x0000000000007dc8       0x2c ./zf_common/zf_common_interrupt.o
                0x0000000000007dc8                interrupt_global_disable
 .text.interrupt_init
                0x0000000000007df4       0x18 ./zf_common/zf_common_interrupt.o
                0x0000000000007df4                interrupt_init
 .text.USART1_IRQHandler
                0x0000000000007e0c       0x84 ./user_c/isr.o
                0x0000000000007e0c                USART1_IRQHandler
 .text.USART2_IRQHandler
                0x0000000000007e90       0x84 ./user_c/isr.o
                0x0000000000007e90                USART2_IRQHandler
 .text.USART3_IRQHandler
                0x0000000000007f14       0x84 ./user_c/isr.o
                0x0000000000007f14                USART3_IRQHandler
 .text.UART4_IRQHandler
                0x0000000000007f98       0x84 ./user_c/isr.o
                0x0000000000007f98                UART4_IRQHandler
 .text.UART5_IRQHandler
                0x000000000000801c       0x82 ./user_c/isr.o
                0x000000000000801c                UART5_IRQHandler
 .text.UART6_IRQHandler
                0x000000000000809e       0x84 ./user_c/isr.o
                0x000000000000809e                UART6_IRQHandler
 .text.UART7_IRQHandler
                0x0000000000008122       0x8a ./user_c/isr.o
                0x0000000000008122                UART7_IRQHandler
 .text.UART8_IRQHandler
                0x00000000000081ac       0x80 ./user_c/isr.o
                0x00000000000081ac                UART8_IRQHandler
 .text.DVP_IRQHandler
                0x000000000000822c       0x90 ./user_c/isr.o
                0x000000000000822c                DVP_IRQHandler
 .text.EXTI0_IRQHandler
                0x00000000000082bc       0x74 ./user_c/isr.o
                0x00000000000082bc                EXTI0_IRQHandler
 .text.EXTI1_IRQHandler
                0x0000000000008330       0x74 ./user_c/isr.o
                0x0000000000008330                EXTI1_IRQHandler
 .text.EXTI2_IRQHandler
                0x00000000000083a4       0x74 ./user_c/isr.o
                0x00000000000083a4                EXTI2_IRQHandler
 .text.EXTI3_IRQHandler
                0x0000000000008418       0x74 ./user_c/isr.o
                0x0000000000008418                EXTI3_IRQHandler
 .text.EXTI4_IRQHandler
                0x000000000000848c       0x74 ./user_c/isr.o
                0x000000000000848c                EXTI4_IRQHandler
 .text.EXTI9_5_IRQHandler
                0x0000000000008500       0xd8 ./user_c/isr.o
                0x0000000000008500                EXTI9_5_IRQHandler
 .text.EXTI15_10_IRQHandler
                0x00000000000085d8       0xec ./user_c/isr.o
                0x00000000000085d8                EXTI15_10_IRQHandler
 .text.TIM1_UP_IRQHandler
                0x00000000000086c4       0x80 ./user_c/isr.o
                0x00000000000086c4                TIM1_UP_IRQHandler
 .text.TIM2_IRQHandler
                0x0000000000008744       0x78 ./user_c/isr.o
                0x0000000000008744                TIM2_IRQHandler
 .text.TIM3_IRQHandler
                0x00000000000087bc       0x80 ./user_c/isr.o
                0x00000000000087bc                TIM3_IRQHandler
 .text.TIM4_IRQHandler
                0x000000000000883c       0x80 ./user_c/isr.o
                0x000000000000883c                TIM4_IRQHandler
 .text.TIM5_IRQHandler
                0x00000000000088bc       0x80 ./user_c/isr.o
                0x00000000000088bc                TIM5_IRQHandler
 .text.TIM6_IRQHandler
                0x000000000000893c       0x78 ./user_c/isr.o
                0x000000000000893c                TIM6_IRQHandler
 .text.TIM7_IRQHandler
                0x00000000000089b4      0x106 ./user_c/isr.o
                0x00000000000089b4                TIM7_IRQHandler
 .text.TIM8_UP_IRQHandler
                0x0000000000008aba       0x80 ./user_c/isr.o
                0x0000000000008aba                TIM8_UP_IRQHandler
 .text.TIM9_UP_IRQHandler
                0x0000000000008b3a       0x80 ./user_c/isr.o
                0x0000000000008b3a                TIM9_UP_IRQHandler
 .text.TIM10_UP_IRQHandler
                0x0000000000008bba       0x78 ./user_c/isr.o
                0x0000000000008bba                TIM10_UP_IRQHandler
 .text.NMI_Handler
                0x0000000000008c32       0x10 ./user_c/isr.o
                0x0000000000008c32                NMI_Handler
 .text.HardFault_Handler
                0x0000000000008c42        0x8 ./user_c/isr.o
                0x0000000000008c42                HardFault_Handler
 .text.main     0x0000000000008c4a       0xa6 ./user_c/main.o
                0x0000000000008c4a                main
 .text.find_left
                0x0000000000008cf0       0xde ./user_c/main.o
                0x0000000000008cf0                find_left
 .text.find_right
                0x0000000000008dce       0xe4 ./user_c/main.o
                0x0000000000008dce                find_right
 .text.nitoushi_bianije
                0x0000000000008eb2       0x56 ./user_c/main.o
                0x0000000000008eb2                nitoushi_bianije
 .text.dengjucaiyang
                0x0000000000008f08       0x7e ./user_c/main.o
                0x0000000000008f08                dengjucaiyang
 .text.zhaojiaodian
                0x0000000000008f86       0xc2 ./user_c/main.o
                0x0000000000008f86                zhaojiaodian
 .text.feijidayizhi
                0x0000000000009048       0xc6 ./user_c/main.o
                0x0000000000009048                feijidayizhi
 .text.find_zhongxian
                0x000000000000910e      0x14e ./user_c/main.o
                0x000000000000910e                find_zhongxian
 .text.find_L_jiaodian
                0x000000000000925c      0x6ba ./user_c/main.o
                0x000000000000925c                find_L_jiaodian
 .text.Bijiaobianchang
                0x0000000000009916       0x74 ./user_c/main.o
                0x0000000000009916                Bijiaobianchang
 .text.zhongxianGuiyihua
                0x000000000000998a      0x7c4 ./user_c/main.o
                0x000000000000998a                zhongxianGuiyihua
 .text.aim_distance_sport
                0x000000000000a14e       0x8e ./user_c/main.o
                0x000000000000a14e                aim_distance_sport
 .text.TELL     0x000000000000a1dc      0x13a ./user_c/main.o
                0x000000000000a1dc                TELL
 .text.vector_handler
                0x000000000000a316       0xbe ./sdk/Startup/startup_ch32v30x_D8C.o
                0x000000000000a31a                Ecall_M_Mode_Handler
                0x000000000000a31c                Ecall_U_Mode_Handler
                0x000000000000a31e                Break_Point_Handler
                0x000000000000a320                SysTick_Handler
                0x000000000000a322                SW_Handler
                0x000000000000a324                WWDG_IRQHandler
                0x000000000000a326                PVD_IRQHandler
                0x000000000000a328                TAMPER_IRQHandler
                0x000000000000a32a                RTC_IRQHandler
                0x000000000000a32c                FLASH_IRQHandler
                0x000000000000a32e                RCC_IRQHandler
                0x000000000000a33a                DMA1_Channel1_IRQHandler
                0x000000000000a33c                DMA1_Channel2_IRQHandler
                0x000000000000a33e                DMA1_Channel3_IRQHandler
                0x000000000000a340                DMA1_Channel4_IRQHandler
                0x000000000000a342                DMA1_Channel5_IRQHandler
                0x000000000000a344                DMA1_Channel6_IRQHandler
                0x000000000000a346                DMA1_Channel7_IRQHandler
                0x000000000000a348                ADC1_2_IRQHandler
                0x000000000000a34a                USB_HP_CAN1_TX_IRQHandler
                0x000000000000a34c                USB_LP_CAN1_RX0_IRQHandler
                0x000000000000a34e                CAN1_RX1_IRQHandler
                0x000000000000a350                CAN1_SCE_IRQHandler
                0x000000000000a354                TIM1_BRK_IRQHandler
                0x000000000000a358                TIM1_TRG_COM_IRQHandler
                0x000000000000a35a                TIM1_CC_IRQHandler
                0x000000000000a362                I2C1_EV_IRQHandler
                0x000000000000a364                I2C1_ER_IRQHandler
                0x000000000000a366                I2C2_EV_IRQHandler
                0x000000000000a368                I2C2_ER_IRQHandler
                0x000000000000a36a                SPI1_IRQHandler
                0x000000000000a36c                SPI2_IRQHandler
                0x000000000000a376                RTCAlarm_IRQHandler
                0x000000000000a378                USBWakeUp_IRQHandler
                0x000000000000a37a                TIM8_BRK_IRQHandler
                0x000000000000a37e                TIM8_TRG_COM_IRQHandler
                0x000000000000a380                TIM8_CC_IRQHandler
                0x000000000000a382                RNG_IRQHandler
                0x000000000000a384                FSMC_IRQHandler
                0x000000000000a386                SDIO_IRQHandler
                0x000000000000a38a                SPI3_IRQHandler
                0x000000000000a394                DMA2_Channel1_IRQHandler
                0x000000000000a396                DMA2_Channel2_IRQHandler
                0x000000000000a398                DMA2_Channel3_IRQHandler
                0x000000000000a39a                DMA2_Channel4_IRQHandler
                0x000000000000a39c                DMA2_Channel5_IRQHandler
                0x000000000000a39e                ETH_IRQHandler
                0x000000000000a3a0                ETH_WKUP_IRQHandler
                0x000000000000a3a2                CAN2_TX_IRQHandler
                0x000000000000a3a4                CAN2_RX0_IRQHandler
                0x000000000000a3a6                CAN2_RX1_IRQHandler
                0x000000000000a3a8                CAN2_SCE_IRQHandler
                0x000000000000a3ac                USBHSWakeup_IRQHandler
                0x000000000000a3ae                USBHS_IRQHandler
                0x000000000000a3b8                TIM9_BRK_IRQHandler
                0x000000000000a3bc                TIM9_TRG_COM_IRQHandler
                0x000000000000a3be                TIM9_CC_IRQHandler
                0x000000000000a3c0                TIM10_BRK_IRQHandler
                0x000000000000a3c4                TIM10_TRG_COM_IRQHandler
                0x000000000000a3c6                TIM10_CC_IRQHandler
                0x000000000000a3c8                DMA2_Channel6_IRQHandler
                0x000000000000a3ca                DMA2_Channel7_IRQHandler
                0x000000000000a3cc                DMA2_Channel8_IRQHandler
                0x000000000000a3ce                DMA2_Channel9_IRQHandler
                0x000000000000a3d0                DMA2_Channel10_IRQHandler
                0x000000000000a3d2                DMA2_Channel11_IRQHandler
 .text.handle_reset
                0x000000000000a3d4       0x8a ./sdk/Startup/startup_ch32v30x_D8C.o
                0x000000000000a3d4                handle_reset
 .text.ADC_DeInit
                0x000000000000a45e       0x60 ./sdk/Peripheral/ch32v30x_adc.o
                0x000000000000a45e                ADC_DeInit
 .text.ADC_Init
                0x000000000000a4be      0x102 ./sdk/Peripheral/ch32v30x_adc.o
                0x000000000000a4be                ADC_Init
 .text.ADC_Cmd  0x000000000000a5c0       0x3e ./sdk/Peripheral/ch32v30x_adc.o
                0x000000000000a5c0                ADC_Cmd
 .text.ADC_ResetCalibration
                0x000000000000a5fe       0x22 ./sdk/Peripheral/ch32v30x_adc.o
                0x000000000000a5fe                ADC_ResetCalibration
 .text.ADC_GetResetCalibrationStatus
                0x000000000000a620       0x30 ./sdk/Peripheral/ch32v30x_adc.o
                0x000000000000a620                ADC_GetResetCalibrationStatus
 .text.ADC_StartCalibration
                0x000000000000a650       0x22 ./sdk/Peripheral/ch32v30x_adc.o
                0x000000000000a650                ADC_StartCalibration
 .text.ADC_GetCalibrationStatus
                0x000000000000a672       0x30 ./sdk/Peripheral/ch32v30x_adc.o
                0x000000000000a672                ADC_GetCalibrationStatus
 .text.ADC_SoftwareStartConvCmd
                0x000000000000a6a2       0x44 ./sdk/Peripheral/ch32v30x_adc.o
                0x000000000000a6a2                ADC_SoftwareStartConvCmd
 .text.ADC_RegularChannelConfig
                0x000000000000a6e6      0x248 ./sdk/Peripheral/ch32v30x_adc.o
                0x000000000000a6e6                ADC_RegularChannelConfig
 .text.ADC_GetFlagStatus
                0x000000000000a92e       0x3a ./sdk/Peripheral/ch32v30x_adc.o
                0x000000000000a92e                ADC_GetFlagStatus
 .text.ADC_BufferCmd
                0x000000000000a968       0x44 ./sdk/Peripheral/ch32v30x_adc.o
                0x000000000000a968                ADC_BufferCmd
 .text.EXTI_GetITStatus
                0x000000000000a9ac       0x56 ./sdk/Peripheral/ch32v30x_exti.o
                0x000000000000a9ac                EXTI_GetITStatus
 .text.EXTI_ClearITPendingBit
                0x000000000000aa02       0x20 ./sdk/Peripheral/ch32v30x_exti.o
                0x000000000000aa02                EXTI_ClearITPendingBit
 .text.GPIO_Init
                0x000000000000aa22      0x22a ./sdk/Peripheral/ch32v30x_gpio.o
                0x000000000000aa22                GPIO_Init
 .text.GPIO_WriteBit
                0x000000000000ac4c       0x38 ./sdk/Peripheral/ch32v30x_gpio.o
                0x000000000000ac4c                GPIO_WriteBit
 .text.GPIO_PinRemapConfig
                0x000000000000ac84      0x1c8 ./sdk/Peripheral/ch32v30x_gpio.o
                0x000000000000ac84                GPIO_PinRemapConfig
 .text.RCC_ADCCLKConfig
                0x000000000000ae4c       0x46 ./sdk/Peripheral/ch32v30x_rcc.o
                0x000000000000ae4c                RCC_ADCCLKConfig
 .text.RCC_GetClocksFreq
                0x000000000000ae92      0x2c6 ./sdk/Peripheral/ch32v30x_rcc.o
                0x000000000000ae92                RCC_GetClocksFreq
 .text.RCC_AHBPeriphClockCmd
                0x000000000000b158       0x46 ./sdk/Peripheral/ch32v30x_rcc.o
                0x000000000000b158                RCC_AHBPeriphClockCmd
 .text.RCC_APB2PeriphClockCmd
                0x000000000000b19e       0x46 ./sdk/Peripheral/ch32v30x_rcc.o
                0x000000000000b19e                RCC_APB2PeriphClockCmd
 .text.RCC_APB1PeriphClockCmd
                0x000000000000b1e4       0x46 ./sdk/Peripheral/ch32v30x_rcc.o
                0x000000000000b1e4                RCC_APB1PeriphClockCmd
 .text.RCC_APB2PeriphResetCmd
                0x000000000000b22a       0x46 ./sdk/Peripheral/ch32v30x_rcc.o
                0x000000000000b22a                RCC_APB2PeriphResetCmd
 .text.RCC_APB1PeriphResetCmd
                0x000000000000b270       0x46 ./sdk/Peripheral/ch32v30x_rcc.o
                0x000000000000b270                RCC_APB1PeriphResetCmd
 .text.SPI_I2S_DeInit
                0x000000000000b2b6       0x76 ./sdk/Peripheral/ch32v30x_spi.o
                0x000000000000b2b6                SPI_I2S_DeInit
 .text.SPI_Init
                0x000000000000b32c       0xf8 ./sdk/Peripheral/ch32v30x_spi.o
                0x000000000000b32c                SPI_Init
 .text.SPI_Cmd  0x000000000000b424       0x5a ./sdk/Peripheral/ch32v30x_spi.o
                0x000000000000b424                SPI_Cmd
 .text.TIM_TimeBaseInit
                0x000000000000b47e      0x17e ./sdk/Peripheral/ch32v30x_tim.o
                0x000000000000b47e                TIM_TimeBaseInit
 .text.TIM_OC1Init
                0x000000000000b5fc      0x19c ./sdk/Peripheral/ch32v30x_tim.o
                0x000000000000b5fc                TIM_OC1Init
 .text.TIM_OC2Init
                0x000000000000b798      0x1e2 ./sdk/Peripheral/ch32v30x_tim.o
                0x000000000000b798                TIM_OC2Init
 .text.TIM_OC3Init
                0x000000000000b97a      0x1dc ./sdk/Peripheral/ch32v30x_tim.o
                0x000000000000b97a                TIM_OC3Init
 .text.TIM_OC4Init
                0x000000000000bb56      0x176 ./sdk/Peripheral/ch32v30x_tim.o
                0x000000000000bb56                TIM_OC4Init
 .text.TIM_TimeBaseStructInit
                0x000000000000bccc       0x3c ./sdk/Peripheral/ch32v30x_tim.o
                0x000000000000bccc                TIM_TimeBaseStructInit
 .text.TIM_Cmd  0x000000000000bd08       0x58 ./sdk/Peripheral/ch32v30x_tim.o
                0x000000000000bd08                TIM_Cmd
 .text.TIM_CtrlPWMOutputs
                0x000000000000bd60       0x60 ./sdk/Peripheral/ch32v30x_tim.o
                0x000000000000bd60                TIM_CtrlPWMOutputs
 .text.TIM_ITConfig
                0x000000000000bdc0       0x70 ./sdk/Peripheral/ch32v30x_tim.o
                0x000000000000bdc0                TIM_ITConfig
 .text.TIM_ITRxExternalClockConfig
                0x000000000000be30       0x46 ./sdk/Peripheral/ch32v30x_tim.o
                0x000000000000be30                TIM_ITRxExternalClockConfig
 .text.TIM_SelectInputTrigger
                0x000000000000be76       0x4e ./sdk/Peripheral/ch32v30x_tim.o
                0x000000000000be76                TIM_SelectInputTrigger
 .text.TIM_OC1PreloadConfig
                0x000000000000bec4       0x4c ./sdk/Peripheral/ch32v30x_tim.o
                0x000000000000bec4                TIM_OC1PreloadConfig
 .text.TIM_OC2PreloadConfig
                0x000000000000bf10       0x5a ./sdk/Peripheral/ch32v30x_tim.o
                0x000000000000bf10                TIM_OC2PreloadConfig
 .text.TIM_OC3PreloadConfig
                0x000000000000bf6a       0x4c ./sdk/Peripheral/ch32v30x_tim.o
                0x000000000000bf6a                TIM_OC3PreloadConfig
 .text.TIM_OC4PreloadConfig
                0x000000000000bfb6       0x5a ./sdk/Peripheral/ch32v30x_tim.o
                0x000000000000bfb6                TIM_OC4PreloadConfig
 .text.TIM_OC1FastConfig
                0x000000000000c010       0x4c ./sdk/Peripheral/ch32v30x_tim.o
                0x000000000000c010                TIM_OC1FastConfig
 .text.TIM_OC2FastConfig
                0x000000000000c05c       0x56 ./sdk/Peripheral/ch32v30x_tim.o
                0x000000000000c05c                TIM_OC2FastConfig
 .text.TIM_OC3FastConfig
                0x000000000000c0b2       0x4c ./sdk/Peripheral/ch32v30x_tim.o
                0x000000000000c0b2                TIM_OC3FastConfig
 .text.TIM_OC4FastConfig
                0x000000000000c0fe       0x56 ./sdk/Peripheral/ch32v30x_tim.o
                0x000000000000c0fe                TIM_OC4FastConfig
 .text.TIM_GetITStatus
                0x000000000000c154       0x70 ./sdk/Peripheral/ch32v30x_tim.o
                0x000000000000c154                TIM_GetITStatus
 .text.TIM_ClearITPendingBit
                0x000000000000c1c4       0x2e ./sdk/Peripheral/ch32v30x_tim.o
                0x000000000000c1c4                TIM_ClearITPendingBit
 .text.USART_Init
                0x000000000000c1f2      0x234 ./sdk/Peripheral/ch32v30x_usart.o
                0x000000000000c1f2                USART_Init
 .text.USART_Cmd
                0x000000000000c426       0x60 ./sdk/Peripheral/ch32v30x_usart.o
                0x000000000000c426                USART_Cmd
 .text.USART_ITConfig
                0x000000000000c486       0xc4 ./sdk/Peripheral/ch32v30x_usart.o
                0x000000000000c486                USART_ITConfig
 .text.USART_SendData
                0x000000000000c54a       0x2e ./sdk/Peripheral/ch32v30x_usart.o
                0x000000000000c54a                USART_SendData
 .text.USART_GetFlagStatus
                0x000000000000c578       0x46 ./sdk/Peripheral/ch32v30x_usart.o
                0x000000000000c578                USART_GetFlagStatus
 .text.USART_GetITStatus
                0x000000000000c5be      0x102 ./sdk/Peripheral/ch32v30x_usart.o
                0x000000000000c5be                USART_GetITStatus
 .text.USART_ClearITPendingBit
                0x000000000000c6c0       0x4e ./sdk/Peripheral/ch32v30x_usart.o
                0x000000000000c6c0                USART_ClearITPendingBit
 .text.DevEP1_IN_Deal
                0x000000000000c70e       0x3e ./sdk/Peripheral/ch32v30x_usbotg_device.o
                0x000000000000c70e                DevEP1_IN_Deal
 .text.DevEP2_IN_Deal
                0x000000000000c74c       0x3e ./sdk/Peripheral/ch32v30x_usbotg_device.o
                0x000000000000c74c                DevEP2_IN_Deal
 .text.DevEP1_OUT_Deal
                0x000000000000c78a       0x66 ./sdk/Peripheral/ch32v30x_usbotg_device.o
                0x000000000000c78a                DevEP1_OUT_Deal
 .text.DevEP2_OUT_Deal
                0x000000000000c7f0       0x66 ./sdk/Peripheral/ch32v30x_usbotg_device.o
                0x000000000000c7f0                DevEP2_OUT_Deal
 .text.OTG_FS_IRQHandler
                0x000000000000c856      0xcea ./sdk/Peripheral/ch32v30x_usbotg_device.o
                0x000000000000c856                OTG_FS_IRQHandler
 .text.Akeman_chasu
                0x000000000000d540      0x34a ./code/Control.o
                0x000000000000d540                Akeman_chasu
 .text.my_adapt_threshold
                0x000000000000d88a      0x41a ./code/DajinFa.o
                0x000000000000d88a                my_adapt_threshold
 .text.KEY_Add_int_16
                0x000000000000dca4       0x7c ./code/KEY.o
                0x000000000000dca4                KEY_Add_int_16
 .text.KEY_Add_int_1
                0x000000000000dd20       0x7c ./code/KEY.o
                0x000000000000dd20                KEY_Add_int_1
 .text.KEY_Reduce_int_1
                0x000000000000dd9c       0x72 ./code/KEY.o
                0x000000000000dd9c                KEY_Reduce_int_1
 .text.KEY_Add_float_1
                0x000000000000de0e       0x72 ./code/KEY.o
                0x000000000000de0e                KEY_Add_float_1
 .text.KEY_Reduce_float_1
                0x000000000000de80       0x72 ./code/KEY.o
                0x000000000000de80                KEY_Reduce_float_1
 .text.KEY_Add_float_0_1
                0x000000000000def2       0x84 ./code/KEY.o
                0x000000000000def2                KEY_Add_float_0_1
 .text.KEY_Reduce_float_0_1
                0x000000000000df76       0x84 ./code/KEY.o
                0x000000000000df76                KEY_Reduce_float_0_1
 .text.KEY_Add_float_0_01
                0x000000000000dffa       0x84 ./code/KEY.o
                0x000000000000dffa                KEY_Add_float_0_01
 .text.KEY_Reduce_float_0_01
                0x000000000000e07e       0x84 ./code/KEY.o
                0x000000000000e07e                KEY_Reduce_float_0_01
 .text.KEY_Add_float_0_5
                0x000000000000e102       0x72 ./code/KEY.o
                0x000000000000e102                KEY_Add_float_0_5
 .text.KEY_Reduce_float_0_5
                0x000000000000e174       0x72 ./code/KEY.o
                0x000000000000e174                KEY_Reduce_float_0_5
 .text.Page0    0x000000000000e1e6      0x23c ./code/Menu_2.0.o
                0x000000000000e1e6                Page0
 .text.PID_page
                0x000000000000e422      0x214 ./code/Menu_2.0.o
                0x000000000000e422                PID_page
 .text.Speed_page
                0x000000000000e636      0x148 ./code/Menu_2.0.o
                0x000000000000e636                Speed_page
 .text.chasu_page
                0x000000000000e77e      0x1ae ./code/Menu_2.0.o
                0x000000000000e77e                chasu_page
 .text.mode_page
                0x000000000000e92c      0x170 ./code/Menu_2.0.o
                0x000000000000e92c                mode_page
 .text.My_PID_WEIZHI
                0x000000000000ea9c      0x2f6 ./code/My_PID.o
                0x000000000000ea9c                My_PID_WEIZHI
 .text.get_total_encoder
                0x000000000000ed92       0x2e ./code/My_PID.o
                0x000000000000ed92                get_total_encoder
 .text.Speed_L_PID
                0x000000000000edc0       0xec ./code/My_PID.o
                0x000000000000edc0                Speed_L_PID
 .text.Speed_R_PID
                0x000000000000eeac       0xec ./code/My_PID.o
                0x000000000000eeac                Speed_R_PID
 .text.Erzhihua
                0x000000000000ef98       0xc0 ./code/My_huidu.o
                0x000000000000ef98                Erzhihua
 .text.dianji_control
                0x000000000000f058      0x36c ./code/PID.o
                0x000000000000f058                dianji_control
 .text.duoji_control
                0x000000000000f3c4      0x2f6 ./code/PID.o
                0x000000000000f3c4                duoji_control
 .text.check_far_L_point
                0x000000000000f6ba      0x940 ./code/TELL_shizi.o
                0x000000000000f6ba                check_far_L_point
 .text.check_cross
                0x000000000000fffa      0x176 ./code/TELL_shizi.o
                0x000000000000fffa                check_cross
 .text.run_cross
                0x0000000000010170      0x132 ./code/TELL_shizi.o
                0x0000000000010170                run_cross
 .text.check_banmaxian0
                0x00000000000102a2      0x118 ./code/TELL_shizi.o
                0x00000000000102a2                check_banmaxian0
 .text.check_banmaxian1
                0x00000000000103ba      0x10c ./code/TELL_shizi.o
                0x00000000000103ba                check_banmaxian1
 .text.check_ruku
                0x00000000000104c6      0x1f2 ./code/TELL_shizi.o
                0x00000000000104c6                check_ruku
 .text.run_ruku
                0x00000000000106b8       0xfe ./code/TELL_shizi.o
                0x00000000000106b8                run_ruku
 .text.check_bianjie_H
                0x00000000000107b6       0xfc ./code/TELL_shizi.o
                0x00000000000107b6                check_bianjie_H
 .text.check_duanlu2
                0x00000000000108b2       0xbc ./code/TELL_shizi.o
                0x00000000000108b2                check_duanlu2
 .text.run_duanlu
                0x000000000001096e       0xea ./code/TELL_shizi.o
                0x000000000001096e                run_duanlu
 .text.check_circle
                0x0000000000010a58      0x19c ./code/Yuan_huan.o
                0x0000000000010a58                check_circle
 .text.run_circle
                0x0000000000010bf4      0x34e ./code/Yuan_huan.o
                0x0000000000010bf4                run_circle
 .text.findline_lefthand_adaptive
                0x0000000000010f42      0x25a ./code/ZHONGXIAN.o
                0x0000000000010f42                findline_lefthand_adaptive
 .text.findline_righthand_adaptive
                0x000000000001119c      0x25a ./code/ZHONGXIAN.o
                0x000000000001119c                findline_righthand_adaptive
 .text.resample_points2_R
                0x00000000000113f6      0x314 ./code/ZHONGXIAN.o
                0x00000000000113f6                resample_points2_R
 .text.resample_points2_L
                0x000000000001170a      0x328 ./code/ZHONGXIAN.o
                0x000000000001170a                resample_points2_L
 .text.local_angle_points0
                0x0000000000011a32      0x26a ./code/ZHONGXIAN.o
                0x0000000000011a32                local_angle_points0
 .text.local_angle_points1
                0x0000000000011c9c      0x26a ./code/ZHONGXIAN.o
                0x0000000000011c9c                local_angle_points1
 .text.nms_angle0
                0x0000000000011f06       0xe2 ./code/ZHONGXIAN.o
                0x0000000000011f06                nms_angle0
 .text.nms_angle1
                0x0000000000011fe8       0xe2 ./code/ZHONGXIAN.o
                0x0000000000011fe8                nms_angle1
 .text.track_leftline
                0x00000000000120ca      0x274 ./code/ZHONGXIAN.o
                0x00000000000120ca                track_leftline
 .text.track_rightline
                0x000000000001233e      0x26e ./code/ZHONGXIAN.o
                0x000000000001233e                track_rightline
 .text.check_16point
                0x00000000000125ac       0xce ./code/ZHONGXIAN.o
                0x00000000000125ac                check_16point
 .text.check_far_whitepoint
                0x000000000001267a       0x76 ./code/ZHONGXIAN.o
                0x000000000001267a                check_far_whitepoint
 .text.check_chongdian
                0x00000000000126f0       0x14 ./code/charge.o
                0x00000000000126f0                check_chongdian
 .text.run_chongdian2
                0x0000000000012704      0x114 ./code/charge.o
                0x0000000000012704                run_chongdian2
 .text.Low_E_check
                0x0000000000012818       0x5e ./code/charge.o
                0x0000000000012818                Low_E_check
 .text.check_charge_low
                0x0000000000012876       0x2e ./code/charge.o
                0x0000000000012876                check_charge_low
 .text.run_charge_low
                0x00000000000128a4       0xce ./code/charge.o
                0x00000000000128a4                run_charge_low
 .text.diangan_guiyihua
                0x0000000000012972      0x612 ./code/dianci.o
                0x0000000000012972                diangan_guiyihua
 .text.chabihe  0x0000000000012f84      0x142 ./code/dianci.o
                0x0000000000012f84                chabihe
 .text.my_imu660ra_date_chuli
                0x00000000000130c6      0x1f2 ./code/icm20602_chuli.o
                0x00000000000130c6                my_imu660ra_date_chuli
 .text.Angle_add
                0x00000000000132b8      0x10c ./code/icm20602_chuli.o
                0x00000000000132b8                Angle_add
 .text.Angle_Get
                0x00000000000133c4       0x46 ./code/icm20602_chuli.o
                0x00000000000133c4                Angle_Get
 .text.Complementary
                0x000000000001340a       0xac ./code/icm20602_chuli.o
                0x000000000001340a                Complementary
 .text.imu_open
                0x00000000000134b6       0x1e ./code/icm20602_chuli.o
                0x00000000000134b6                imu_open
 .text.Upper_computer_initialize
                0x00000000000134d4        0xe ./code/initialize.o
                0x00000000000134d4                Upper_computer_initialize
 .text.motor_initialize
                0x00000000000134e2       0x56 ./code/initialize.o
                0x00000000000134e2                motor_initialize
 .text.Servo_initialize
                0x0000000000013538       0x24 ./code/initialize.o
                0x0000000000013538                Servo_initialize
 .text.buzzer_initialize
                0x000000000001355c       0x20 ./code/initialize.o
                0x000000000001355c                buzzer_initialize
 .text.Encoder_initialize
                0x000000000001357c       0x32 ./code/initialize.o
                0x000000000001357c                Encoder_initialize
 .text.tft180_initialize
                0x00000000000135ae       0x16 ./code/initialize.o
                0x00000000000135ae                tft180_initialize
 .text.Camera_initialize
                0x00000000000135c4       0x16 ./code/initialize.o
                0x00000000000135c4                Camera_initialize
 .text.adc_initialize
                0x00000000000135da       0x4e ./code/initialize.o
                0x00000000000135da                adc_initialize
 .text.timer_initialize
                0x0000000000013628       0x2c ./code/initialize.o
                0x0000000000013628                timer_initialize
 .text.key_initialize
                0x0000000000013654       0x9c ./code/initialize.o
                0x0000000000013654                key_initialize
 .text.imu660ra_initialize
                0x00000000000136f0       0x16 ./code/initialize.o
                0x00000000000136f0                imu660ra_initialize
 .text.tof_initialize
                0x0000000000013706       0x16 ./code/initialize.o
                0x0000000000013706                tof_initialize
 .text.ch573_initialize
                0x000000000001371c       0x16 ./code/initialize.o
                0x000000000001371c                ch573_initialize
 .text.all_initialize
                0x0000000000013732       0x46 ./code/initialize.o
                0x0000000000013732                all_initialize
 .text.image_perspective_corrective_Forward2
                0x0000000000013778       0xd8 ./code/nitoushi.o
                0x0000000000013778                image_perspective_corrective_Forward2
 .text.pit_handler
                0x0000000000013850       0x46 ./code/tof.o
                0x0000000000013850                pit_handler
 .text.clip     0x0000000000013896       0x3a ./code/utils.o
                0x0000000000013896                clip
 .text.run_slope
                0x00000000000138d0       0xd0 ./code/zhangai.o
                0x00000000000138d0                run_slope
 .text.run_luzhang_RIGHT
                0x00000000000139a0      0x146 ./code/zhangai.o
                0x00000000000139a0                run_luzhang_RIGHT
 .text.run_luzhang_LEFT
                0x0000000000013ae6      0x154 ./code/zhangai.o
                0x0000000000013ae6                run_luzhang_LEFT
 .text.check_zhangai
                0x0000000000013c3a       0xe0 ./code/zhangai.o
                0x0000000000013c3a                check_zhangai
 .text.round    0x0000000000013d1a       0xc6 d:/mounriver/mounriver_studio/toolchain/risc-v embedded gcc/bin/../lib/gcc/riscv-none-embed/8.2.0/../../../../riscv-none-embed/lib/rv32imafc/ilp32f\libm.a(lib_a-s_round.o)
                0x0000000000013d1a                round
 .text.tan      0x0000000000013de0       0x5e d:/mounriver/mounriver_studio/toolchain/risc-v embedded gcc/bin/../lib/gcc/riscv-none-embed/8.2.0/../../../../riscv-none-embed/lib/rv32imafc/ilp32f\libm.a(lib_a-s_tan.o)
                0x0000000000013de0                tan
 .text.atanf    0x0000000000013e3e      0x204 d:/mounriver/mounriver_studio/toolchain/risc-v embedded gcc/bin/../lib/gcc/riscv-none-embed/8.2.0/../../../../riscv-none-embed/lib/rv32imafc/ilp32f\libm.a(lib_a-sf_atan.o)
                0x0000000000013e3e                atanf
 .text.fabsf    0x0000000000014042        0xe d:/mounriver/mounriver_studio/toolchain/risc-v embedded gcc/bin/../lib/gcc/riscv-none-embed/8.2.0/../../../../riscv-none-embed/lib/rv32imafc/ilp32f\libm.a(lib_a-sf_fabs.o)
                0x0000000000014042                fabsf
 .text.atan2    0x0000000000014050        0x2 d:/mounriver/mounriver_studio/toolchain/risc-v embedded gcc/bin/../lib/gcc/riscv-none-embed/8.2.0/../../../../riscv-none-embed/lib/rv32imafc/ilp32f\libm.a(lib_a-w_atan2.o)
                0x0000000000014050                atan2
 .text.pow      0x0000000000014052      0x324 d:/mounriver/mounriver_studio/toolchain/risc-v embedded gcc/bin/../lib/gcc/riscv-none-embed/8.2.0/../../../../riscv-none-embed/lib/rv32imafc/ilp32f\libm.a(lib_a-w_pow.o)
                0x0000000000014052                pow
 .text.sqrt     0x0000000000014376       0xba d:/mounriver/mounriver_studio/toolchain/risc-v embedded gcc/bin/../lib/gcc/riscv-none-embed/8.2.0/../../../../riscv-none-embed/lib/rv32imafc/ilp32f\libm.a(lib_a-w_sqrt.o)
                0x0000000000014376                sqrt
 .text.atan2f   0x0000000000014430        0x4 d:/mounriver/mounriver_studio/toolchain/risc-v embedded gcc/bin/../lib/gcc/riscv-none-embed/8.2.0/../../../../riscv-none-embed/lib/rv32imafc/ilp32f\libm.a(lib_a-wf_atan2.o)
                0x0000000000014430                atan2f
 .text.sqrtf    0x0000000000014434       0xa8 d:/mounriver/mounriver_studio/toolchain/risc-v embedded gcc/bin/../lib/gcc/riscv-none-embed/8.2.0/../../../../riscv-none-embed/lib/rv32imafc/ilp32f\libm.a(lib_a-wf_sqrt.o)
                0x0000000000014434                sqrtf
 .text.__ieee754_atan2
                0x00000000000144dc      0x1e4 d:/mounriver/mounriver_studio/toolchain/risc-v embedded gcc/bin/../lib/gcc/riscv-none-embed/8.2.0/../../../../riscv-none-embed/lib/rv32imafc/ilp32f\libm.a(lib_a-e_atan2.o)
                0x00000000000144dc                __ieee754_atan2
 .text.__ieee754_pow
                0x00000000000146c0      0xad8 d:/mounriver/mounriver_studio/toolchain/risc-v embedded gcc/bin/../lib/gcc/riscv-none-embed/8.2.0/../../../../riscv-none-embed/lib/rv32imafc/ilp32f\libm.a(lib_a-e_pow.o)
                0x00000000000146c0                __ieee754_pow
 .text.__ieee754_rem_pio2
                0x0000000000015198      0x466 d:/mounriver/mounriver_studio/toolchain/risc-v embedded gcc/bin/../lib/gcc/riscv-none-embed/8.2.0/../../../../riscv-none-embed/lib/rv32imafc/ilp32f\libm.a(lib_a-e_rem_pio2.o)
                0x0000000000015198                __ieee754_rem_pio2
 .text.__ieee754_sqrt
                0x00000000000155fe      0x1d6 d:/mounriver/mounriver_studio/toolchain/risc-v embedded gcc/bin/../lib/gcc/riscv-none-embed/8.2.0/../../../../riscv-none-embed/lib/rv32imafc/ilp32f\libm.a(lib_a-e_sqrt.o)
                0x00000000000155fe                __ieee754_sqrt
 .text.__ieee754_atan2f
                0x00000000000157d4      0x1c4 d:/mounriver/mounriver_studio/toolchain/risc-v embedded gcc/bin/../lib/gcc/riscv-none-embed/8.2.0/../../../../riscv-none-embed/lib/rv32imafc/ilp32f\libm.a(lib_a-ef_atan2.o)
                0x00000000000157d4                __ieee754_atan2f
 .text.__ieee754_sqrtf
                0x0000000000015998       0xcc d:/mounriver/mounriver_studio/toolchain/risc-v embedded gcc/bin/../lib/gcc/riscv-none-embed/8.2.0/../../../../riscv-none-embed/lib/rv32imafc/ilp32f\libm.a(lib_a-ef_sqrt.o)
                0x0000000000015998                __ieee754_sqrtf
 .text.__kernel_rem_pio2
                0x0000000000015a64      0x954 d:/mounriver/mounriver_studio/toolchain/risc-v embedded gcc/bin/../lib/gcc/riscv-none-embed/8.2.0/../../../../riscv-none-embed/lib/rv32imafc/ilp32f\libm.a(lib_a-k_rem_pio2.o)
                0x0000000000015a64                __kernel_rem_pio2
 .text.__kernel_tan
                0x00000000000163b8      0x3ae d:/mounriver/mounriver_studio/toolchain/risc-v embedded gcc/bin/../lib/gcc/riscv-none-embed/8.2.0/../../../../riscv-none-embed/lib/rv32imafc/ilp32f\libm.a(lib_a-k_tan.o)
                0x00000000000163b8                __kernel_tan
 .text.atan     0x0000000000016766      0x33a d:/mounriver/mounriver_studio/toolchain/risc-v embedded gcc/bin/../lib/gcc/riscv-none-embed/8.2.0/../../../../riscv-none-embed/lib/rv32imafc/ilp32f\libm.a(lib_a-s_atan.o)
                0x0000000000016766                atan
 .text.fabs     0x0000000000016aa0        0x6 d:/mounriver/mounriver_studio/toolchain/risc-v embedded gcc/bin/../lib/gcc/riscv-none-embed/8.2.0/../../../../riscv-none-embed/lib/rv32imafc/ilp32f\libm.a(lib_a-s_fabs.o)
                0x0000000000016aa0                fabs
 .text.finite   0x0000000000016aa6        0xe d:/mounriver/mounriver_studio/toolchain/risc-v embedded gcc/bin/../lib/gcc/riscv-none-embed/8.2.0/../../../../riscv-none-embed/lib/rv32imafc/ilp32f\libm.a(lib_a-s_finite.o)
                0x0000000000016aa6                finite
 .text.floor    0x0000000000016ab4      0x158 d:/mounriver/mounriver_studio/toolchain/risc-v embedded gcc/bin/../lib/gcc/riscv-none-embed/8.2.0/../../../../riscv-none-embed/lib/rv32imafc/ilp32f\libm.a(lib_a-s_floor.o)
                0x0000000000016ab4                floor
 .text.matherr  0x0000000000016c0c        0x4 d:/mounriver/mounriver_studio/toolchain/risc-v embedded gcc/bin/../lib/gcc/riscv-none-embed/8.2.0/../../../../riscv-none-embed/lib/rv32imafc/ilp32f\libm.a(lib_a-s_matherr.o)
                0x0000000000016c0c                matherr
 .text.nan      0x0000000000016c10        0xe d:/mounriver/mounriver_studio/toolchain/risc-v embedded gcc/bin/../lib/gcc/riscv-none-embed/8.2.0/../../../../riscv-none-embed/lib/rv32imafc/ilp32f\libm.a(lib_a-s_nan.o)
                0x0000000000016c10                nan
 .text.rint     0x0000000000016c1e      0x18c d:/mounriver/mounriver_studio/toolchain/risc-v embedded gcc/bin/../lib/gcc/riscv-none-embed/8.2.0/../../../../riscv-none-embed/lib/rv32imafc/ilp32f\libm.a(lib_a-s_rint.o)
                0x0000000000016c1e                rint
 .text.scalbn   0x0000000000016daa      0x140 d:/mounriver/mounriver_studio/toolchain/risc-v embedded gcc/bin/../lib/gcc/riscv-none-embed/8.2.0/../../../../riscv-none-embed/lib/rv32imafc/ilp32f\libm.a(lib_a-s_scalbn.o)
                0x0000000000016daa                scalbn
 .text.copysign
                0x0000000000016eea       0x16 d:/mounriver/mounriver_studio/toolchain/risc-v embedded gcc/bin/../lib/gcc/riscv-none-embed/8.2.0/../../../../riscv-none-embed/lib/rv32imafc/ilp32f\libm.a(lib_a-s_copysign.o)
                0x0000000000016eea                copysign
 .text.mt9v03x_write_word_sccb
                0x0000000000016f00       0x34 D:\移植后车代码\摄像头\libraries\zf_device\libzf_device_config.a(zf_device_config.o)
 .text.mt9v03x_set_config_sccb
                0x0000000000016f34      0x614 D:\移植后车代码\摄像头\libraries\zf_device\libzf_device_config.a(zf_device_config.o)
                0x0000000000016f34                mt9v03x_set_config_sccb
 .text.__adddf3
                0x0000000000017548      0xa0e d:/mounriver/mounriver_studio/toolchain/risc-v embedded gcc/bin/../lib/gcc/riscv-none-embed/8.2.0/rv32imafc/ilp32f\libgcc.a(adddf3.o)
                0x0000000000017548                __adddf3
 .text.__divdf3
                0x0000000000017f56      0x7ea d:/mounriver/mounriver_studio/toolchain/risc-v embedded gcc/bin/../lib/gcc/riscv-none-embed/8.2.0/rv32imafc/ilp32f\libgcc.a(divdf3.o)
                0x0000000000017f56                __divdf3
 .text.__eqdf2  0x0000000000018740       0x98 d:/mounriver/mounriver_studio/toolchain/risc-v embedded gcc/bin/../lib/gcc/riscv-none-embed/8.2.0/rv32imafc/ilp32f\libgcc.a(eqdf2.o)
                0x0000000000018740                __nedf2
                0x0000000000018740                __eqdf2
 .text.__gedf2  0x00000000000187d8       0xb6 d:/mounriver/mounriver_studio/toolchain/risc-v embedded gcc/bin/../lib/gcc/riscv-none-embed/8.2.0/rv32imafc/ilp32f\libgcc.a(gedf2.o)
                0x00000000000187d8                __gedf2
                0x00000000000187d8                __gtdf2
 .text.__ledf2  0x000000000001888e       0xb6 d:/mounriver/mounriver_studio/toolchain/risc-v embedded gcc/bin/../lib/gcc/riscv-none-embed/8.2.0/rv32imafc/ilp32f\libgcc.a(ledf2.o)
                0x000000000001888e                __ledf2
                0x000000000001888e                __ltdf2
 .text.__muldf3
                0x0000000000018944      0x656 d:/mounriver/mounriver_studio/toolchain/risc-v embedded gcc/bin/../lib/gcc/riscv-none-embed/8.2.0/rv32imafc/ilp32f\libgcc.a(muldf3.o)
                0x0000000000018944                __muldf3
 .text.__subdf3
                0x0000000000018f9a      0xa8c d:/mounriver/mounriver_studio/toolchain/risc-v embedded gcc/bin/../lib/gcc/riscv-none-embed/8.2.0/rv32imafc/ilp32f\libgcc.a(subdf3.o)
                0x0000000000018f9a                __subdf3
 .text.__unorddf2
                0x0000000000019a26       0x7c d:/mounriver/mounriver_studio/toolchain/risc-v embedded gcc/bin/../lib/gcc/riscv-none-embed/8.2.0/rv32imafc/ilp32f\libgcc.a(unorddf2.o)
                0x0000000000019a26                __unorddf2
 .text.__fixdfsi
                0x0000000000019aa2       0xd8 d:/mounriver/mounriver_studio/toolchain/risc-v embedded gcc/bin/../lib/gcc/riscv-none-embed/8.2.0/rv32imafc/ilp32f\libgcc.a(fixdfsi.o)
                0x0000000000019aa2                __fixdfsi
 .text.__fixunsdfsi
                0x0000000000019b7a       0x9e d:/mounriver/mounriver_studio/toolchain/risc-v embedded gcc/bin/../lib/gcc/riscv-none-embed/8.2.0/rv32imafc/ilp32f\libgcc.a(fixunsdfsi.o)
                0x0000000000019b7a                __fixunsdfsi
 .text.__floatsidf
                0x0000000000019c18       0x70 d:/mounriver/mounriver_studio/toolchain/risc-v embedded gcc/bin/../lib/gcc/riscv-none-embed/8.2.0/rv32imafc/ilp32f\libgcc.a(floatsidf.o)
                0x0000000000019c18                __floatsidf
 .text.__floatunsidf
                0x0000000000019c88       0x66 d:/mounriver/mounriver_studio/toolchain/risc-v embedded gcc/bin/../lib/gcc/riscv-none-embed/8.2.0/rv32imafc/ilp32f\libgcc.a(floatunsidf.o)
                0x0000000000019c88                __floatunsidf
 .text.__extendsfdf2
                0x0000000000019cee       0xe8 d:/mounriver/mounriver_studio/toolchain/risc-v embedded gcc/bin/../lib/gcc/riscv-none-embed/8.2.0/rv32imafc/ilp32f\libgcc.a(extendsfdf2.o)
                0x0000000000019cee                __extendsfdf2
 .text.__truncdfsf2
                0x0000000000019dd6      0x31e d:/mounriver/mounriver_studio/toolchain/risc-v embedded gcc/bin/../lib/gcc/riscv-none-embed/8.2.0/rv32imafc/ilp32f\libgcc.a(truncdfsf2.o)
                0x0000000000019dd6                __truncdfsf2
 .text.__clzsi2
                0x000000000001a0f4       0x76 d:/mounriver/mounriver_studio/toolchain/risc-v embedded gcc/bin/../lib/gcc/riscv-none-embed/8.2.0/rv32imafc/ilp32f\libgcc.a(_clzsi2.o)
                0x000000000001a0f4                __clzsi2
 .text.__errno  0x000000000001a16a        0x8 d:/mounriver/mounriver_studio/toolchain/risc-v embedded gcc/bin/../lib/gcc/riscv-none-embed/8.2.0/../../../../riscv-none-embed/lib/rv32imafc/ilp32f\libg_nano.a(lib_a-errno.o)
                0x000000000001a16a                __errno
 .text.memcpy   0x000000000001a172       0xb6 d:/mounriver/mounriver_studio/toolchain/risc-v embedded gcc/bin/../lib/gcc/riscv-none-embed/8.2.0/../../../../riscv-none-embed/lib/rv32imafc/ilp32f\libg_nano.a(lib_a-memcpy.o)
                0x000000000001a172                memcpy
 .text.__sfputc_r
                0x000000000001a228       0x2a d:/mounriver/mounriver_studio/toolchain/risc-v embedded gcc/bin/../lib/gcc/riscv-none-embed/8.2.0/../../../../riscv-none-embed/lib/rv32imafc/ilp32f\libg_nano.a(lib_a-nano-vfprintf.o)
 .text.__sfputs_r
                0x000000000001a252       0x44 d:/mounriver/mounriver_studio/toolchain/risc-v embedded gcc/bin/../lib/gcc/riscv-none-embed/8.2.0/../../../../riscv-none-embed/lib/rv32imafc/ilp32f\libg_nano.a(lib_a-nano-vfprintf.o)
                0x000000000001a252                __sfputs_r
 .text._vfprintf_r
                0x000000000001a296      0x29c d:/mounriver/mounriver_studio/toolchain/risc-v embedded gcc/bin/../lib/gcc/riscv-none-embed/8.2.0/../../../../riscv-none-embed/lib/rv32imafc/ilp32f\libg_nano.a(lib_a-nano-vfprintf.o)
                0x000000000001a296                _vfprintf_r
                0x000000000001a296                _vfiprintf_r
 .text.__cvt    0x000000000001a532       0xee d:/mounriver/mounriver_studio/toolchain/risc-v embedded gcc/bin/../lib/gcc/riscv-none-embed/8.2.0/../../../../riscv-none-embed/lib/rv32imafc/ilp32f\libg_nano.a(lib_a-nano-vfprintf_float.o)
                0x000000000001a532                __cvt
 .text.__exponent
                0x000000000001a620       0x8c d:/mounriver/mounriver_studio/toolchain/risc-v embedded gcc/bin/../lib/gcc/riscv-none-embed/8.2.0/../../../../riscv-none-embed/lib/rv32imafc/ilp32f\libg_nano.a(lib_a-nano-vfprintf_float.o)
                0x000000000001a620                __exponent
 .text._printf_float
                0x000000000001a6ac      0x4c4 d:/mounriver/mounriver_studio/toolchain/risc-v embedded gcc/bin/../lib/gcc/riscv-none-embed/8.2.0/../../../../riscv-none-embed/lib/rv32imafc/ilp32f\libg_nano.a(lib_a-nano-vfprintf_float.o)
                0x000000000001a6ac                _printf_float
 .text._printf_common
                0x000000000001ab70      0x10c d:/mounriver/mounriver_studio/toolchain/risc-v embedded gcc/bin/../lib/gcc/riscv-none-embed/8.2.0/../../../../riscv-none-embed/lib/rv32imafc/ilp32f\libg_nano.a(lib_a-nano-vfprintf_i.o)
                0x000000000001ab70                _printf_common
 .text._printf_i
                0x000000000001ac7c      0x2ac d:/mounriver/mounriver_studio/toolchain/risc-v embedded gcc/bin/../lib/gcc/riscv-none-embed/8.2.0/../../../../riscv-none-embed/lib/rv32imafc/ilp32f\libg_nano.a(lib_a-nano-vfprintf_i.o)
                0x000000000001ac7c                _printf_i
 .text.printf   0x000000000001af28       0x42 d:/mounriver/mounriver_studio/toolchain/risc-v embedded gcc/bin/../lib/gcc/riscv-none-embed/8.2.0/../../../../riscv-none-embed/lib/rv32imafc/ilp32f\libg_nano.a(lib_a-printf.o)
                0x000000000001af28                iprintf
                0x000000000001af28                printf
 .text.sprintf  0x000000000001af6a       0x46 d:/mounriver/mounriver_studio/toolchain/risc-v embedded gcc/bin/../lib/gcc/riscv-none-embed/8.2.0/../../../../riscv-none-embed/lib/rv32imafc/ilp32f\libg_nano.a(lib_a-sprintf.o)
                0x000000000001af6a                siprintf
                0x000000000001af6a                sprintf
 .text.strlen   0x000000000001afb0       0x12 d:/mounriver/mounriver_studio/toolchain/risc-v embedded gcc/bin/../lib/gcc/riscv-none-embed/8.2.0/../../../../riscv-none-embed/lib/rv32imafc/ilp32f\libg_nano.a(lib_a-strlen.o)
                0x000000000001afb0                strlen
 .text.strncmp  0x000000000001afc2       0x2c d:/mounriver/mounriver_studio/toolchain/risc-v embedded gcc/bin/../lib/gcc/riscv-none-embed/8.2.0/../../../../riscv-none-embed/lib/rv32imafc/ilp32f\libg_nano.a(lib_a-strncmp.o)
                0x000000000001afc2                strncmp
 .text.__swbuf_r
                0x000000000001afee       0xc6 d:/mounriver/mounriver_studio/toolchain/risc-v embedded gcc/bin/../lib/gcc/riscv-none-embed/8.2.0/../../../../riscv-none-embed/lib/rv32imafc/ilp32f\libg_nano.a(lib_a-wbuf.o)
                0x000000000001afee                __swbuf_r
 .text.__swsetup_r
                0x000000000001b0b4      0x112 d:/mounriver/mounriver_studio/toolchain/risc-v embedded gcc/bin/../lib/gcc/riscv-none-embed/8.2.0/../../../../riscv-none-embed/lib/rv32imafc/ilp32f\libg_nano.a(lib_a-wsetup.o)
                0x000000000001b0b4                __swsetup_r
 .text.quorem   0x000000000001b1c6      0x13a d:/mounriver/mounriver_studio/toolchain/risc-v embedded gcc/bin/../lib/gcc/riscv-none-embed/8.2.0/../../../../riscv-none-embed/lib/rv32imafc/ilp32f\libg_nano.a(lib_a-dtoa.o)
 .text._dtoa_r  0x000000000001b300      0xc04 d:/mounriver/mounriver_studio/toolchain/risc-v embedded gcc/bin/../lib/gcc/riscv-none-embed/8.2.0/../../../../riscv-none-embed/lib/rv32imafc/ilp32f\libg_nano.a(lib_a-dtoa.o)
                0x000000000001b300                _dtoa_r
 .text.__sflush_r
                0x000000000001bf04      0x13e d:/mounriver/mounriver_studio/toolchain/risc-v embedded gcc/bin/../lib/gcc/riscv-none-embed/8.2.0/../../../../riscv-none-embed/lib/rv32imafc/ilp32f\libg_nano.a(lib_a-fflush.o)
                0x000000000001bf04                __sflush_r
 .text._fflush_r
                0x000000000001c042       0x66 d:/mounriver/mounriver_studio/toolchain/risc-v embedded gcc/bin/../lib/gcc/riscv-none-embed/8.2.0/../../../../riscv-none-embed/lib/rv32imafc/ilp32f\libg_nano.a(lib_a-fflush.o)
                0x000000000001c042                _fflush_r
 .text.std      0x000000000001c0a8       0x6a d:/mounriver/mounriver_studio/toolchain/risc-v embedded gcc/bin/../lib/gcc/riscv-none-embed/8.2.0/../../../../riscv-none-embed/lib/rv32imafc/ilp32f\libg_nano.a(lib_a-findfp.o)
 .text._cleanup_r
                0x000000000001c112        0xa d:/mounriver/mounriver_studio/toolchain/risc-v embedded gcc/bin/../lib/gcc/riscv-none-embed/8.2.0/../../../../riscv-none-embed/lib/rv32imafc/ilp32f\libg_nano.a(lib_a-findfp.o)
                0x000000000001c112                _cleanup_r
 .text.__sfmoreglue
                0x000000000001c11c       0x48 d:/mounriver/mounriver_studio/toolchain/risc-v embedded gcc/bin/../lib/gcc/riscv-none-embed/8.2.0/../../../../riscv-none-embed/lib/rv32imafc/ilp32f\libg_nano.a(lib_a-findfp.o)
                0x000000000001c11c                __sfmoreglue
 .text.__sinit  0x000000000001c164       0x6c d:/mounriver/mounriver_studio/toolchain/risc-v embedded gcc/bin/../lib/gcc/riscv-none-embed/8.2.0/../../../../riscv-none-embed/lib/rv32imafc/ilp32f\libg_nano.a(lib_a-findfp.o)
                0x000000000001c164                __sinit
 .text.__sfp    0x000000000001c1d0       0xa0 d:/mounriver/mounriver_studio/toolchain/risc-v embedded gcc/bin/../lib/gcc/riscv-none-embed/8.2.0/../../../../riscv-none-embed/lib/rv32imafc/ilp32f\libg_nano.a(lib_a-findfp.o)
                0x000000000001c1d0                __sfp
 .text._fwalk_reent
                0x000000000001c270       0x6c d:/mounriver/mounriver_studio/toolchain/risc-v embedded gcc/bin/../lib/gcc/riscv-none-embed/8.2.0/../../../../riscv-none-embed/lib/rv32imafc/ilp32f\libg_nano.a(lib_a-fwalk.o)
                0x000000000001c270                _fwalk_reent
 .text._localeconv_r
                0x000000000001c2dc       0x18 d:/mounriver/mounriver_studio/toolchain/risc-v embedded gcc/bin/../lib/gcc/riscv-none-embed/8.2.0/../../../../riscv-none-embed/lib/rv32imafc/ilp32f\libg_nano.a(lib_a-localeconv.o)
                0x000000000001c2dc                _localeconv_r
 .text.__swhatbuf_r
                0x000000000001c2f4       0x5a d:/mounriver/mounriver_studio/toolchain/risc-v embedded gcc/bin/../lib/gcc/riscv-none-embed/8.2.0/../../../../riscv-none-embed/lib/rv32imafc/ilp32f\libg_nano.a(lib_a-makebuf.o)
                0x000000000001c2f4                __swhatbuf_r
 .text.__smakebuf_r
                0x000000000001c34e       0xa2 d:/mounriver/mounriver_studio/toolchain/risc-v embedded gcc/bin/../lib/gcc/riscv-none-embed/8.2.0/../../../../riscv-none-embed/lib/rv32imafc/ilp32f\libg_nano.a(lib_a-makebuf.o)
                0x000000000001c34e                __smakebuf_r
 .text.malloc   0x000000000001c3f0        0xc d:/mounriver/mounriver_studio/toolchain/risc-v embedded gcc/bin/../lib/gcc/riscv-none-embed/8.2.0/../../../../riscv-none-embed/lib/rv32imafc/ilp32f\libg_nano.a(lib_a-malloc.o)
                0x000000000001c3f0                malloc
 .text.memchr   0x000000000001c3fc       0x1a d:/mounriver/mounriver_studio/toolchain/risc-v embedded gcc/bin/../lib/gcc/riscv-none-embed/8.2.0/../../../../riscv-none-embed/lib/rv32imafc/ilp32f\libg_nano.a(lib_a-memchr.o)
                0x000000000001c3fc                memchr
 .text.memmove  0x000000000001c416       0x4a d:/mounriver/mounriver_studio/toolchain/risc-v embedded gcc/bin/../lib/gcc/riscv-none-embed/8.2.0/../../../../riscv-none-embed/lib/rv32imafc/ilp32f\libg_nano.a(lib_a-memmove.o)
                0x000000000001c416                memmove
 .text._Balloc  0x000000000001c460       0x88 d:/mounriver/mounriver_studio/toolchain/risc-v embedded gcc/bin/../lib/gcc/riscv-none-embed/8.2.0/../../../../riscv-none-embed/lib/rv32imafc/ilp32f\libg_nano.a(lib_a-mprec.o)
                0x000000000001c460                _Balloc
 .text._Bfree   0x000000000001c4e8       0x44 d:/mounriver/mounriver_studio/toolchain/risc-v embedded gcc/bin/../lib/gcc/riscv-none-embed/8.2.0/../../../../riscv-none-embed/lib/rv32imafc/ilp32f\libg_nano.a(lib_a-mprec.o)
                0x000000000001c4e8                _Bfree
 .text.__multadd
                0x000000000001c52c       0x98 d:/mounriver/mounriver_studio/toolchain/risc-v embedded gcc/bin/../lib/gcc/riscv-none-embed/8.2.0/../../../../riscv-none-embed/lib/rv32imafc/ilp32f\libg_nano.a(lib_a-mprec.o)
                0x000000000001c52c                __multadd
 .text.__hi0bits
                0x000000000001c5c4       0x46 d:/mounriver/mounriver_studio/toolchain/risc-v embedded gcc/bin/../lib/gcc/riscv-none-embed/8.2.0/../../../../riscv-none-embed/lib/rv32imafc/ilp32f\libg_nano.a(lib_a-mprec.o)
                0x000000000001c5c4                __hi0bits
 .text.__lo0bits
                0x000000000001c60a       0x6a d:/mounriver/mounriver_studio/toolchain/risc-v embedded gcc/bin/../lib/gcc/riscv-none-embed/8.2.0/../../../../riscv-none-embed/lib/rv32imafc/ilp32f\libg_nano.a(lib_a-mprec.o)
                0x000000000001c60a                __lo0bits
 .text.__i2b    0x000000000001c674       0x1c d:/mounriver/mounriver_studio/toolchain/risc-v embedded gcc/bin/../lib/gcc/riscv-none-embed/8.2.0/../../../../riscv-none-embed/lib/rv32imafc/ilp32f\libg_nano.a(lib_a-mprec.o)
                0x000000000001c674                __i2b
 .text.__multiply
                0x000000000001c690      0x144 d:/mounriver/mounriver_studio/toolchain/risc-v embedded gcc/bin/../lib/gcc/riscv-none-embed/8.2.0/../../../../riscv-none-embed/lib/rv32imafc/ilp32f\libg_nano.a(lib_a-mprec.o)
                0x000000000001c690                __multiply
 .text.__pow5mult
                0x000000000001c7d4       0xbe d:/mounriver/mounriver_studio/toolchain/risc-v embedded gcc/bin/../lib/gcc/riscv-none-embed/8.2.0/../../../../riscv-none-embed/lib/rv32imafc/ilp32f\libg_nano.a(lib_a-mprec.o)
                0x000000000001c7d4                __pow5mult
 .text.__lshift
                0x000000000001c892       0xce d:/mounriver/mounriver_studio/toolchain/risc-v embedded gcc/bin/../lib/gcc/riscv-none-embed/8.2.0/../../../../riscv-none-embed/lib/rv32imafc/ilp32f\libg_nano.a(lib_a-mprec.o)
                0x000000000001c892                __lshift
 .text.__mcmp   0x000000000001c960       0x32 d:/mounriver/mounriver_studio/toolchain/risc-v embedded gcc/bin/../lib/gcc/riscv-none-embed/8.2.0/../../../../riscv-none-embed/lib/rv32imafc/ilp32f\libg_nano.a(lib_a-mprec.o)
                0x000000000001c960                __mcmp
 .text.__mdiff  0x000000000001c992       0xf2 d:/mounriver/mounriver_studio/toolchain/risc-v embedded gcc/bin/../lib/gcc/riscv-none-embed/8.2.0/../../../../riscv-none-embed/lib/rv32imafc/ilp32f\libg_nano.a(lib_a-mprec.o)
                0x000000000001c992                __mdiff
 .text.__d2b    0x000000000001ca84       0xd4 d:/mounriver/mounriver_studio/toolchain/risc-v embedded gcc/bin/../lib/gcc/riscv-none-embed/8.2.0/../../../../riscv-none-embed/lib/rv32imafc/ilp32f\libg_nano.a(lib_a-mprec.o)
                0x000000000001ca84                __d2b
 .text._calloc_r
                0x000000000001cb58       0x26 d:/mounriver/mounriver_studio/toolchain/risc-v embedded gcc/bin/../lib/gcc/riscv-none-embed/8.2.0/../../../../riscv-none-embed/lib/rv32imafc/ilp32f\libg_nano.a(lib_a-nano-callocr.o)
                0x000000000001cb58                _calloc_r
 .text._free_r  0x000000000001cb7e       0xa6 d:/mounriver/mounriver_studio/toolchain/risc-v embedded gcc/bin/../lib/gcc/riscv-none-embed/8.2.0/../../../../riscv-none-embed/lib/rv32imafc/ilp32f\libg_nano.a(lib_a-nano-freer.o)
                0x000000000001cb7e                _free_r
 .text._malloc_r
                0x000000000001cc24       0xce d:/mounriver/mounriver_studio/toolchain/risc-v embedded gcc/bin/../lib/gcc/riscv-none-embed/8.2.0/../../../../riscv-none-embed/lib/rv32imafc/ilp32f\libg_nano.a(lib_a-nano-mallocr.o)
                0x000000000001cc24                _malloc_r
 .text._realloc_r
                0x000000000001ccf2       0x58 d:/mounriver/mounriver_studio/toolchain/risc-v embedded gcc/bin/../lib/gcc/riscv-none-embed/8.2.0/../../../../riscv-none-embed/lib/rv32imafc/ilp32f\libg_nano.a(lib_a-nano-reallocr.o)
                0x000000000001ccf2                _realloc_r
 .text.__ssputs_r
                0x000000000001cd4a       0xee d:/mounriver/mounriver_studio/toolchain/risc-v embedded gcc/bin/../lib/gcc/riscv-none-embed/8.2.0/../../../../riscv-none-embed/lib/rv32imafc/ilp32f\libg_nano.a(lib_a-nano-svfprintf.o)
                0x000000000001cd4a                __ssputs_r
 .text._svfprintf_r
                0x000000000001ce38      0x27e d:/mounriver/mounriver_studio/toolchain/risc-v embedded gcc/bin/../lib/gcc/riscv-none-embed/8.2.0/../../../../riscv-none-embed/lib/rv32imafc/ilp32f\libg_nano.a(lib_a-nano-svfprintf.o)
                0x000000000001ce38                _svfiprintf_r
                0x000000000001ce38                _svfprintf_r
 .text._sbrk_r  0x000000000001d0b6       0x30 d:/mounriver/mounriver_studio/toolchain/risc-v embedded gcc/bin/../lib/gcc/riscv-none-embed/8.2.0/../../../../riscv-none-embed/lib/rv32imafc/ilp32f\libg_nano.a(lib_a-sbrkr.o)
                0x000000000001d0b6                _sbrk_r
 .text.__sread  0x000000000001d0e6       0x30 d:/mounriver/mounriver_studio/toolchain/risc-v embedded gcc/bin/../lib/gcc/riscv-none-embed/8.2.0/../../../../riscv-none-embed/lib/rv32imafc/ilp32f\libg_nano.a(lib_a-stdio.o)
                0x000000000001d0e6                __sread
 .text.__swrite
                0x000000000001d116       0x4e d:/mounriver/mounriver_studio/toolchain/risc-v embedded gcc/bin/../lib/gcc/riscv-none-embed/8.2.0/../../../../riscv-none-embed/lib/rv32imafc/ilp32f\libg_nano.a(lib_a-stdio.o)
                0x000000000001d116                __swrite
 .text.__sseek  0x000000000001d164       0x36 d:/mounriver/mounriver_studio/toolchain/risc-v embedded gcc/bin/../lib/gcc/riscv-none-embed/8.2.0/../../../../riscv-none-embed/lib/rv32imafc/ilp32f\libg_nano.a(lib_a-stdio.o)
                0x000000000001d164                __sseek
 .text.__sclose
                0x000000000001d19a        0x6 d:/mounriver/mounriver_studio/toolchain/risc-v embedded gcc/bin/../lib/gcc/riscv-none-embed/8.2.0/../../../../riscv-none-embed/lib/rv32imafc/ilp32f\libg_nano.a(lib_a-stdio.o)
                0x000000000001d19a                __sclose
 .text._write_r
                0x000000000001d1a0       0x36 d:/mounriver/mounriver_studio/toolchain/risc-v embedded gcc/bin/../lib/gcc/riscv-none-embed/8.2.0/../../../../riscv-none-embed/lib/rv32imafc/ilp32f\libg_nano.a(lib_a-writer.o)
                0x000000000001d1a0                _write_r
 .text._close_r
                0x000000000001d1d6       0x30 d:/mounriver/mounriver_studio/toolchain/risc-v embedded gcc/bin/../lib/gcc/riscv-none-embed/8.2.0/../../../../riscv-none-embed/lib/rv32imafc/ilp32f\libg_nano.a(lib_a-closer.o)
                0x000000000001d1d6                _close_r
 .text._fstat_r
                0x000000000001d206       0x32 d:/mounriver/mounriver_studio/toolchain/risc-v embedded gcc/bin/../lib/gcc/riscv-none-embed/8.2.0/../../../../riscv-none-embed/lib/rv32imafc/ilp32f\libg_nano.a(lib_a-fstatr.o)
                0x000000000001d206                _fstat_r
 .text._isatty_r
                0x000000000001d238       0x30 d:/mounriver/mounriver_studio/toolchain/risc-v embedded gcc/bin/../lib/gcc/riscv-none-embed/8.2.0/../../../../riscv-none-embed/lib/rv32imafc/ilp32f\libg_nano.a(lib_a-isattyr.o)
                0x000000000001d238                _isatty_r
 .text._lseek_r
                0x000000000001d268       0x34 d:/mounriver/mounriver_studio/toolchain/risc-v embedded gcc/bin/../lib/gcc/riscv-none-embed/8.2.0/../../../../riscv-none-embed/lib/rv32imafc/ilp32f\libg_nano.a(lib_a-lseekr.o)
                0x000000000001d268                _lseek_r
 .text.__ascii_mbtowc
                0x000000000001d29c       0x3a d:/mounriver/mounriver_studio/toolchain/risc-v embedded gcc/bin/../lib/gcc/riscv-none-embed/8.2.0/../../../../riscv-none-embed/lib/rv32imafc/ilp32f\libg_nano.a(lib_a-mbtowc_r.o)
                0x000000000001d29c                __ascii_mbtowc
 .text.__malloc_lock
                0x000000000001d2d6        0x2 d:/mounriver/mounriver_studio/toolchain/risc-v embedded gcc/bin/../lib/gcc/riscv-none-embed/8.2.0/../../../../riscv-none-embed/lib/rv32imafc/ilp32f\libg_nano.a(lib_a-mlock.o)
                0x000000000001d2d6                __malloc_lock
 .text.__malloc_unlock
                0x000000000001d2d8        0x2 d:/mounriver/mounriver_studio/toolchain/risc-v embedded gcc/bin/../lib/gcc/riscv-none-embed/8.2.0/../../../../riscv-none-embed/lib/rv32imafc/ilp32f\libg_nano.a(lib_a-mlock.o)
                0x000000000001d2d8                __malloc_unlock
 .text._malloc_usable_size_r
                0x000000000001d2da       0x14 d:/mounriver/mounriver_studio/toolchain/risc-v embedded gcc/bin/../lib/gcc/riscv-none-embed/8.2.0/../../../../riscv-none-embed/lib/rv32imafc/ilp32f\libg_nano.a(lib_a-nano-msizer.o)
                0x000000000001d2da                _malloc_usable_size_r
 .text._read_r  0x000000000001d2ee       0x34 d:/mounriver/mounriver_studio/toolchain/risc-v embedded gcc/bin/../lib/gcc/riscv-none-embed/8.2.0/../../../../riscv-none-embed/lib/rv32imafc/ilp32f\libg_nano.a(lib_a-readr.o)
                0x000000000001d2ee                _read_r
 .text.__ascii_wctomb
                0x000000000001d322       0x20 d:/mounriver/mounriver_studio/toolchain/risc-v embedded gcc/bin/../lib/gcc/riscv-none-embed/8.2.0/../../../../riscv-none-embed/lib/rv32imafc/ilp32f\libg_nano.a(lib_a-wctomb_r.o)
                0x000000000001d322                __ascii_wctomb
 .text.__trunctfdf2
                0x000000000001d342      0x3d0 d:/mounriver/mounriver_studio/toolchain/risc-v embedded gcc/bin/../lib/gcc/riscv-none-embed/8.2.0/rv32imafc/ilp32f\libgcc.a(trunctfdf2.o)
                0x000000000001d342                __trunctfdf2
 .text._close   0x000000000001d712       0x10 d:/mounriver/mounriver_studio/toolchain/risc-v embedded gcc/bin/../lib/gcc/riscv-none-embed/8.2.0/../../../../riscv-none-embed/lib/rv32imafc/ilp32f\libnosys.a(close.o)
                0x000000000001d712                _close
 .text._fstat   0x000000000001d722       0x10 d:/mounriver/mounriver_studio/toolchain/risc-v embedded gcc/bin/../lib/gcc/riscv-none-embed/8.2.0/../../../../riscv-none-embed/lib/rv32imafc/ilp32f\libnosys.a(fstat.o)
                0x000000000001d722                _fstat
 .text._isatty  0x000000000001d732       0x10 d:/mounriver/mounriver_studio/toolchain/risc-v embedded gcc/bin/../lib/gcc/riscv-none-embed/8.2.0/../../../../riscv-none-embed/lib/rv32imafc/ilp32f\libnosys.a(isatty.o)
                0x000000000001d732                _isatty
 .text._lseek   0x000000000001d742       0x10 d:/mounriver/mounriver_studio/toolchain/risc-v embedded gcc/bin/../lib/gcc/riscv-none-embed/8.2.0/../../../../riscv-none-embed/lib/rv32imafc/ilp32f\libnosys.a(lseek.o)
                0x000000000001d742                _lseek
 .text._read    0x000000000001d752       0x10 d:/mounriver/mounriver_studio/toolchain/risc-v embedded gcc/bin/../lib/gcc/riscv-none-embed/8.2.0/../../../../riscv-none-embed/lib/rv32imafc/ilp32f\libnosys.a(read.o)
                0x000000000001d752                _read
 .text._sbrk    0x000000000001d762       0x24 d:/mounriver/mounriver_studio/toolchain/risc-v embedded gcc/bin/../lib/gcc/riscv-none-embed/8.2.0/../../../../riscv-none-embed/lib/rv32imafc/ilp32f\libnosys.a(sbrk.o)
                0x000000000001d762                _sbrk
 *(.rodata)
 *fill*         0x000000000001d786        0x2 
 .rodata        0x000000000001d788       0x3b ./zf_driver/zf_driver_adc.o
 *fill*         0x000000000001d7c3        0x1 
 .rodata        0x000000000001d7c4       0x3f ./zf_driver/zf_driver_encoder.o
 *fill*         0x000000000001d803        0x1 
 .rodata        0x000000000001d804       0x63 ./zf_driver/zf_driver_pit.o
 *fill*         0x000000000001d867        0x1 
 .rodata        0x000000000001d868       0x3b ./zf_driver/zf_driver_pwm.o
 *fill*         0x000000000001d8a3        0x1 
 .rodata        0x000000000001d8a4       0x40 ./zf_driver/zf_driver_soft_iic.o
 .rodata        0x000000000001d8e4       0x3b ./zf_driver/zf_driver_spi.o
 *fill*         0x000000000001d91f        0x1 
 .rodata        0x000000000001d920       0x3c ./zf_driver/zf_driver_uart.o
 *fill*         0x000000000001d95c        0x4 
 .rodata        0x000000000001d960       0x98 ./zf_device/zf_device_dl1a.o
 .rodata        0x000000000001d9f8        0x8 ./zf_device/zf_device_dm1xa.o
 .rodata        0x000000000001da00       0xf0 ./zf_device/zf_device_gps_tau1201.o
 .rodata        0x000000000001daf0       0x7c ./zf_device/zf_device_imu660ra.o
 .rodata        0x000000000001db6c       0x7a ./zf_device/zf_device_mt9v03x_dvp.o
 *fill*         0x000000000001dbe6        0x2 
 .rodata        0x000000000001dbe8       0x48 ./zf_device/zf_device_tft180.o
 .rodata        0x000000000001dc30       0x78 ./zf_common/zf_common_debug.o
 .rodata        0x000000000001dca8       0x3c ./zf_common/zf_common_fifo.o
 *fill*         0x000000000001dce4        0x4 
 .rodata        0x000000000001dce8       0x80 ./zf_common/zf_common_function.o
 .rodata        0x000000000001dd68       0xc8 ./user_c/main.o
 .rodata        0x000000000001de30       0x41 ./sdk/Peripheral/ch32v30x_usbotg_device.o
 *fill*         0x000000000001de71        0x7 
 .rodata        0x000000000001de78       0x18 ./code/Control.o
 .rodata        0x000000000001de90       0x10 ./code/DajinFa.o
 .rodata        0x000000000001dea0       0x28 ./code/KEY.o
 .rodata        0x000000000001dec8       0x59 ./code/Menu_2.0.o
 *fill*         0x000000000001df21        0x7 
 .rodata        0x000000000001df28       0x28 ./code/My_PID.o
 .rodata        0x000000000001df50       0x64 ./code/PID.o
 *fill*         0x000000000001dfb4        0x4 
 .rodata        0x000000000001dfb8       0x24 ./code/TELL_shizi.o
 .rodata        0x000000000001dfdc        0x8 ./code/Yuan_huan.o
 *fill*         0x000000000001dfe4        0x4 
 .rodata        0x000000000001dfe8       0x80 ./code/ZHONGXIAN.o
 .rodata        0x000000000001e068        0xc ./code/charge.o
 *fill*         0x000000000001e074        0x4 
 .rodata        0x000000000001e078       0x34 ./code/dianci.o
 *fill*         0x000000000001e0ac        0x4 